../CMSIS/core_cm0plus.h:733:22:__NVIC_EnableIRQ	16	static
../drivers/fsl_clock.h:639:20:CLOCK_EnableClock	24	static
../drivers/fsl_common.h:414:28:EnableIRQ	16	static
../drivers/fsl_port.h:346:20:PORT_SetPinMux	24	static
../drivers/fsl_port.h:415:20:PORT_SetPinInterruptConfig	24	static
../drivers/fsl_gpio.h:173:20:GPIO_PortSet	16	static
../drivers/fsl_gpio.h:184:20:GPIO_PortClear	16	static
../source/External_HW_Drivers/s2lp/s2lp.c:20:6:S2lp_SPI_Callback	16	static
../source/External_HW_Drivers/s2lp/s2lp.c:38:6:S2lp_Config_Power_Management	24	static
../source/External_HW_Drivers/s2lp/s2lp.c:74:7:s2lp_Get_Base_Center_Freq	32	static
../source/External_HW_Drivers/s2lp/s2lp.c:131:7:S2lp_Set_Base_Center_Freq	32	static
../source/External_HW_Drivers/s2lp/s2lp.c:192:6:s2lp_Set_Modulation_Type	32	static
../source/External_HW_Drivers/s2lp/s2lp.c:260:7:s2lp_Get_Modulation_Type	24	static
../source/External_HW_Drivers/s2lp/s2lp.c:275:6:s2lp_Set_DataRate	48	static
../source/External_HW_Drivers/s2lp/s2lp.c:343:8:s2lp_Get_DataRate	64	static
../source/External_HW_Drivers/s2lp/s2lp.c:407:6:s2lp_Set_Channel_Num	16	static
../source/External_HW_Drivers/s2lp/s2lp.c:417:7:s2lp_Get_Channel_Num	8	static
../source/External_HW_Drivers/s2lp/s2lp.c:426:6:s2lp_Set_Channel_Space	16	static
../source/External_HW_Drivers/s2lp/s2lp.c:436:7:s2lp_Get_Channel_Space	8	static
../source/External_HW_Drivers/s2lp/s2lp.c:445:7:S2lp_Get_Tx_Freq	40	static
../source/External_HW_Drivers/s2lp/s2lp.c:465:6:s2lp_Set_Tx_Power_Config	16	static
../source/External_HW_Drivers/s2lp/s2lp.c:476:7:s2lp_Get_Tx_Power_Config	8	static
../source/External_HW_Drivers/s2lp/s2lp.c:485:6:s2lp_Set_Tx_Packet_Length	16	static
../source/External_HW_Drivers/s2lp/s2lp.c:495:8:s2lp_Get_Tx_Packet_Length	16	static
../source/External_HW_Drivers/s2lp/s2lp.c:510:6:s2lp_Set_Src_Addr_Filt_Addr	16	static
../source/External_HW_Drivers/s2lp/s2lp.c:519:7:s2lp_Get_Src_Addr_Filt_Addr	8	static
../source/External_HW_Drivers/s2lp/s2lp.c:530:6:s2lp_Set_Address_Type_Packet_Filter	32	static
../source/External_HW_Drivers/s2lp/s2lp.c:544:6:s2lp_Enable_Ack_For_Tx_Packet	24	static
../source/External_HW_Drivers/s2lp/s2lp.c:558:6:s2lp_Disable_Ack_For_Tx_Packet	24	static
../source/External_HW_Drivers/s2lp/s2lp.c:572:7:s2lp_Get_CRC_Mode	24	static
../source/External_HW_Drivers/s2lp/s2lp.c:584:7:s2lp_Get_Tx_Source_Data_Mode	24	static
../source/External_HW_Drivers/s2lp/s2lp.c:597:6:s2lp_Load_Tx_FIFO	24	static
../source/External_HW_Drivers/s2lp/s2lp.c:611:6:s2lp_Retrieve_Rx_FIFO_Data	32	static
../source/External_HW_Drivers/s2lp/s2lp.c:625:7:s2lp_Set_Operating_State	32	static
../source/External_HW_Drivers/s2lp/s2lp.c:712:7:s2lp_Get_Operating_State	8	static
../source/External_HW_Drivers/s2lp/s2lp.c:722:8:s2lp_Check_IrqStatus	16	static
../source/External_HW_Drivers/s2lp/s2lp.c:745:6:S2lp_Init_Pinout	16	static
../source/External_HW_Drivers/s2lp/s2lp.c:779:6:S2lp_Enable_ShutDown_Mode	8	static
../source/External_HW_Drivers/s2lp/s2lp.c:788:6:S2lp_Disable_ShutDown_Mode	8	static
../source/External_HW_Drivers/s2lp/s2lp.c:797:6:S2lp_Init	24	static
../source/External_HW_Drivers/s2lp/s2lp.c:885:7:S2lp_Get_Register_Data_Read	8	static
../source/External_HW_Drivers/s2lp/s2lp.c:894:6:S2lp_Write_Register	16	static
../source/External_HW_Drivers/s2lp/s2lp.c:915:7:S2lp_Read_Register	16	static
../source/External_HW_Drivers/s2lp/s2lp.c:937:6:S2lp_Send_Command	16	static
../source/External_HW_Drivers/s2lp/s2lp.c:955:6:S2lp_Config_Interrupt	24	static
../source/External_HW_Drivers/s2lp/s2lp.c:978:7:S2lp_Operation_Finished	8	static
../source/External_HW_Drivers/s2lp/s2lp.c:987:6:s2lp_Set_Packet_Format_StAck	24	static
../source/External_HW_Drivers/s2lp/s2lp.c:1065:6:s2lp_Set_RadioStackPacket_Source_Address	16	static
../source/External_HW_Drivers/s2lp/s2lp.c:1074:6:s2lp_Set_RadioStackPacket_Destination_Address	16	static
../source/External_HW_Drivers/s2lp/s2lp.c:1081:6:s2_lp_TestDataRate_RC	8	static
../source/External_HW_Drivers/s2lp/s2lp.c:1092:7:s2lp_Get_Rx_Timer_Stop_Condition	16	static
../source/External_HW_Drivers/s2lp/s2lp.c:1109:6:s2lp_Set_Rx_Timer_Stop_Condition	32	static
../source/External_HW_Drivers/s2lp/s2lp.c:1139:6:s2lp_Start_Tx	8	static
../source/External_HW_Drivers/s2lp/s2lp.c:1151:6:s2lp_Test_Tx_RC	40	static
../source/External_HW_Drivers/s2lp/s2lp.c:1318:6:s2lp_Test_Rx_RC	176	static
../source/External_HW_Drivers/s2lp/s2lp.c:1507:6:S2lp_Test	8	static
../source/External_HW_Drivers/s2lp/s2lp.c:1518:6:PORTC_IRQHandler	8	static
