../CMSIS/core_cm0plus.h:733:22:__NVIC_EnableIRQ	16	static
../drivers/fsl_clock.h:639:20:CLOCK_EnableClock	24	static
../drivers/fsl_common.h:414:28:EnableIRQ	16	static
../drivers/fsl_port.h:243:20:PORT_SetPinConfig	32	static
../drivers/fsl_port.h:346:20:PORT_SetPinMux	24	static
../drivers/fsl_port.h:415:20:PORT_SetPinInterruptConfig	24	static
../drivers/fsl_gpio.h:173:20:GPIO_PortSet	16	static
../drivers/fsl_gpio.h:184:20:GPIO_PortClear	16	static
../source/External_HW_Drivers/s2lp/s2lp.c:38:6:S2lp_SPI_Callback	16	static
../source/External_HW_Drivers/s2lp/s2lp.c:56:6:S2lp_Config_Power_Management	16	static
../source/External_HW_Drivers/s2lp/s2lp.c:74:7:s2lp_Get_Base_Center_Freq	32	static
../source/External_HW_Drivers/s2lp/s2lp.c:131:7:S2lp_Set_Base_Center_Freq	56	static
../source/External_HW_Drivers/s2lp/s2lp.c:221:6:s2lp_Set_Modulation_Type	32	static
../source/External_HW_Drivers/s2lp/s2lp.c:289:7:s2lp_Get_Modulation_Type	24	static
../source/External_HW_Drivers/s2lp/s2lp.c:304:10:S2LPRadioComputeDatarate	80	static
../source/External_HW_Drivers/s2lp/s2lp.c:327:6:S2LPRadioSearchDatarateME	168	static
../source/External_HW_Drivers/s2lp/s2lp.c:366:6:s2lp_Set_PA_FC	32	static
../source/External_HW_Drivers/s2lp/s2lp.c:409:6:s2lp_Set_DataRate	80	static
../source/External_HW_Drivers/s2lp/s2lp.c:525:7:s2lp_Get_DataRate	48	static
../source/External_HW_Drivers/s2lp/s2lp.c:583:6:s2lp_Set_Channel_Num	16	static
../source/External_HW_Drivers/s2lp/s2lp.c:593:7:s2lp_Get_Channel_Num	8	static
../source/External_HW_Drivers/s2lp/s2lp.c:602:6:s2lp_Set_Channel_Space	16	static
../source/External_HW_Drivers/s2lp/s2lp.c:612:7:s2lp_Get_Channel_Space	8	static
../source/External_HW_Drivers/s2lp/s2lp.c:621:6:s2lp_Set_Tx_Power_Config	16	static
../source/External_HW_Drivers/s2lp/s2lp.c:632:7:s2lp_Get_Tx_Power_Config	8	static
../source/External_HW_Drivers/s2lp/s2lp.c:641:8:s2lp_Set_Packet_Length	32	static
../source/External_HW_Drivers/s2lp/s2lp.c:686:8:s2lp_Get_Tx_Packet_Length	16	static
../source/External_HW_Drivers/s2lp/s2lp.c:701:8:s2lp_Get_Received_Packet_Length	16	static
../source/External_HW_Drivers/s2lp/s2lp.c:753:6:s2lp_Set_Src_Addr_Filt_Addr	16	static
../source/External_HW_Drivers/s2lp/s2lp.c:762:7:s2lp_Get_Src_Addr_Filt_Addr	8	static
../source/External_HW_Drivers/s2lp/s2lp.c:773:6:s2lp_Set_Address_Type_Packet_Filter	32	static
../source/External_HW_Drivers/s2lp/s2lp.c:787:6:s2lp_Enable_Ack_For_Tx_Packet	24	static
../source/External_HW_Drivers/s2lp/s2lp.c:801:6:s2lp_Disable_Ack_For_Tx_Packet	24	static
../source/External_HW_Drivers/s2lp/s2lp.c:815:6:s2lp_EnableAutomaticACK_ifPacketReceived	24	static
../source/External_HW_Drivers/s2lp/s2lp.c:829:6:s2lp_DisableAutomaticACK_ifPacketReceived	24	static
../source/External_HW_Drivers/s2lp/s2lp.c:843:6:s2lp_Set_Tx_Retries_For_ACK	40	static
../source/External_HW_Drivers/s2lp/s2lp.c:868:7:s2lp_Get_Tx_Retries_For_ACK	8	static
../source/External_HW_Drivers/s2lp/s2lp.c:877:7:s2lp_Get_ReTxACK_Packets	8	static
../source/External_HW_Drivers/s2lp/s2lp.c:886:6:s2lp_Reset_ReTxACK_Packets	24	static
../source/External_HW_Drivers/s2lp/s2lp.c:899:7:s2lp_Get_CRC_Mode	24	static
../source/External_HW_Drivers/s2lp/s2lp.c:911:7:s2lp_Get_Tx_Source_Data_Mode	24	static
../source/External_HW_Drivers/s2lp/s2lp.c:924:6:s2lp_Load_Tx_FIFO	32	static
../source/External_HW_Drivers/s2lp/s2lp.c:939:6:s2lp_Retrieve_Rx_FIFO_Data	32	static
../source/External_HW_Drivers/s2lp/s2lp.c:953:7:s2lp_Get_Tx_FIFO_Elements	8	static
../source/External_HW_Drivers/s2lp/s2lp.c:962:7:s2lp_Get_Rx_FIFO_Elements	8	static
../source/External_HW_Drivers/s2lp/s2lp.c:971:7:s2lp_Set_Operating_State	32	static
../source/External_HW_Drivers/s2lp/s2lp.c:1058:7:s2lp_Get_Operating_State	8	static
../source/External_HW_Drivers/s2lp/s2lp.c:1068:6:s2lp_Clear_IrqStatus	8	static
../source/External_HW_Drivers/s2lp/s2lp.c:1080:8:s2lp_Check_IrqStatus	16	static
../source/External_HW_Drivers/s2lp/s2lp.c:1102:6:s2lp_Config_InterruptPin	16	static
../source/External_HW_Drivers/s2lp/s2lp.c:1115:6:S2lp_Init_Pinout	16	static
../source/External_HW_Drivers/s2lp/s2lp.c:1140:6:S2lp_Enable_ShutDown_Mode	8	static
../source/External_HW_Drivers/s2lp/s2lp.c:1149:6:S2lp_Disable_ShutDown_Mode	8	static
../source/External_HW_Drivers/s2lp/s2lp.c:1158:6:s2lp_default_settings	8	static
../source/External_HW_Drivers/s2lp/s2lp.c:1211:6:S2lp_Init	24	static
../source/External_HW_Drivers/s2lp/s2lp.c:1302:7:S2lp_Get_Register_Data_Read	8	static
../source/External_HW_Drivers/s2lp/s2lp.c:1311:6:S2lp_Write_Register	16	static
../source/External_HW_Drivers/s2lp/s2lp.c:1331:7:S2lp_Read_Register	16	static
../source/External_HW_Drivers/s2lp/s2lp.c:1353:6:S2lp_Send_Command	16	static
../source/External_HW_Drivers/s2lp/s2lp.c:1371:6:S2lp_Config_Interrupt	40	static
../source/External_HW_Drivers/s2lp/s2lp.c:1437:8:s2lp_Get_IRQ_Mask	24	static
../source/External_HW_Drivers/s2lp/s2lp.c:1461:7:S2lp_Operation_Finished	8	static
../source/External_HW_Drivers/s2lp/s2lp.c:1470:6:s2lp_Set_Packet_Format_BASIC	8	static
../source/External_HW_Drivers/s2lp/s2lp.c:1504:6:s2lp_Config_CSMACD	32	static
../source/External_HW_Drivers/s2lp/s2lp.c:1537:6:s2lp_Set_Packet_Format_StAck	24	static
../source/External_HW_Drivers/s2lp/s2lp.c:1585:6:s2lp_RCO_Calibration_Blocking	24	static
../source/External_HW_Drivers/s2lp/s2lp.c:1601:6:s2lp_Configure_LCD_Timer_For_Tx	24	static
../source/External_HW_Drivers/s2lp/s2lp.c:1637:6:s2lp_Configure_LCD_Timer_For_Rx	24	static
../source/External_HW_Drivers/s2lp/s2lp.c:1671:6:s2lp_start_LDC_Timer	24	static
../source/External_HW_Drivers/s2lp/s2lp.c:1687:6:s2lp_stop_LDC_Timer	24	static
../source/External_HW_Drivers/s2lp/s2lp.c:1700:6:s2lp_Configure_RxTimer	8	static
../source/External_HW_Drivers/s2lp/s2lp.c:1715:6:s2lp_Set_Source_Address	16	static
../source/External_HW_Drivers/s2lp/s2lp.c:1724:7:s2lp_Get_Source_Address	8	static
../source/External_HW_Drivers/s2lp/s2lp.c:1733:6:s2lp_Set_Destination_Address	16	static
../source/External_HW_Drivers/s2lp/s2lp.c:1742:7:s2lp_Get_Destination_Address	8	static
../source/External_HW_Drivers/s2lp/s2lp.c:1751:7:s2lp_Get_Packet_Received_Address	8	static
../source/External_HW_Drivers/s2lp/s2lp.c:1760:6:s2_lp_TestDataRate_RC	8	static
../source/External_HW_Drivers/s2lp/s2lp.c:1771:7:s2lp_Get_Rx_Timer_Stop_Condition	16	static
../source/External_HW_Drivers/s2lp/s2lp.c:1788:6:s2lp_Set_Rx_Timer_Stop_Condition	32	static
../source/External_HW_Drivers/s2lp/s2lp.c:1818:6:s2lp_Start_Tx	24	static
../source/External_HW_Drivers/s2lp/s2lp.c:1832:8:s2lp_GetPacketsTx	8	static
../source/External_HW_Drivers/s2lp/s2lp.c:1837:6:s2lp_ResetPacketsTx	8	static
../source/External_HW_Drivers/s2lp/s2lp.c:1843:6:S2lp_Test	8	static
../source/External_HW_Drivers/s2lp/s2lp.c:1854:7:s2lp_Get_PacketReceivedFlag	8	static
../source/External_HW_Drivers/s2lp/s2lp.c:1864:6:s2lp_Clear_PacketReceivedFlag	8	static
../source/External_HW_Drivers/s2lp/s2lp.c:1874:6:PORTC_IRQHandler	16	static
