../CMSIS/core_cm0plus.h:733:22:__NVIC_EnableIRQ	16	static
../drivers/fsl_clock.h:639:20:CLOCK_EnableClock	24	static
../drivers/fsl_common.h:414:28:EnableIRQ	16	static
../drivers/fsl_port.h:243:20:PORT_SetPinConfig	32	static
../drivers/fsl_port.h:346:20:PORT_SetPinMux	24	static
../drivers/fsl_port.h:415:20:PORT_SetPinInterruptConfig	24	static
../drivers/fsl_gpio.h:173:20:GPIO_PortSet	16	static
../drivers/fsl_gpio.h:184:20:GPIO_PortClear	16	static
../source/External_HW_Drivers/s2lp/s2lp.c:38:6:S2lp_SPI_Callback	16	static
../source/External_HW_Drivers/s2lp/s2lp.c:56:6:S2lp_Config_Power_Management	24	static
../source/External_HW_Drivers/s2lp/s2lp.c:93:7:s2lp_Get_Base_Center_Freq	32	static
../source/External_HW_Drivers/s2lp/s2lp.c:150:7:S2lp_Set_Base_Center_Freq	56	static
../source/External_HW_Drivers/s2lp/s2lp.c:240:6:s2lp_Set_Modulation_Type	32	static
../source/External_HW_Drivers/s2lp/s2lp.c:308:7:s2lp_Get_Modulation_Type	24	static
../source/External_HW_Drivers/s2lp/s2lp.c:323:6:s2lp_Set_DataRate	64	static
../source/External_HW_Drivers/s2lp/s2lp.c:411:7:s2lp_Get_DataRate	48	static
../source/External_HW_Drivers/s2lp/s2lp.c:469:6:s2lp_Set_Channel_Num	16	static
../source/External_HW_Drivers/s2lp/s2lp.c:479:7:s2lp_Get_Channel_Num	8	static
../source/External_HW_Drivers/s2lp/s2lp.c:488:6:s2lp_Set_Channel_Space	16	static
../source/External_HW_Drivers/s2lp/s2lp.c:498:7:s2lp_Get_Channel_Space	8	static
../source/External_HW_Drivers/s2lp/s2lp.c:507:6:s2lp_Set_Tx_Power_Config	16	static
../source/External_HW_Drivers/s2lp/s2lp.c:518:7:s2lp_Get_Tx_Power_Config	8	static
../source/External_HW_Drivers/s2lp/s2lp.c:527:6:s2lp_Set_Packet_Length	32	static
../source/External_HW_Drivers/s2lp/s2lp.c:557:8:s2lp_Get_Tx_Packet_Length	16	static
../source/External_HW_Drivers/s2lp/s2lp.c:572:8:s2lp_Get_Received_Packet_Length	24	static
../source/External_HW_Drivers/s2lp/s2lp.c:609:6:s2lp_Set_Src_Addr_Filt_Addr	16	static
../source/External_HW_Drivers/s2lp/s2lp.c:618:7:s2lp_Get_Src_Addr_Filt_Addr	8	static
../source/External_HW_Drivers/s2lp/s2lp.c:629:6:s2lp_Set_Address_Type_Packet_Filter	32	static
../source/External_HW_Drivers/s2lp/s2lp.c:643:6:s2lp_Enable_Ack_For_Tx_Packet	24	static
../source/External_HW_Drivers/s2lp/s2lp.c:657:6:s2lp_Disable_Ack_For_Tx_Packet	24	static
../source/External_HW_Drivers/s2lp/s2lp.c:671:7:s2lp_Get_CRC_Mode	24	static
../source/External_HW_Drivers/s2lp/s2lp.c:683:7:s2lp_Get_Tx_Source_Data_Mode	24	static
../source/External_HW_Drivers/s2lp/s2lp.c:696:6:s2lp_Load_Tx_FIFO	40	static
../source/External_HW_Drivers/s2lp/s2lp.c:731:6:s2lp_Retrieve_Rx_FIFO_Data	32	static
../source/External_HW_Drivers/s2lp/s2lp.c:745:7:s2lp_Get_Tx_FIFO_Elements	8	static
../source/External_HW_Drivers/s2lp/s2lp.c:754:7:s2lp_Get_Rx_FIFO_Elements	8	static
../source/External_HW_Drivers/s2lp/s2lp.c:763:7:s2lp_Set_Operating_State	32	static
../source/External_HW_Drivers/s2lp/s2lp.c:850:7:s2lp_Get_Operating_State	8	static
../source/External_HW_Drivers/s2lp/s2lp.c:860:6:s2lp_Clear_IrqStatus	8	static
../source/External_HW_Drivers/s2lp/s2lp.c:872:8:s2lp_Check_IrqStatus	16	static
../source/External_HW_Drivers/s2lp/s2lp.c:894:6:s2lp_Config_InterruptPin	16	static
../source/External_HW_Drivers/s2lp/s2lp.c:907:6:S2lp_Init_Pinout	16	static
../source/External_HW_Drivers/s2lp/s2lp.c:932:6:S2lp_Enable_ShutDown_Mode	8	static
../source/External_HW_Drivers/s2lp/s2lp.c:941:6:S2lp_Disable_ShutDown_Mode	8	static
../source/External_HW_Drivers/s2lp/s2lp.c:950:6:s2lp_default_settings	8	static
../source/External_HW_Drivers/s2lp/s2lp.c:1003:6:S2lp_Init	24	static
../source/External_HW_Drivers/s2lp/s2lp.c:1105:7:S2lp_Get_Register_Data_Read	8	static
../source/External_HW_Drivers/s2lp/s2lp.c:1114:6:S2lp_Write_Register	16	static
../source/External_HW_Drivers/s2lp/s2lp.c:1135:7:S2lp_Read_Register	16	static
../source/External_HW_Drivers/s2lp/s2lp.c:1157:6:S2lp_Send_Command	16	static
../source/External_HW_Drivers/s2lp/s2lp.c:1175:6:S2lp_Config_Interrupt	40	static
../source/External_HW_Drivers/s2lp/s2lp.c:1241:8:s2lp_Get_IRQ_Mask	24	static
../source/External_HW_Drivers/s2lp/s2lp.c:1265:7:S2lp_Operation_Finished	8	static
../source/External_HW_Drivers/s2lp/s2lp.c:1274:6:s2lp_Set_Packet_Format_BASIC	8	static
../source/External_HW_Drivers/s2lp/s2lp.c:1308:6:s2lp_Config_CSMACD	32	static
../source/External_HW_Drivers/s2lp/s2lp.c:1341:6:s2lp_Set_Packet_Format_StAck	24	static
../source/External_HW_Drivers/s2lp/s2lp.c:1384:6:s2lp_Set_Source_Address	16	static
../source/External_HW_Drivers/s2lp/s2lp.c:1393:7:s2lp_Get_Source_Address	8	static
../source/External_HW_Drivers/s2lp/s2lp.c:1402:6:s2lp_Set_Destination_Address	16	static
../source/External_HW_Drivers/s2lp/s2lp.c:1411:7:s2lp_Get_Destination_Address	8	static
../source/External_HW_Drivers/s2lp/s2lp.c:1420:7:s2lp_Get_Packet_Received_Address	8	static
../source/External_HW_Drivers/s2lp/s2lp.c:1429:6:s2_lp_TestDataRate_RC	8	static
../source/External_HW_Drivers/s2lp/s2lp.c:1440:7:s2lp_Get_Rx_Timer_Stop_Condition	16	static
../source/External_HW_Drivers/s2lp/s2lp.c:1457:6:s2lp_Set_Rx_Timer_Stop_Condition	32	static
../source/External_HW_Drivers/s2lp/s2lp.c:1487:6:s2lp_Start_Tx	24	static
../source/External_HW_Drivers/s2lp/s2lp.c:1501:8:s2lp_GetPacketsTx	8	static
../source/External_HW_Drivers/s2lp/s2lp.c:1506:6:s2lp_ResetPacketsTx	8	static
../source/External_HW_Drivers/s2lp/s2lp.c:1512:6:S2lp_Test	8	static
../source/External_HW_Drivers/s2lp/s2lp.c:1523:7:s2lp_Get_PacketReceivedFlag	8	static
../source/External_HW_Drivers/s2lp/s2lp.c:1533:6:s2lp_Clear_PacketReceivedFlag	8	static
../source/External_HW_Drivers/s2lp/s2lp.c:1543:6:PORTC_IRQHandler	16	static
