../CMSIS/core_cm0plus.h:733:22:__NVIC_EnableIRQ	16	static
../drivers/fsl_clock.h:639:20:CLOCK_EnableClock	24	static
../drivers/fsl_common.h:414:28:EnableIRQ	16	static
../drivers/fsl_port.h:243:20:PORT_SetPinConfig	32	static
../drivers/fsl_port.h:346:20:PORT_SetPinMux	24	static
../drivers/fsl_port.h:415:20:PORT_SetPinInterruptConfig	24	static
../drivers/fsl_gpio.h:173:20:GPIO_PortSet	16	static
../drivers/fsl_gpio.h:184:20:GPIO_PortClear	16	static
../source/External_HW_Drivers/s2lp/s2lp.c:38:6:S2lp_SPI_Callback	16	static
../source/External_HW_Drivers/s2lp/s2lp.c:56:6:S2lp_Config_Power_Management	24	static
../source/External_HW_Drivers/s2lp/s2lp.c:93:7:s2lp_Get_Base_Center_Freq	32	static
../source/External_HW_Drivers/s2lp/s2lp.c:150:7:S2lp_Set_Base_Center_Freq	56	static
../source/External_HW_Drivers/s2lp/s2lp.c:240:6:s2lp_Set_Modulation_Type	32	static
../source/External_HW_Drivers/s2lp/s2lp.c:308:7:s2lp_Get_Modulation_Type	24	static
../source/External_HW_Drivers/s2lp/s2lp.c:323:10:S2LPRadioComputeDatarate	80	static
../source/External_HW_Drivers/s2lp/s2lp.c:346:6:S2LPRadioSearchDatarateME	168	static
../source/External_HW_Drivers/s2lp/s2lp.c:385:6:s2lp_Set_PA_FC	32	static
../source/External_HW_Drivers/s2lp/s2lp.c:428:6:s2lp_Set_DataRate	80	static
../source/External_HW_Drivers/s2lp/s2lp.c:544:7:s2lp_Get_DataRate	48	static
../source/External_HW_Drivers/s2lp/s2lp.c:602:6:s2lp_Set_Channel_Num	16	static
../source/External_HW_Drivers/s2lp/s2lp.c:612:7:s2lp_Get_Channel_Num	8	static
../source/External_HW_Drivers/s2lp/s2lp.c:621:6:s2lp_Set_Channel_Space	16	static
../source/External_HW_Drivers/s2lp/s2lp.c:631:7:s2lp_Get_Channel_Space	8	static
../source/External_HW_Drivers/s2lp/s2lp.c:640:6:s2lp_Set_Tx_Power_Config	16	static
../source/External_HW_Drivers/s2lp/s2lp.c:651:7:s2lp_Get_Tx_Power_Config	8	static
../source/External_HW_Drivers/s2lp/s2lp.c:660:6:s2lp_Set_Packet_Length	32	static
../source/External_HW_Drivers/s2lp/s2lp.c:690:8:s2lp_Get_Tx_Packet_Length	16	static
../source/External_HW_Drivers/s2lp/s2lp.c:705:8:s2lp_Get_Received_Packet_Length	24	static
../source/External_HW_Drivers/s2lp/s2lp.c:742:6:s2lp_Set_Src_Addr_Filt_Addr	16	static
../source/External_HW_Drivers/s2lp/s2lp.c:751:7:s2lp_Get_Src_Addr_Filt_Addr	8	static
../source/External_HW_Drivers/s2lp/s2lp.c:762:6:s2lp_Set_Address_Type_Packet_Filter	32	static
../source/External_HW_Drivers/s2lp/s2lp.c:776:6:s2lp_Enable_Ack_For_Tx_Packet	24	static
../source/External_HW_Drivers/s2lp/s2lp.c:790:6:s2lp_Disable_Ack_For_Tx_Packet	24	static
../source/External_HW_Drivers/s2lp/s2lp.c:804:7:s2lp_Get_CRC_Mode	24	static
../source/External_HW_Drivers/s2lp/s2lp.c:816:7:s2lp_Get_Tx_Source_Data_Mode	24	static
../source/External_HW_Drivers/s2lp/s2lp.c:829:6:s2lp_Load_Tx_FIFO	40	static
../source/External_HW_Drivers/s2lp/s2lp.c:864:6:s2lp_Retrieve_Rx_FIFO_Data	32	static
../source/External_HW_Drivers/s2lp/s2lp.c:878:7:s2lp_Get_Tx_FIFO_Elements	8	static
../source/External_HW_Drivers/s2lp/s2lp.c:887:7:s2lp_Get_Rx_FIFO_Elements	8	static
../source/External_HW_Drivers/s2lp/s2lp.c:896:7:s2lp_Set_Operating_State	32	static
../source/External_HW_Drivers/s2lp/s2lp.c:983:7:s2lp_Get_Operating_State	8	static
../source/External_HW_Drivers/s2lp/s2lp.c:993:6:s2lp_Clear_IrqStatus	8	static
../source/External_HW_Drivers/s2lp/s2lp.c:1005:8:s2lp_Check_IrqStatus	16	static
../source/External_HW_Drivers/s2lp/s2lp.c:1027:6:s2lp_Config_InterruptPin	16	static
../source/External_HW_Drivers/s2lp/s2lp.c:1040:6:S2lp_Init_Pinout	16	static
../source/External_HW_Drivers/s2lp/s2lp.c:1065:6:S2lp_Enable_ShutDown_Mode	8	static
../source/External_HW_Drivers/s2lp/s2lp.c:1074:6:S2lp_Disable_ShutDown_Mode	8	static
../source/External_HW_Drivers/s2lp/s2lp.c:1083:6:s2lp_default_settings	8	static
../source/External_HW_Drivers/s2lp/s2lp.c:1136:6:S2lp_Init	24	static
../source/External_HW_Drivers/s2lp/s2lp.c:1238:7:S2lp_Get_Register_Data_Read	8	static
../source/External_HW_Drivers/s2lp/s2lp.c:1247:6:S2lp_Write_Register	16	static
../source/External_HW_Drivers/s2lp/s2lp.c:1268:7:S2lp_Read_Register	16	static
../source/External_HW_Drivers/s2lp/s2lp.c:1290:6:S2lp_Send_Command	16	static
../source/External_HW_Drivers/s2lp/s2lp.c:1308:6:S2lp_Config_Interrupt	40	static
../source/External_HW_Drivers/s2lp/s2lp.c:1374:8:s2lp_Get_IRQ_Mask	24	static
../source/External_HW_Drivers/s2lp/s2lp.c:1398:7:S2lp_Operation_Finished	8	static
../source/External_HW_Drivers/s2lp/s2lp.c:1407:6:s2lp_Set_Packet_Format_BASIC	8	static
../source/External_HW_Drivers/s2lp/s2lp.c:1441:6:s2lp_Config_CSMACD	32	static
../source/External_HW_Drivers/s2lp/s2lp.c:1474:6:s2lp_Set_Packet_Format_StAck	24	static
../source/External_HW_Drivers/s2lp/s2lp.c:1517:6:s2lp_Set_Source_Address	16	static
../source/External_HW_Drivers/s2lp/s2lp.c:1526:7:s2lp_Get_Source_Address	8	static
../source/External_HW_Drivers/s2lp/s2lp.c:1535:6:s2lp_Set_Destination_Address	16	static
../source/External_HW_Drivers/s2lp/s2lp.c:1544:7:s2lp_Get_Destination_Address	8	static
../source/External_HW_Drivers/s2lp/s2lp.c:1553:7:s2lp_Get_Packet_Received_Address	8	static
../source/External_HW_Drivers/s2lp/s2lp.c:1562:6:s2_lp_TestDataRate_RC	8	static
../source/External_HW_Drivers/s2lp/s2lp.c:1573:7:s2lp_Get_Rx_Timer_Stop_Condition	16	static
../source/External_HW_Drivers/s2lp/s2lp.c:1590:6:s2lp_Set_Rx_Timer_Stop_Condition	32	static
../source/External_HW_Drivers/s2lp/s2lp.c:1620:6:s2lp_Start_Tx	24	static
../source/External_HW_Drivers/s2lp/s2lp.c:1634:8:s2lp_GetPacketsTx	8	static
../source/External_HW_Drivers/s2lp/s2lp.c:1639:6:s2lp_ResetPacketsTx	8	static
../source/External_HW_Drivers/s2lp/s2lp.c:1645:6:S2lp_Test	8	static
../source/External_HW_Drivers/s2lp/s2lp.c:1656:7:s2lp_Get_PacketReceivedFlag	8	static
../source/External_HW_Drivers/s2lp/s2lp.c:1666:6:s2lp_Clear_PacketReceivedFlag	8	static
../source/External_HW_Drivers/s2lp/s2lp.c:1676:6:PORTC_IRQHandler	16	static
