../CMSIS/core_cm0plus.h:733:22:__NVIC_EnableIRQ	16	static
../drivers/fsl_clock.h:639:20:CLOCK_EnableClock	24	static
../drivers/fsl_common.h:414:28:EnableIRQ	16	static
../drivers/fsl_port.h:243:20:PORT_SetPinConfig	32	static
../drivers/fsl_port.h:346:20:PORT_SetPinMux	24	static
../drivers/fsl_port.h:415:20:PORT_SetPinInterruptConfig	24	static
../drivers/fsl_gpio.h:173:20:GPIO_PortSet	16	static
../drivers/fsl_gpio.h:184:20:GPIO_PortClear	16	static
../source/External_HW_Drivers/s2lp/s2lp.c:38:6:S2lp_SPI_Callback	16	static
../source/External_HW_Drivers/s2lp/s2lp.c:56:6:S2lp_Config_Power_Management	16	static
../source/External_HW_Drivers/s2lp/s2lp.c:74:7:s2lp_Get_Base_Center_Freq	32	static
../source/External_HW_Drivers/s2lp/s2lp.c:131:7:S2lp_Set_Base_Center_Freq	56	static
../source/External_HW_Drivers/s2lp/s2lp.c:221:6:s2lp_Set_Modulation_Type	32	static
../source/External_HW_Drivers/s2lp/s2lp.c:289:7:s2lp_Get_Modulation_Type	24	static
../source/External_HW_Drivers/s2lp/s2lp.c:304:10:S2LPRadioComputeDatarate	80	static
../source/External_HW_Drivers/s2lp/s2lp.c:327:6:S2LPRadioSearchDatarateME	168	static
../source/External_HW_Drivers/s2lp/s2lp.c:366:6:s2lp_Set_PA_FC	32	static
../source/External_HW_Drivers/s2lp/s2lp.c:409:6:s2lp_Set_DataRate	80	static
../source/External_HW_Drivers/s2lp/s2lp.c:525:7:s2lp_Get_DataRate	48	static
../source/External_HW_Drivers/s2lp/s2lp.c:583:6:s2lp_Set_Channel_Num	16	static
../source/External_HW_Drivers/s2lp/s2lp.c:593:7:s2lp_Get_Channel_Num	8	static
../source/External_HW_Drivers/s2lp/s2lp.c:602:6:s2lp_Set_Channel_Space	16	static
../source/External_HW_Drivers/s2lp/s2lp.c:612:7:s2lp_Get_Channel_Space	8	static
../source/External_HW_Drivers/s2lp/s2lp.c:621:6:s2lp_Set_Tx_Power_Config	16	static
../source/External_HW_Drivers/s2lp/s2lp.c:632:7:s2lp_Get_Tx_Power_Config	8	static
../source/External_HW_Drivers/s2lp/s2lp.c:641:8:s2lp_Set_Packet_Length	32	static
../source/External_HW_Drivers/s2lp/s2lp.c:686:8:s2lp_Get_Tx_Packet_Length	16	static
../source/External_HW_Drivers/s2lp/s2lp.c:701:8:s2lp_Get_Received_Packet_Length	16	static
../source/External_HW_Drivers/s2lp/s2lp.c:753:6:s2lp_Set_Src_Addr_Filt_Addr	16	static
../source/External_HW_Drivers/s2lp/s2lp.c:762:7:s2lp_Get_Src_Addr_Filt_Addr	8	static
../source/External_HW_Drivers/s2lp/s2lp.c:773:6:s2lp_Set_Address_Type_Packet_Filter	32	static
../source/External_HW_Drivers/s2lp/s2lp.c:787:6:s2lp_Enable_Ack_For_Tx_Packet	24	static
../source/External_HW_Drivers/s2lp/s2lp.c:801:6:s2lp_Disable_Ack_For_Tx_Packet	24	static
../source/External_HW_Drivers/s2lp/s2lp.c:815:6:s2lp_EnableAutomaticACK_ifPacketReceived	24	static
../source/External_HW_Drivers/s2lp/s2lp.c:829:6:s2lp_DisableAutomaticACK_ifPacketReceived	24	static
../source/External_HW_Drivers/s2lp/s2lp.c:843:6:s2lp_Set_Tx_Retries_For_ACK	40	static
../source/External_HW_Drivers/s2lp/s2lp.c:868:7:s2lp_Get_Tx_Retries_For_ACK	8	static
../source/External_HW_Drivers/s2lp/s2lp.c:877:7:s2lp_Get_ReTxACK_Packets	8	static
../source/External_HW_Drivers/s2lp/s2lp.c:886:7:s2lp_Get_CRC_Mode	24	static
../source/External_HW_Drivers/s2lp/s2lp.c:898:7:s2lp_Get_Tx_Source_Data_Mode	24	static
../source/External_HW_Drivers/s2lp/s2lp.c:911:6:s2lp_Load_Tx_FIFO	32	static
../source/External_HW_Drivers/s2lp/s2lp.c:926:6:s2lp_Retrieve_Rx_FIFO_Data	32	static
../source/External_HW_Drivers/s2lp/s2lp.c:940:7:s2lp_Get_Tx_FIFO_Elements	8	static
../source/External_HW_Drivers/s2lp/s2lp.c:949:7:s2lp_Get_Rx_FIFO_Elements	8	static
../source/External_HW_Drivers/s2lp/s2lp.c:958:7:s2lp_Set_Operating_State	32	static
../source/External_HW_Drivers/s2lp/s2lp.c:1045:7:s2lp_Get_Operating_State	8	static
../source/External_HW_Drivers/s2lp/s2lp.c:1055:6:s2lp_Clear_IrqStatus	8	static
../source/External_HW_Drivers/s2lp/s2lp.c:1067:8:s2lp_Check_IrqStatus	16	static
../source/External_HW_Drivers/s2lp/s2lp.c:1089:6:s2lp_Config_InterruptPin	16	static
../source/External_HW_Drivers/s2lp/s2lp.c:1102:6:S2lp_Init_Pinout	16	static
../source/External_HW_Drivers/s2lp/s2lp.c:1127:6:S2lp_Enable_ShutDown_Mode	8	static
../source/External_HW_Drivers/s2lp/s2lp.c:1136:6:S2lp_Disable_ShutDown_Mode	8	static
../source/External_HW_Drivers/s2lp/s2lp.c:1145:6:s2lp_default_settings	8	static
../source/External_HW_Drivers/s2lp/s2lp.c:1198:6:S2lp_Init	24	static
../source/External_HW_Drivers/s2lp/s2lp.c:1289:7:S2lp_Get_Register_Data_Read	8	static
../source/External_HW_Drivers/s2lp/s2lp.c:1298:6:S2lp_Write_Register	16	static
../source/External_HW_Drivers/s2lp/s2lp.c:1318:7:S2lp_Read_Register	16	static
../source/External_HW_Drivers/s2lp/s2lp.c:1340:6:S2lp_Send_Command	16	static
../source/External_HW_Drivers/s2lp/s2lp.c:1358:6:S2lp_Config_Interrupt	40	static
../source/External_HW_Drivers/s2lp/s2lp.c:1424:8:s2lp_Get_IRQ_Mask	24	static
../source/External_HW_Drivers/s2lp/s2lp.c:1448:7:S2lp_Operation_Finished	8	static
../source/External_HW_Drivers/s2lp/s2lp.c:1457:6:s2lp_Set_Packet_Format_BASIC	8	static
../source/External_HW_Drivers/s2lp/s2lp.c:1491:6:s2lp_Config_CSMACD	32	static
../source/External_HW_Drivers/s2lp/s2lp.c:1524:6:s2lp_Set_Packet_Format_StAck	24	static
../source/External_HW_Drivers/s2lp/s2lp.c:1572:6:s2lp_RCO_Calibration_Blocking	24	static
../source/External_HW_Drivers/s2lp/s2lp.c:1588:6:s2lp_Configure_LCD_Timer	24	static
../source/External_HW_Drivers/s2lp/s2lp.c:1622:6:s2lp_start_LDC_Timer	24	static
../source/External_HW_Drivers/s2lp/s2lp.c:1638:6:s2lp_stop_LDC_Timer	24	static
../source/External_HW_Drivers/s2lp/s2lp.c:1651:6:s2lp_Configure_RxTimer	8	static
../source/External_HW_Drivers/s2lp/s2lp.c:1666:6:s2lp_StartLDC_RxMode	8	static
../source/External_HW_Drivers/s2lp/s2lp.c:1693:6:s2lp_StartLDC_TxMode	8	static
../source/External_HW_Drivers/s2lp/s2lp.c:1720:6:s2lp_Set_Source_Address	16	static
../source/External_HW_Drivers/s2lp/s2lp.c:1729:7:s2lp_Get_Source_Address	8	static
../source/External_HW_Drivers/s2lp/s2lp.c:1738:6:s2lp_Set_Destination_Address	16	static
../source/External_HW_Drivers/s2lp/s2lp.c:1747:7:s2lp_Get_Destination_Address	8	static
../source/External_HW_Drivers/s2lp/s2lp.c:1756:7:s2lp_Get_Packet_Received_Address	8	static
../source/External_HW_Drivers/s2lp/s2lp.c:1765:6:s2_lp_TestDataRate_RC	8	static
../source/External_HW_Drivers/s2lp/s2lp.c:1776:7:s2lp_Get_Rx_Timer_Stop_Condition	16	static
../source/External_HW_Drivers/s2lp/s2lp.c:1793:6:s2lp_Set_Rx_Timer_Stop_Condition	32	static
../source/External_HW_Drivers/s2lp/s2lp.c:1823:6:s2lp_Start_Tx	24	static
../source/External_HW_Drivers/s2lp/s2lp.c:1837:8:s2lp_GetPacketsTx	8	static
../source/External_HW_Drivers/s2lp/s2lp.c:1842:6:s2lp_ResetPacketsTx	8	static
../source/External_HW_Drivers/s2lp/s2lp.c:1848:6:S2lp_Test	8	static
../source/External_HW_Drivers/s2lp/s2lp.c:1859:7:s2lp_Get_PacketReceivedFlag	8	static
../source/External_HW_Drivers/s2lp/s2lp.c:1869:6:s2lp_Clear_PacketReceivedFlag	8	static
../source/External_HW_Drivers/s2lp/s2lp.c:1879:6:PORTC_IRQHandler	16	static
