../CMSIS/core_cm0plus.h:733:22:__NVIC_EnableIRQ	16	static
../CMSIS/core_cm0plus.h:840:22:__NVIC_SetPriority	24	static
../drivers/fsl_clock.h:639:20:CLOCK_EnableClock	24	static
../drivers/fsl_port.h:346:20:PORT_SetPinMux	24	static
../drivers/fsl_gpio.h:173:20:GPIO_PortSet	16	static
../drivers/fsl_gpio.h:184:20:GPIO_PortClear	16	static
../source/MCU_Drivers/spi/spi.c:21:6:SPI_Init_PinOut	16	static
../source/MCU_Drivers/spi/spi.c:60:6:SPI_ConfigHW_SPI1	8	static
../source/MCU_Drivers/spi/spi.c:139:6:SPI_ConfigHW_SPI0	8	static
../source/MCU_Drivers/spi/spi.c:203:8:SPI_GetClockFrequency	40	static
../source/MCU_Drivers/spi/spi.c:234:8:SPI_GetStatusFlag	16	static
../source/MCU_Drivers/spi/spi.c:244:6:SPI_Enable_Module	16	static
../source/MCU_Drivers/spi/spi.c:253:6:SPI_System_Init	8	static
../source/MCU_Drivers/spi/spi.c:276:9:SPI_Send_And_Receive_Byte_Blocking	16	static
../source/MCU_Drivers/spi/spi.c:291:6:SPI_Send_NonBlocking	24	static
../source/MCU_Drivers/spi/spi.c:320:6:INTMUX0_0_IRQHandler	16	static
../source/MCU_Drivers/spi/spi.c:336:6:SPI1_IRQHandler	16	static
../source/MCU_Drivers/spi/spi.c:382:6:SPI0_IRQHandler	16	static
../source/MCU_Drivers/spi/spi.c:428:6:Enable_CS	16	static
../source/MCU_Drivers/spi/spi.c:445:6:Disable_CS	16	static
