../drivers/fsl_port.h:346:20:PORT_SetPinMux	24	static
../drivers/fsl_gpio.h:173:20:GPIO_PortSet	16	static
../source/External_HW_Drivers/mx25l128/mx25l128.c:22:6:mx25l128_SPI_Callback	16	static
../source/External_HW_Drivers/mx25l128/mx25l128.c:43:6:mx25l128_pinout_Init	16	static
../source/External_HW_Drivers/mx25l128/mx25l128.c:66:6:mx25l128_Init	8	static
../source/External_HW_Drivers/mx25l128/mx25l128.c:75:18:GetFlashID	16	static
../source/External_HW_Drivers/mx25l128/mx25l128.c:84:7:GetFlashStatus	8	static
../source/External_HW_Drivers/mx25l128/mx25l128.c:93:7:GetFlash_Security_Register	8	static
../source/External_HW_Drivers/mx25l128/mx25l128.c:102:7:mx25l128_CheckForOperationFinished	8	static
../source/External_HW_Drivers/mx25l128/mx25l128.c:111:6:mx25l128_Read_ID	8	static
../source/External_HW_Drivers/mx25l128/mx25l128.c:127:6:mx25l128_Read_Status	8	static
../source/External_HW_Drivers/mx25l128/mx25l128.c:144:6:mx25l128_Read_Security	8	static
../source/External_HW_Drivers/mx25l128/mx25l128.c:160:6:mx25l128_Write_Page	24	static
../source/External_HW_Drivers/mx25l128/mx25l128.c:189:6:mx25l128_Set_Write_Enable	8	static
../source/External_HW_Drivers/mx25l128/mx25l128.c:205:6:mx25l128_Disable_Write_Enable	8	static
../source/External_HW_Drivers/mx25l128/mx25l128.c:221:8:mx25l128_GetReadPage	8	static
../source/External_HW_Drivers/mx25l128/mx25l128.c:230:6:mx25l128_Read_Page	16	static
../source/External_HW_Drivers/mx25l128/mx25l128.c:249:6:mx25l128_Erase_Chip	8	static
../source/External_HW_Drivers/mx25l128/mx25l128.c:265:6:mx25l128_Erase_Sector	24	static
../source/External_HW_Drivers/mx25l128/mx25l128.c:292:6:mx25l128_Erase_64K_Block	24	static
../source/External_HW_Drivers/mx25l128/mx25l128.c:320:6:mx25l128_test	272	static
