../source/Serial_Manager/Serial_Manager.c:53:7:Serial_Manager_Init	16	static
../source/Serial_Manager/Serial_Manager.c:101:6:Serial_Manager_Flush_Encoded_Frame	8	static
../source/Serial_Manager/Serial_Manager.c:123:9:From_Serial_Frame_To_Packet	144	static
../source/Serial_Manager/Serial_Manager.c:172:7:From_Packet_To_Serial_Frame	24	static
../source/Serial_Manager/Serial_Manager.c:217:6:Serial_Manager_RX_Motor	256	static
../source/Serial_Manager/Serial_Manager.c:422:6:Serial_Manager_Tx_Motor	264	static
