../CMSIS/core_cm0plus.h:733:22:__NVIC_EnableIRQ	16	static
../drivers/fsl_clock.h:691:20:CLOCK_SetTpmClock	16	static
../drivers/fsl_common.h:414:28:EnableIRQ	16	static
../drivers/fsl_tpm.h:526:20:TPM_ClearStatusFlags	16	static
../drivers/fsl_tpm.h:574:20:TPM_SetTimerPeriod	16	static
../drivers/fsl_tpm.h:608:20:TPM_StartTimer	24	static
../drivers/fsl_tpm.h:626:20:TPM_StopTimer	16	static
../source/RadioManager/RadioManager.c:22:6:Radio_Manager_Config	8	static
../source/RadioManager/RadioManager.c:31:6:Radio_Interface_Load_Parameters	16	static
../source/RadioManager/RadioManager.c:72:6:Radio_Manager_Init	8	static
../source/RadioManager/RadioManager.c:84:6:Radio_Manager_Load_Packet	24	static
../source/RadioManager/RadioManager.c:104:6:Radio_Manager_Tx_Motor	160	static
../source/RadioManager/RadioManager.c:183:6:Radio_Window_Timer_Init	24	static
../source/RadioManager/RadioManager.c:212:6:Radio_Window_Timer_Set_Tx_Window	32	static
../source/RadioManager/RadioManager.c:222:6:Radio_Window_Timer_Start_Timer	8	static
../source/RadioManager/RadioManager.c:230:6:Radio_Window_Timer_Stop_Timer	8	static
../source/RadioManager/RadioManager.c:237:7:Is_Send_Timer_Timeout_Flag_Set	8	static
../source/RadioManager/RadioManager.c:250:6:TPM0_IRQHandler	8	static
