../CMSIS/core_cm0plus.h:733:22:__NVIC_EnableIRQ	16	static
../drivers/fsl_clock.h:691:20:CLOCK_SetTpmClock	16	static
../drivers/fsl_common.h:414:28:EnableIRQ	16	static
../drivers/fsl_tpm.h:526:20:TPM_ClearStatusFlags	16	static
../drivers/fsl_tpm.h:574:20:TPM_SetTimerPeriod	16	static
../drivers/fsl_tpm.h:608:20:TPM_StartTimer	24	static
../drivers/fsl_tpm.h:626:20:TPM_StopTimer	16	static
../source/RadioManager/RadioManager.c:37:6:Radio_Manager_Config	8	static
../source/RadioManager/RadioManager.c:46:6:Radio_Manager_Set_Rx_Filtering_Addr	16	static
../source/RadioManager/RadioManager.c:56:6:Radio_Interface_Load_Parameters	16	static
../source/RadioManager/RadioManager.c:98:6:Radio_Manager_Init	8	static
../source/RadioManager/RadioManager.c:114:6:Radio_Manager_Load_Packet	32	static
../source/RadioManager/RadioManager.c:134:6:Radio_Manager_Tx_Motor	168	static
../source/RadioManager/RadioManager.c:287:9:From_Radio_Frame_To_Packet	160	static
../source/RadioManager/RadioManager.c:321:6:Radio_Manager_Rx_Motor	40	static
../source/RadioManager/RadioManager.c:508:6:Radio_Tx_Window_Timer_Init	24	static
../source/RadioManager/RadioManager.c:529:6:Radio_Window_Timer_Set_Tx_Window	32	static
../source/RadioManager/RadioManager.c:539:6:Radio_Tx_Window_Timer_Start_Timer	8	static
../source/RadioManager/RadioManager.c:547:6:Radio_Window_Timer_Stop_Timer	8	static
../source/RadioManager/RadioManager.c:554:7:Is_Send_Timer_Timeout_Flag_Set	8	static
../source/RadioManager/RadioManager.c:567:6:TPM0_IRQHandler	8	static
