../source/RadioManager/Radio_Packet_FIFOs.c:44:6:Radio_Packet_Rx_FIFO_Init	16	static
../source/RadioManager/Radio_Packet_FIFOs.c:75:7:Is_Radio_Rx_FIFO_Empty	8	static
../source/RadioManager/Radio_Packet_FIFOs.c:103:11:Get_Radio_Rx_FIFO_Packet	160	static
../source/RadioManager/Radio_Packet_FIFOs.c:161:6:Push_Radio_Rx_FIFO_Packet	24	static
../source/RadioManager/Radio_Packet_FIFOs.c:211:6:Radio_Packet_Tx_FIFO_Init	16	static
../source/RadioManager/Radio_Packet_FIFOs.c:242:7:Is_Radio_Tx_FIFO_Empty	8	static
../source/RadioManager/Radio_Packet_FIFOs.c:270:11:Get_Radio_Tx_FIFO_Packet	160	static
../source/RadioManager/Radio_Packet_FIFOs.c:328:6:Push_Radio_Tx_FIFO_Packet	24	static
