../CMSIS/core_cm0plus.h:733:22:__NVIC_EnableIRQ	16	static
../drivers/fsl_common.h:414:28:EnableIRQ	16	static
../drivers/fsl_pit.h:105:20:PIT_GetDefaultConfig	16	static
../drivers/fsl_pit.h:159:20:PIT_EnableInterrupts	24	static
../drivers/fsl_pit.h:220:20:PIT_ClearStatusFlags	24	static
../drivers/fsl_pit.h:246:20:PIT_SetTimerPeriod	24	static
../drivers/fsl_pit.h:286:20:PIT_StartTimer	16	static
../drivers/fsl_pit.h:300:20:PIT_StopTimer	16	static
../source/MCU_Drivers/pit_timer/pit.c:33:7:Serial_Timeout_Rx_Timer_Init	48	static
../source/MCU_Drivers/pit_timer/pit.c:78:7:Get_Timeout_Flag	8	static
../source/MCU_Drivers/pit_timer/pit.c:100:6:Clear_Timeout_Flag	8	static
../source/MCU_Drivers/pit_timer/pit.c:122:6:Start_Comm_Timeout_Timer	8	static
../source/MCU_Drivers/pit_timer/pit.c:144:6:Stop_Comm_Timeout_Timer	8	static
../source/MCU_Drivers/pit_timer/pit.c:166:6:PIT0_IRQHandler	8	static
