../source/Configuration_Manager/configuration_manager.c:19:6:CnfManager_Init	8	static
../source/Configuration_Manager/configuration_manager.c:28:7:CnfManager_Load_Mote_Identity_Config	48	static
../source/Configuration_Manager/configuration_manager.c:97:7:Cnf_Manager_Load_Mote_Health_Config	24	static
../source/Configuration_Manager/configuration_manager.c:132:7:Cnf_Manager_Load_ADC_Calibration_Config	40	static
../source/Configuration_Manager/configuration_manager.c:180:7:Cnf_Manager_Load_Radio_Config	40	static
../source/Configuration_Manager/configuration_manager.c:223:7:CnfManager_Load_Mote_Default_Config	16	static
../source/Configuration_Manager/configuration_manager.c:247:8:CnfManager_Get_My_Address	8	static
../source/Configuration_Manager/configuration_manager.c:256:8:CnfManager_Get_Health_Msg_Period	8	static
../source/Configuration_Manager/configuration_manager.c:265:7:CnfManager_Update_Node_Config	32	static
../source/Configuration_Manager/configuration_manager.c:298:6:CnfManager_Save_Data	32	static
../source/Configuration_Manager/configuration_manager.c:343:7:CnfManager_Load_Data	32	static
