Archive member included to satisfy reference by file (symbol)

c:/nxp/mcuxpressoide_10.3.0_2200/ide/plugins/com.nxp.mcuxpresso.tools.win32_10.3.0.201811011841/tools/bin/../lib/gcc/arm-none-eabi/7.3.1/../../../../arm-none-eabi/lib/thumb/v6-m\libcr_semihost_nf.a(_cr__main.o)
                              ./startup/startup_mkl82z7.o (__main)
c:/nxp/mcuxpressoide_10.3.0_2200/ide/plugins/com.nxp.mcuxpresso.tools.win32_10.3.0.201811011841/tools/bin/../lib/gcc/arm-none-eabi/7.3.1/../../../../arm-none-eabi/lib/thumb/v6-m\libcr_semihost_nf.a(_cr_assert.o)
                              ./utilities/fsl_debug_console.o (__assertion_failed)
c:/nxp/mcuxpressoide_10.3.0_2200/ide/plugins/com.nxp.mcuxpresso.tools.win32_10.3.0.201811011841/tools/bin/../lib/gcc/arm-none-eabi/7.3.1/../../../../arm-none-eabi/lib/thumb/v6-m\libcr_semihost_nf.a(__ciob.o)
                              c:/nxp/mcuxpressoide_10.3.0_2200/ide/plugins/com.nxp.mcuxpresso.tools.win32_10.3.0.201811011841/tools/bin/../lib/gcc/arm-none-eabi/7.3.1/../../../../arm-none-eabi/lib/thumb/v6-m\libcr_semihost_nf.a(_cr_assert.o) (__Ciob)
c:/nxp/mcuxpressoide_10.3.0_2200/ide/plugins/com.nxp.mcuxpresso.tools.win32_10.3.0.201811011841/tools/bin/../lib/gcc/arm-none-eabi/7.3.1/../../../../arm-none-eabi/lib/thumb/v6-m\libcr_semihost_nf.a(__sys_appexit.o)
                              c:/nxp/mcuxpressoide_10.3.0_2200/ide/plugins/com.nxp.mcuxpresso.tools.win32_10.3.0.201811011841/tools/bin/../lib/gcc/arm-none-eabi/7.3.1/../../../../arm-none-eabi/lib/thumb/v6-m\libcr_semihost_nf.a(_cr_assert.o) (__sys_appexit)
c:/nxp/mcuxpressoide_10.3.0_2200/ide/plugins/com.nxp.mcuxpresso.tools.win32_10.3.0.201811011841/tools/bin/../lib/gcc/arm-none-eabi/7.3.1/../../../../arm-none-eabi/lib/thumb/v6-m\libcr_c.a(memcpy.o)
                              ./source/packet_manager/packet_manager.o (memcpy)
c:/nxp/mcuxpressoide_10.3.0_2200/ide/plugins/com.nxp.mcuxpresso.tools.win32_10.3.0.201811011841/tools/bin/../lib/gcc/arm-none-eabi/7.3.1/../../../../arm-none-eabi/lib/thumb/v6-m\libcr_c.a(memset.o)
                              ./utilities/fsl_debug_console.o (memset)
c:/nxp/mcuxpressoide_10.3.0_2200/ide/plugins/com.nxp.mcuxpresso.tools.win32_10.3.0.201811011841/tools/bin/../lib/gcc/arm-none-eabi/7.3.1/../../../../arm-none-eabi/lib/thumb/v6-m\libcr_c.a(_deferredlazyseek.o)
                              c:/nxp/mcuxpressoide_10.3.0_2200/ide/plugins/com.nxp.mcuxpresso.tools.win32_10.3.0.201811011841/tools/bin/../lib/gcc/arm-none-eabi/7.3.1/../../../../arm-none-eabi/lib/thumb/v6-m\libcr_semihost_nf.a(_cr_assert.o) (__flsbuf)
c:/nxp/mcuxpressoide_10.3.0_2200/ide/plugins/com.nxp.mcuxpresso.tools.win32_10.3.0.201811011841/tools/bin/../lib/gcc/arm-none-eabi/7.3.1/../../../../arm-none-eabi/lib/thumb/v6-m\libcr_c.a(_fflush.o)
                              c:/nxp/mcuxpressoide_10.3.0_2200/ide/plugins/com.nxp.mcuxpresso.tools.win32_10.3.0.201811011841/tools/bin/../lib/gcc/arm-none-eabi/7.3.1/../../../../arm-none-eabi/lib/thumb/v6-m\libcr_c.a(_deferredlazyseek.o) (_fflush)
c:/nxp/mcuxpressoide_10.3.0_2200/ide/plugins/com.nxp.mcuxpresso.tools.win32_10.3.0.201811011841/tools/bin/../lib/gcc/arm-none-eabi/7.3.1/../../../../arm-none-eabi/lib/thumb/v6-m\libcr_c.a(_writebuf.o)
                              c:/nxp/mcuxpressoide_10.3.0_2200/ide/plugins/com.nxp.mcuxpresso.tools.win32_10.3.0.201811011841/tools/bin/../lib/gcc/arm-none-eabi/7.3.1/../../../../arm-none-eabi/lib/thumb/v6-m\libcr_c.a(_deferredlazyseek.o) (_Cwritebuf)
c:/nxp/mcuxpressoide_10.3.0_2200/ide/plugins/com.nxp.mcuxpresso.tools.win32_10.3.0.201811011841/tools/bin/../lib/gcc/arm-none-eabi/7.3.1/../../../../arm-none-eabi/lib/thumb/v6-m\libcr_c.a(alloc.o)
                              ./drivers/fsl_common.o (malloc)
c:/nxp/mcuxpressoide_10.3.0_2200/ide/plugins/com.nxp.mcuxpresso.tools.win32_10.3.0.201811011841/tools/bin/../lib/gcc/arm-none-eabi/7.3.1/../../../../arm-none-eabi/lib/thumb/v6-m\libcr_c.a(fputs.o)
                              c:/nxp/mcuxpressoide_10.3.0_2200/ide/plugins/com.nxp.mcuxpresso.tools.win32_10.3.0.201811011841/tools/bin/../lib/gcc/arm-none-eabi/7.3.1/../../../../arm-none-eabi/lib/thumb/v6-m\libcr_semihost_nf.a(_cr_assert.o) (fputs)
c:/nxp/mcuxpressoide_10.3.0_2200/ide/plugins/com.nxp.mcuxpresso.tools.win32_10.3.0.201811011841/tools/bin/../lib/gcc/arm-none-eabi/7.3.1/../../../../arm-none-eabi/lib/thumb/v6-m\libcr_c.a(fseek.o)
                              c:/nxp/mcuxpressoide_10.3.0_2200/ide/plugins/com.nxp.mcuxpresso.tools.win32_10.3.0.201811011841/tools/bin/../lib/gcc/arm-none-eabi/7.3.1/../../../../arm-none-eabi/lib/thumb/v6-m\libcr_c.a(_deferredlazyseek.o) (fseek)
c:/nxp/mcuxpressoide_10.3.0_2200/ide/plugins/com.nxp.mcuxpresso.tools.win32_10.3.0.201811011841/tools/bin/../lib/gcc/arm-none-eabi/7.3.1/../../../../arm-none-eabi/lib/thumb/v6-m\libcr_c.a(ftell.o)
[...]
Memory Configuration

Name             Origin             Length             Attributes
PROGRAM_FLASH    0x00000000         0x00020000         xr
SRAM             0x1fffa000         0x00018000         xrw
USB_RAM          0x40100000         0x00000800         xrw
*default*        0x00000000         0xffffffff

Linker script and memory map

LOAD ./utilities/fsl_debug_console.o
LOAD ./utilities/fsl_str.o
LOAD ./startup/startup_mkl82z7.o
LOAD ./source/packet_manager/packet_manager.o
LOAD ./source/Supervisor/Supervisor.o
LOAD ./source/Serial_Manager/Serial_Manager.o
LOAD ./source/Serial_Manager/Serial_Packet_FIFOs.o
LOAD ./source/Serial_Manager/base64_codec.o
LOAD ./source/RadioManager/RadioManager.o
LOAD ./source/MCU_Drivers/uart/lpuart.o
LOAD ./source/MCU_Drivers/spi/spi.o
LOAD ./source/MCU_Drivers/pit_timer/pit.o
LOAD ./source/MCU_Drivers/lptmr1_timer/lptmr1.o
LOAD ./source/MCU_Drivers/adc/adc.o
LOAD ./source/Health_Manager/health_manager.o
LOAD ./source/FlashManager/FlashDataRWInterface/FlashDataRWInterface.o
LOAD ./source/External_HW_Drivers/s2lp/s2lp.o
LOAD ./source/External_HW_Drivers/mx25l128/mx25l128.o
LOAD ./source/Configuration_Manager/configuration_manager.o
LOAD ./source/CRC_tools/crc_tools.o
LOAD ./source/LiteMote.o
LOAD ./source/mtb.o
LOAD ./source/semihost_hardfault.o
LOAD ./drivers/fsl_clock.o
LOAD ./drivers/fsl_common.o
LOAD ./drivers/fsl_gpio.o
LOAD ./drivers/fsl_lptmr.o
LOAD ./drivers/fsl_lpuart.o
LOAD ./drivers/fsl_pit.o
LOAD ./drivers/fsl_rtc.o
LOAD ./drivers/fsl_smc.o
LOAD ./device/system_MKL82Z7.o
LOAD ./component/uart/lpuart_adapter.o
LOAD ./component/serial_manager/serial_manager.o
LOAD ./component/serial_manager/serial_port_uart.o
LOAD ./component/lists/generic_list.o
LOAD ./board/board.o
LOAD ./board/clock_config.o
LOAD ./board/peripherals.o
LOAD ./board/pin_mux.o
START GROUP
LOAD c:/nxp/mcuxpressoide_10.3.0_2200/ide/plugins/com.nxp.mcuxpresso.tools.win32_10.3.0.201811011841/tools/bin/../lib/gcc/arm-none-eabi/7.3.1/../../../../arm-none-eabi/lib/thumb/v6-m\libcr_semihost_nf.a
LOAD c:/nxp/mcuxpressoide_10.3.0_2200/ide/plugins/com.nxp.mcuxpresso.tools.win32_10.3.0.201811011841/tools/bin/../lib/gcc/arm-none-eabi/7.3.1/../../../../arm-none-eabi/lib/thumb/v6-m\libcr_c.a
LOAD c:/nxp/mcuxpressoide_10.3.0_2200/ide/plugins/com.nxp.mcuxpresso.tools.win32_10.3.0.201811011841/tools/bin/../lib/gcc/arm-none-eabi/7.3.1/thumb/v6-m\libcr_eabihelpers.a
END GROUP
                0x00000000                __base_PROGRAM_FLASH = 0x0
                0x00000000                __base_Flash = 0x0
                0x00020000                __top_PROGRAM_FLASH = 0x20000
                0x00020000                __top_Flash = 0x20000
                0x1fffa000                __base_SRAM = 0x1fffa000
                0x1fffa000                __base_RAM = 0x1fffa000
                0x20012000                __top_SRAM = 0x20012000
                0x20012000                __top_RAM = 0x20012000
                0x40100000                __base_USB_RAM = 0x40100000
                0x40100000                __base_RAM2 = 0x40100000
                0x40100800                __top_USB_RAM = 0x40100800
                0x40100800                __top_RAM2 = 0x40100800

.text           0x00000000     0x8c60
 FILL mask 0xff
                0x00000000                __vectors_start__ = ABSOLUTE (.)
 *(SORT_BY_ALIGNMENT(.isr_vector))
 .isr_vector    0x00000000      0x130 ./startup/startup_mkl82z7.o
                0x00000000                g_pfnVectors
                0x00000000                __Vectors
                0x00000130                . = ALIGN (0x4)
                0x00000130                __section_table_start = .
                0x00000130                __data_section_table = .
                0x00000130        0x4 LONG 0x8c60 LOADADDR (.data)
                0x00000134        0x4 LONG 0x1fffa080 ADDR (.data)
                0x00000138        0x4 LONG 0x10 SIZEOF (.data)
                0x0000013c        0x4 LONG 0x8c60 LOADADDR (.data_RAM2)
                0x00000140        0x4 LONG 0x40100000 ADDR (.data_RAM2)
                0x00000144        0x4 LONG 0x0 SIZEOF (.data_RAM2)
                0x00000148                __data_section_table_end = .
                0x00000148                __bss_section_table = .
                0x00000148        0x4 LONG 0x1fffa090 ADDR (.bss)
                0x0000014c        0x4 LONG 0xa24 SIZEOF (.bss)
                0x00000150        0x4 LONG 0x40100000 ADDR (.bss_RAM2)
                0x00000154        0x4 LONG 0x0 SIZEOF (.bss_RAM2)
                0x00000158                __bss_section_table_end = .
                0x00000158                __section_table_end = .
 *(SORT_BY_ALIGNMENT(.after_vectors*))
 .after_vectors.reset
                0x00000158       0x4c ./startup/startup_mkl82z7.o
                0x00000158                ResetISR
 .after_vectors.init_data
                0x000001a4       0x16 ./startup/startup_mkl82z7.o
                0x000001a4                data_init
 .after_vectors.init_bss
                0x000001ba       0x12 ./startup/startup_mkl82z7.o
                0x000001ba                bss_init
 .after_vectors
                0x000001cc      0x1ec ./startup/startup_mkl82z7.o
                0x000001cc                NMI_Handler
                0x000001d0                SVC_Handler
                0x000001d2                PendSV_Handler
                0x000001d4                SysTick_Handler
                0x000001d6                EMVSIM1_DriverIRQHandler
                0x000001d6                PORTB_DriverIRQHandler
                0x000001d6                EMVSIM0_DriverIRQHandler
                0x000001d6                SPI1_DriverIRQHandler
                0x000001d6                LPTMR0_DriverIRQHandler
                0x000001d6                DMA_Error_DriverIRQHandler
                0x000001d6                PMC_DriverIRQHandler
                0x000001d6                PORTD_DriverIRQHandler
                0x000001d6                INTMUX0_2_DriverIRQHandler
                0x000001d6                Reserved70_DriverIRQHandler
                0x000001d6                INTMUX0_3_DriverIRQHandler
                0x000001d6                DMA1_DMA5_DriverIRQHandler
                0x000001d6                TRNG0_DriverIRQHandler
                0x000001d6                CMP0_DriverIRQHandler
                0x000001d6                TPM2_DriverIRQHandler
                0x000001d6                Reserved68_DriverIRQHandler
                0x000001d6                Reserved32_DriverIRQHandler
                0x000001d6                ADC0_DriverIRQHandler
                0x000001d6                TSI0_DriverIRQHandler
                0x000001d6                RTC_Seconds_DriverIRQHandler
                0x000001d6                SPI0_DriverIRQHandler
                0x000001d6                DMA6_DriverIRQHandler
                0x000001d6                LLWU_DriverIRQHandler
                0x000001d6                MCG_DriverIRQHandler
                0x000001d6                INTMUX0_1_DriverIRQHandler
                0x000001d6                Reserved63_DriverIRQHandler
                0x000001d6                LTC0_DriverIRQHandler
                0x000001d6                FLEXIO0_DriverIRQHandler
                0x000001d6                I2C0_DriverIRQHandler
                0x000001d6                Reserved69_DriverIRQHandler
                0x000001d6                I2C1_DriverIRQHandler
                0x000001d6                DMA3_DMA7_DriverIRQHandler
                0x000001d6                FTFA_DriverIRQHandler
                0x000001d6                IntDefaultHandler
                0x000001d6                USB0_DriverIRQHandler
                0x000001d6                PORTC_DriverIRQHandler
                0x000001d6                Reserved67_DriverIRQHandler
                0x000001d6                LPTMR1_DriverIRQHandler
                0x000001d6                DAC0_DriverIRQHandler
                0x000001d6                Reserved49_DriverIRQHandler
                0x000001d6                Reserved50_DriverIRQHandler
                0x000001d6                DMA2_DMA6_DriverIRQHandler
                0x000001d6                Reserved51_DriverIRQHandler
                0x000001d6                QSPI0_DriverIRQHandler
                0x000001d6                TPM0_DriverIRQHandler
                0x000001d6                PIT0_DriverIRQHandler
                0x000001d6                RTC_Alarm_DriverIRQHandler
                0x000001d6                DMA5_DriverIRQHandler
                0x000001d6                DMA4_DriverIRQHandler
                0x000001d6                PORTE_DriverIRQHandler
                0x000001d6                Reserved65_DriverIRQHandler
                0x000001d6                DMA0_DMA4_DriverIRQHandler
                0x000001d6                WDOG_EWM_DriverIRQHandler
                0x000001d6                DMA7_DriverIRQHandler
                0x000001d6                TPM1_DriverIRQHandler
                0x000001d6                INTMUX0_0_DriverIRQHandler
                0x000001d6                PORTA_DriverIRQHandler
                0x000001d6                Reserved71_DriverIRQHandler
                0x000001d8                DMA0_DMA4_IRQHandler
                0x000001e0                DMA1_DMA5_IRQHandler
                0x000001e8                DMA2_DMA6_IRQHandler
                0x000001f0                DMA3_DMA7_IRQHandler
                0x000001f8                DMA_Error_IRQHandler
                0x00000200                FLEXIO0_IRQHandler
                0x00000208                TPM0_IRQHandler
                0x00000210                TPM1_IRQHandler
                0x00000218                TPM2_IRQHandler
                0x00000230                EMVSIM0_IRQHandler
                0x00000240                LPUART1_IRQHandler
                0x00000248                I2C0_IRQHandler
                0x00000250                QSPI0_IRQHandler
                0x00000258                Reserved32_IRQHandler
                0x00000260                PORTA_IRQHandler
                0x00000268                PORTB_IRQHandler
                0x00000270                PORTC_IRQHandler
                0x00000278                PORTD_IRQHandler
                0x00000280                PORTE_IRQHandler
                0x00000288                LLWU_IRQHandler
                0x00000290                LTC0_IRQHandler
                0x00000298                USB0_IRQHandler
                0x000002a0                ADC0_IRQHandler
                0x000002a8                LPTMR0_IRQHandler
                0x000002b0                RTC_Seconds_IRQHandler
                0x000002c8                INTMUX0_2_IRQHandler
                0x000002d0                INTMUX0_3_IRQHandler
                0x000002e0                Reserved49_IRQHandler
                0x000002e8                Reserved50_IRQHandler
                0x000002f0                Reserved51_IRQHandler
                0x00000300                LPUART2_IRQHandler
                0x00000308                EMVSIM1_IRQHandler
                0x00000310                I2C1_IRQHandler
                0x00000318                TSI0_IRQHandler
                0x00000320                PMC_IRQHandler
                0x00000328                FTFA_IRQHandler
                0x00000330                MCG_IRQHandler
                0x00000338                WDOG_EWM_IRQHandler
                0x00000340                DAC0_IRQHandler
                0x00000348                TRNG0_IRQHandler
                0x00000350                Reserved63_IRQHandler
                0x00000358                CMP0_IRQHandler
                0x00000360                Reserved65_IRQHandler
                0x00000368                RTC_Alarm_IRQHandler
                0x00000370                Reserved67_IRQHandler
                0x00000378                Reserved68_IRQHandler
                0x00000380                Reserved69_IRQHandler
                0x00000388                Reserved70_IRQHandler
                0x00000390                Reserved71_IRQHandler
                0x00000398                DMA4_IRQHandler
                0x000003a0                DMA5_IRQHandler
                0x000003a8                DMA6_IRQHandler
                0x000003b0                DMA7_IRQHandler
                0x00000400                . = 0x400
 *fill*         0x000003b8       0x48 ff
                0x00000400                PROVIDE (__FLASH_CONFIG_START__ = .)
 *(SORT_BY_ALIGNMENT(.FlashConfig))
 .FlashConfig   0x00000400       0x10 ./startup/startup_mkl82z7.o
                0x00000400                Flash_Config
                0x00000410                PROVIDE (__FLASH_CONFIG_END__ = .)
                0x00000001                ASSERT (! ((__FLASH_CONFIG_START__ == __FLASH_CONFIG_END__)), Linker Flash Config Support Enabled, but no .FlashConfig section provided within application)
 *(SORT_BY_ALIGNMENT(.text*))
 .text.Packet_Manager_Init
                0x00000410       0x18 ./source/packet_manager/packet_manager.o
                0x00000410                Packet_Manager_Init
 .text.Process_Packet
                0x00000428      0x458 ./source/packet_manager/packet_manager.o
                0x00000428                Process_Packet
 .text.Packet_Manager_Process_Motor
                0x00000880       0x68 ./source/packet_manager/packet_manager.o
                0x00000880                Packet_Manager_Process_Motor
 .text.CLOCK_EnableClock
                0x000008e8       0x34 ./source/Supervisor/Supervisor.o
 .text.PORT_SetPinMux
                0x0000091c       0x40 ./source/Supervisor/Supervisor.o
 .text.Init_Pinout_Error_Supervisor
                0x0000095c       0x48 ./source/Supervisor/Supervisor.o
                0x0000095c                Init_Pinout_Error_Supervisor
 .text.Serial_Manager_Init
                0x000009a4       0x6c ./source/Serial_Manager/Serial_Manager.o
                0x000009a4                Serial_Manager_Init
 .text.Serial_Manager_Flush_Encoded_Frame
                0x00000a10       0x14 ./source/Serial_Manager/Serial_Manager.o
                0x00000a10                Serial_Manager_Flush_Encoded_Frame
 .text.Serial_Manager_RX_Motor
                0x00000a24      0x238 ./source/Serial_Manager/Serial_Manager.o
                0x00000a24                Serial_Manager_RX_Motor
 .text.Serial_Manager_Tx_Motor
                0x00000c5c      0x158 ./source/Serial_Manager/Serial_Manager.o
                0x00000c5c                Serial_Manager_Tx_Motor
 .text.Serial_Packet_Rx_FIFO_Init
                0x00000db4       0x8c ./source/Serial_Manager/Serial_Packet_FIFOs.o
                0x00000db4                Serial_Packet_Rx_FIFO_Init
 .text.Is_Serial_Rx_FIFO_Empty
                0x00000e40       0x1c ./source/Serial_Manager/Serial_Packet_FIFOs.o
                0x00000e40                Is_Serial_Rx_FIFO_Empty
 .text.Get_Serial_Rx_FIFO_Packet
                0x00000e5c      0x158 ./source/Serial_Manager/Serial_Packet_FIFOs.o
                0x00000e5c                Get_Serial_Rx_FIFO_Packet
 .text.Push_Serial_Rx_FIFO_Packet
                0x00000fb4      0x14c ./source/Serial_Manager/Serial_Packet_FIFOs.o
                0x00000fb4                Push_Serial_Rx_FIFO_Packet
 .text.Is_Serial_Tx_FIFO_Empty
                0x00001100       0x1c ./source/Serial_Manager/Serial_Packet_FIFOs.o
                0x00001100                Is_Serial_Tx_FIFO_Empty
 .text.Get_Serial_Tx_FIFO_Packet
                0x0000111c      0x158 ./source/Serial_Manager/Serial_Packet_FIFOs.o
                0x0000111c                Get_Serial_Tx_FIFO_Packet
 .text.Push_Serial_Tx_FIFO_Packet
                0x00001274      0x14c ./source/Serial_Manager/Serial_Packet_FIFOs.o
                0x00001274                Push_Serial_Tx_FIFO_Packet
 .text.B64Encode
                0x000013c0      0x14c ./source/Serial_Manager/base64_codec.o
                0x000013c0                B64Encode
 .text.Radio_Interface_Load_Parameters
                0x0000150c      0x100 ./source/RadioManager/RadioManager.o
                0x0000150c                Radio_Interface_Load_Parameters
 .text.__NVIC_EnableIRQ
                0x0000160c       0x34 ./source/MCU_Drivers/uart/lpuart.o
 .text.__NVIC_SetPriority
                0x00001640       0xdc ./source/MCU_Drivers/uart/lpuart.o
 .text.CLOCK_EnableClock
                0x0000171c       0x34 ./source/MCU_Drivers/uart/lpuart.o
 .text.CLOCK_SetLpuartClock
                0x00001750       0x38 ./source/MCU_Drivers/uart/lpuart.o
 .text.PORT_SetPinMux
                0x00001788       0x40 ./source/MCU_Drivers/uart/lpuart.o
 .text.Uart_HW_Init
                0x000017c8       0xc8 ./source/MCU_Drivers/uart/lpuart.o
                0x000017c8                Uart_HW_Init
 .text.Get_UART_Byte_Received_Flag
                0x00001890       0x14 ./source/MCU_Drivers/uart/lpuart.o
                0x00001890                Get_UART_Byte_Received_Flag
 .text.Clear_UART_Byte_Received_Flag
                0x000018a4       0x14 ./source/MCU_Drivers/uart/lpuart.o
                0x000018a4                Clear_UART_Byte_Received_Flag
 .text.Get_Byte_RX_From_Comm_UART
                0x000018b8       0x14 ./source/MCU_Drivers/uart/lpuart.o
                0x000018b8                Get_Byte_RX_From_Comm_UART
 .text.Get_Comm_UART_Hw_BaudRate
                0x000018cc       0x14 ./source/MCU_Drivers/uart/lpuart.o
                0x000018cc                Get_Comm_UART_Hw_BaudRate
 .text.Get_Frame_Sending_Flag
                0x000018e0       0x14 ./source/MCU_Drivers/uart/lpuart.o
                0x000018e0                Get_Frame_Sending_Flag
 .text.Send_UART_Frame
                0x000018f4       0x50 ./source/MCU_Drivers/uart/lpuart.o
                0x000018f4                Send_UART_Frame
 .text.LPUART0_IRQHandler
                0x00001944       0xc0 ./source/MCU_Drivers/uart/lpuart.o
                0x00001944                LPUART0_IRQHandler
 .text.__NVIC_EnableIRQ
                0x00001a04       0x34 ./source/MCU_Drivers/spi/spi.o
 .text.__NVIC_SetPriority
                0x00001a38       0xdc ./source/MCU_Drivers/spi/spi.o
 .text.CLOCK_EnableClock
                0x00001b14       0x34 ./source/MCU_Drivers/spi/spi.o
 .text.PORT_SetPinMux
                0x00001b48       0x40 ./source/MCU_Drivers/spi/spi.o
 .text.SPI_Init_PinOut
                0x00001b88       0x90 ./source/MCU_Drivers/spi/spi.o
                0x00001b88                SPI_Init_PinOut
 .text.SPI_ConfigHW_SPI1
                0x00001c18      0x190 ./source/MCU_Drivers/spi/spi.o
                0x00001c18                SPI_ConfigHW_SPI1
 .text.SPI_ConfigHW_SPI0
                0x00001da8      0x15c ./source/MCU_Drivers/spi/spi.o
                0x00001da8                SPI_ConfigHW_SPI0
 .text.SPI_System_Init
                0x00001f04       0x44 ./source/MCU_Drivers/spi/spi.o
                0x00001f04                SPI_System_Init
 .text.SPI_Send_NonBlocking
                0x00001f48       0xc8 ./source/MCU_Drivers/spi/spi.o
                0x00001f48                SPI_Send_NonBlocking
 .text.INTMUX0_0_IRQHandler
                0x00002010       0x34 ./source/MCU_Drivers/spi/spi.o
                0x00002010                INTMUX0_0_IRQHandler
 .text.SPI1_IRQHandler
                0x00002044       0xcc ./source/MCU_Drivers/spi/spi.o
                0x00002044                SPI1_IRQHandler
 .text.SPI0_IRQHandler
                0x00002110       0xcc ./source/MCU_Drivers/spi/spi.o
                0x00002110                SPI0_IRQHandler
 .text.Enable_CS
                0x000021dc       0x50 ./source/MCU_Drivers/spi/spi.o
                0x000021dc                Enable_CS
 .text.Disable_CS
                0x0000222c       0x4c ./source/MCU_Drivers/spi/spi.o
                0x0000222c                Disable_CS
 .text.__NVIC_EnableIRQ
                0x00002278       0x34 ./source/MCU_Drivers/pit_timer/pit.o
 .text.PIT_GetDefaultConfig
                0x000022ac       0x28 ./source/MCU_Drivers/pit_timer/pit.o
 .text.Serial_Timeout_Rx_Timer_Init
                0x000022d4       0x98 ./source/MCU_Drivers/pit_timer/pit.o
                0x000022d4                Serial_Timeout_Rx_Timer_Init
 .text.Get_Timeout_Flag
                0x0000236c       0x14 ./source/MCU_Drivers/pit_timer/pit.o
                0x0000236c                Get_Timeout_Flag
 .text.Clear_Timeout_Flag
                0x00002380       0x14 ./source/MCU_Drivers/pit_timer/pit.o
                0x00002380                Clear_Timeout_Flag
 .text.Start_Comm_Timeout_Timer
                0x00002394       0x18 ./source/MCU_Drivers/pit_timer/pit.o
                0x00002394                Start_Comm_Timeout_Timer
 .text.Stop_Comm_Timeout_Timer
                0x000023ac       0x18 ./source/MCU_Drivers/pit_timer/pit.o
                0x000023ac                Stop_Comm_Timeout_Timer
 .text.PIT0_IRQHandler
                0x000023c4       0x28 ./source/MCU_Drivers/pit_timer/pit.o
                0x000023c4                PIT0_IRQHandler
 .text.__NVIC_EnableIRQ
                0x000023ec       0x34 ./source/MCU_Drivers/lptmr1_timer/lptmr1.o
 .text.__NVIC_SetPriority
                0x00002420       0xdc ./source/MCU_Drivers/lptmr1_timer/lptmr1.o
 .text.CLOCK_EnableClock
                0x000024fc       0x34 ./source/MCU_Drivers/lptmr1_timer/lptmr1.o
 .text.Health_Timer_Init
                0x00002530       0x8c ./source/MCU_Drivers/lptmr1_timer/lptmr1.o
                0x00002530                Health_Timer_Init
 .text.Health_Timer_Load_Counter_CMP
                0x000025bc       0x20 ./source/MCU_Drivers/lptmr1_timer/lptmr1.o
                0x000025bc                Health_Timer_Load_Counter_CMP
 .text.Health_Timer_Start
                0x000025dc       0x30 ./source/MCU_Drivers/lptmr1_timer/lptmr1.o
                0x000025dc                Health_Timer_Start
 .text.Health_Timer_Stop
                0x0000260c       0x1c ./source/MCU_Drivers/lptmr1_timer/lptmr1.o
                0x0000260c                Health_Timer_Stop
 .text.Reset_Tx_Health_Flag
                0x00002628       0x14 ./source/MCU_Drivers/lptmr1_timer/lptmr1.o
                0x00002628                Reset_Tx_Health_Flag
 .text.Get_Tx_Health_Flag
                0x0000263c       0x14 ./source/MCU_Drivers/lptmr1_timer/lptmr1.o
                0x0000263c                Get_Tx_Health_Flag
 .text.INTMUX0_1_IRQHandler
                0x00002650       0x34 ./source/MCU_Drivers/lptmr1_timer/lptmr1.o
                0x00002650                INTMUX0_1_IRQHandler
 .text.LPTMR1_IRQHandler
                0x00002684       0x2c ./source/MCU_Drivers/lptmr1_timer/lptmr1.o
                0x00002684                LPTMR1_IRQHandler
 .text.CLOCK_EnableClock
                0x000026b0       0x34 ./source/MCU_Drivers/adc/adc.o
 .text.ADC_DeInit
                0x000026e4       0x2c ./source/MCU_Drivers/adc/adc.o
                0x000026e4                ADC_DeInit
 .text.ADC_Init
                0x00002710       0x3c ./source/MCU_Drivers/adc/adc.o
                0x00002710                ADC_Init
 .text.ADC_Set_Calibration_Manually
                0x0000274c       0x44 ./source/MCU_Drivers/adc/adc.o
                0x0000274c                ADC_Set_Calibration_Manually
 .text.ADC_StartConversion
                0x00002790       0x30 ./source/MCU_Drivers/adc/adc.o
                0x00002790                ADC_StartConversion
 .text.ADC_Disable
                0x000027c0       0x1c ./source/MCU_Drivers/adc/adc.o
                0x000027c0                ADC_Disable
 .text.ADC_WaitForConversion
                0x000027dc       0x38 ./source/MCU_Drivers/adc/adc.o
                0x000027dc                ADC_WaitForConversion
 .text.ADC_GetData
                0x00002814       0x24 ./source/MCU_Drivers/adc/adc.o
                0x00002814                ADC_GetData
 .text.Health_Manager_Motor
                0x00002838       0x78 ./source/Health_Manager/health_manager.o
                0x00002838                Health_Manager_Motor
 .text.Health_Manager_Init
                0x000028b0       0x14 ./source/Health_Manager/health_manager.o
                0x000028b0                Health_Manager_Init
 .text.Health_Manager_Get_Voltage_Ref
                0x000028c4       0xcc ./source/Health_Manager/health_manager.o
                0x000028c4                Health_Manager_Get_Voltage_Ref
 .text.Health_Manager_Get_Temperature
                0x00002990      0x170 ./source/Health_Manager/health_manager.o
                0x00002990                Health_Manager_Get_Temperature
 .text.Health_Manager_Reload_Timer
                0x00002b00       0x40 ./source/Health_Manager/health_manager.o
                0x00002b00                Health_Manager_Reload_Timer
 .text.FlashInterface_Save_SystemData_InFlash
                0x00002b40      0x2c8 ./source/FlashManager/FlashDataRWInterface/FlashDataRWInterface.o
                0x00002b40                FlashInterface_Save_SystemData_InFlash
 .text.CLOCK_EnableClock
                0x00002e08       0x34 ./source/External_HW_Drivers/s2lp/s2lp.o
 .text.PORT_SetPinMux
                0x00002e3c       0x40 ./source/External_HW_Drivers/s2lp/s2lp.o
 .text.S2lp_SPI_Callback
                0x00002e7c       0x54 ./source/External_HW_Drivers/s2lp/s2lp.o
                0x00002e7c                S2lp_SPI_Callback
 .text.S2lp_Set_Base_Center_Freq
                0x00002ed0      0x170 ./source/External_HW_Drivers/s2lp/s2lp.o
                0x00002ed0                S2lp_Set_Base_Center_Freq
 .text.s2lp_Set_Modulation_Type
                0x00003040      0x140 ./source/External_HW_Drivers/s2lp/s2lp.o
                0x00003040                s2lp_Set_Modulation_Type
 .text.s2lp_Set_DataRate
                0x00003180      0x190 ./source/External_HW_Drivers/s2lp/s2lp.o
                0x00003180                s2lp_Set_DataRate
 .text.s2lp_Get_DataRate
                0x00003310      0x1e8 ./source/External_HW_Drivers/s2lp/s2lp.o
                0x00003310                s2lp_Get_DataRate
 .text.s2lp_Set_Operating_State
                0x000034f8       0xec ./source/External_HW_Drivers/s2lp/s2lp.o
                0x000034f8                s2lp_Set_Operating_State
 .text.S2lp_Init_Pinout
                0x000035e4       0x98 ./source/External_HW_Drivers/s2lp/s2lp.o
                0x000035e4                S2lp_Init_Pinout
 .text.S2lp_Disable_ShutDown_Mode
                0x0000367c       0x1c ./source/External_HW_Drivers/s2lp/s2lp.o
                0x0000367c                S2lp_Disable_ShutDown_Mode
 .text.S2lp_Init
                0x00003698       0xdc ./source/External_HW_Drivers/s2lp/s2lp.o
                0x00003698                S2lp_Init
 .text.S2lp_Get_Register_Data_Read
                0x00003774       0x14 ./source/External_HW_Drivers/s2lp/s2lp.o
                0x00003774                S2lp_Get_Register_Data_Read
 .text.S2lp_Write_Register
                0x00003788       0x6c ./source/External_HW_Drivers/s2lp/s2lp.o
                0x00003788                S2lp_Write_Register
 .text.S2lp_Read_Register
                0x000037f4       0x68 ./source/External_HW_Drivers/s2lp/s2lp.o
                0x000037f4                S2lp_Read_Register
 .text.S2lp_Send_Command
                0x0000385c       0x5c ./source/External_HW_Drivers/s2lp/s2lp.o
                0x0000385c                S2lp_Send_Command
 .text.S2lp_Operation_Finished
                0x000038b8       0x14 ./source/External_HW_Drivers/s2lp/s2lp.o
                0x000038b8                S2lp_Operation_Finished
 .text.s2lp_Test_Tx_RC
                0x000038cc      0x23c ./source/External_HW_Drivers/s2lp/s2lp.o
                0x000038cc                s2lp_Test_Tx_RC
 .text.PORT_SetPinMux
                0x00003b08       0x40 ./source/External_HW_Drivers/mx25l128/mx25l128.o
 .text.mx25l128_SPI_Callback
                0x00003b48       0x54 ./source/External_HW_Drivers/mx25l128/mx25l128.o
                0x00003b48                mx25l128_SPI_Callback
 .text.mx25l128_pinout_Init
                0x00003b9c       0x64 ./source/External_HW_Drivers/mx25l128/mx25l128.o
                0x00003b9c                mx25l128_pinout_Init
 .text.GetFlashStatus
                0x00003c00       0x14 ./source/External_HW_Drivers/mx25l128/mx25l128.o
                0x00003c00                GetFlashStatus
 .text.mx25l128_CheckForOperationFinished
                0x00003c14       0x14 ./source/External_HW_Drivers/mx25l128/mx25l128.o
                0x00003c14                mx25l128_CheckForOperationFinished
 .text.mx25l128_Read_Status
                0x00003c28       0x44 ./source/External_HW_Drivers/mx25l128/mx25l128.o
                0x00003c28                mx25l128_Read_Status
 .text.mx25l128_Write_Page
                0x00003c6c       0xb4 ./source/External_HW_Drivers/mx25l128/mx25l128.o
                0x00003c6c                mx25l128_Write_Page
 .text.mx25l128_Set_Write_Enable
                0x00003d20       0x40 ./source/External_HW_Drivers/mx25l128/mx25l128.o
                0x00003d20                mx25l128_Set_Write_Enable
 .text.mx25l128_GetReadPage
                0x00003d60       0x10 ./source/External_HW_Drivers/mx25l128/mx25l128.o
                0x00003d60                mx25l128_GetReadPage
 .text.mx25l128_Read_Page
                0x00003d70       0x68 ./source/External_HW_Drivers/mx25l128/mx25l128.o
                0x00003d70                mx25l128_Read_Page
 .text.mx25l128_Erase_Sector
                0x00003dd8       0x80 ./source/External_HW_Drivers/mx25l128/mx25l128.o
                0x00003dd8                mx25l128_Erase_Sector
 .text.CnfManager_Load_Mote_Identity_Config
                0x00003e58      0x198 ./source/Configuration_Manager/configuration_manager.o
                0x00003e58                CnfManager_Load_Mote_Identity_Config
 .text.Cnf_Manager_Load_Mote_Health_Config
                0x00003ff0       0xa0 ./source/Configuration_Manager/configuration_manager.o
                0x00003ff0                Cnf_Manager_Load_Mote_Health_Config
 .text.Cnf_Manager_Load_ADC_Calibration_Config
                0x00004090      0x11c ./source/Configuration_Manager/configuration_manager.o
                0x00004090                Cnf_Manager_Load_ADC_Calibration_Config
 .text.Cnf_Manager_Load_Radio_Config
                0x000041ac       0xb4 ./source/Configuration_Manager/configuration_manager.o
                0x000041ac                Cnf_Manager_Load_Radio_Config
 .text.CnfManager_Get_My_Address
                0x00004260       0x14 ./source/Configuration_Manager/configuration_manager.o
                0x00004260                CnfManager_Get_My_Address
 .text.crc16_byte
                0x00004274       0x44 ./source/CRC_tools/crc_tools.o
                0x00004274                crc16_byte
 .text.HardFault_Handler
                0x000042b8       0x30 ./source/semihost_hardfault.o
                0x000042b8                HardFault_Handler
 .text.CLOCK_SetEr32kClock
                0x000042e8       0x34 ./drivers/fsl_clock.o
 .text.CLOCK_SetPllFllSelClock
                0x0000431c       0x58 ./drivers/fsl_clock.o
 .text.CLOCK_GetMcgExtClkFreq
                0x00004374       0x7c ./drivers/fsl_clock.o
 .text.CLOCK_GetFllExtRefClkFreq
                0x000043f0       0xc4 ./drivers/fsl_clock.o
 .text.CLOCK_GetInternalRefClkSelectFreq
                0x000044b4       0x40 ./drivers/fsl_clock.o
 .text.CLOCK_GetFllRefClkFreq
                0x000044f4       0x2c ./drivers/fsl_clock.o
 .text.CLOCK_GetOscRangeFromFreq
                0x00004520       0x4c ./drivers/fsl_clock.o
 .text.CLOCK_GetOsc0ErClkUndivFreq
                0x0000456c       0x3c ./drivers/fsl_clock.o
                0x0000456c                CLOCK_GetOsc0ErClkUndivFreq
 .text.CLOCK_GetOsc0ErClkDivFreq
                0x000045a8       0x4c ./drivers/fsl_clock.o
                0x000045a8                CLOCK_GetOsc0ErClkDivFreq
 .text.CLOCK_GetEr32kClkFreq
                0x000045f4       0x74 ./drivers/fsl_clock.o
                0x000045f4                CLOCK_GetEr32kClkFreq
 .text.CLOCK_GetPllFllSelClkFreq
                0x00004668       0x84 ./drivers/fsl_clock.o
                0x00004668                CLOCK_GetPllFllSelClkFreq
 .text.CLOCK_GetFreq
                0x000046ec      0x114 ./drivers/fsl_clock.o
                0x000046ec                CLOCK_GetFreq
 .text.CLOCK_SetSimConfig
                0x00004800       0x44 ./drivers/fsl_clock.o
                0x00004800                CLOCK_SetSimConfig
 .text.CLOCK_GetOutClkFreq
                0x00004844       0x60 ./drivers/fsl_clock.o
                0x00004844                CLOCK_GetOutClkFreq
 .text.CLOCK_GetFllFreq
                0x000048a4       0x84 ./drivers/fsl_clock.o
                0x000048a4                CLOCK_GetFllFreq
 .text.CLOCK_GetInternalRefClkFreq
                0x00004928       0x28 ./drivers/fsl_clock.o
                0x00004928                CLOCK_GetInternalRefClkFreq
 .text.CLOCK_GetPll0Freq
                0x00004950       0x78 ./drivers/fsl_clock.o
                0x00004950                CLOCK_GetPll0Freq
 .text.CLOCK_SetExternalRefClkConfig
                0x000049c8       0x80 ./drivers/fsl_clock.o
                0x000049c8                CLOCK_SetExternalRefClkConfig
 .text.CLOCK_SetInternalRefClkConfig
                0x00004a48      0x128 ./drivers/fsl_clock.o
                0x00004a48                CLOCK_SetInternalRefClkConfig
 .text.CLOCK_EnablePll0
                0x00004b70       0x90 ./drivers/fsl_clock.o
                0x00004b70                CLOCK_EnablePll0
 .text.CLOCK_InitOsc0
                0x00004c00       0x94 ./drivers/fsl_clock.o
                0x00004c00                CLOCK_InitOsc0
 .text.CLOCK_SetPbeMode
                0x00004c94       0xb0 ./drivers/fsl_clock.o
                0x00004c94                CLOCK_SetPbeMode
 .text.CLOCK_BootToPeeMode
                0x00004d44       0x70 ./drivers/fsl_clock.o
                0x00004d44                CLOCK_BootToPeeMode
 .text.GPIO_PinInit
                0x00004db4       0x64 ./drivers/fsl_gpio.o
                0x00004db4                GPIO_PinInit
 .text.CLOCK_EnableClock
                0x00004e18       0x34 ./drivers/fsl_lpuart.o
 .text.LPUART_GetInstance
                0x00004e4c       0x4c ./drivers/fsl_lpuart.o
                0x00004e4c                LPUART_GetInstance
 .text.LPUART_Init
                0x00004e98      0x3a0 ./drivers/fsl_lpuart.o
                0x00004e98                LPUART_Init
 .text.LPUART_GetDefaultConfig
                0x00005238       0x8c ./drivers/fsl_lpuart.o
                0x00005238                LPUART_GetDefaultConfig
 .text.LPUART_EnableInterrupts
                0x000052c4       0x58 ./drivers/fsl_lpuart.o
                0x000052c4                LPUART_EnableInterrupts
 .text.LPUART_DisableInterrupts
                0x0000531c       0x5c ./drivers/fsl_lpuart.o
                0x0000531c                LPUART_DisableInterrupts
 .text.LPUART0_DriverIRQHandler
                0x00005378       0x24 ./drivers/fsl_lpuart.o
                0x00005378                LPUART0_DriverIRQHandler
 .text.LPUART1_DriverIRQHandler
                0x0000539c       0x24 ./drivers/fsl_lpuart.o
                0x0000539c                LPUART1_DriverIRQHandler
 .text.LPUART2_DriverIRQHandler
                0x000053c0       0x24 ./drivers/fsl_lpuart.o
                0x000053c0                LPUART2_DriverIRQHandler
 .text.CLOCK_EnableClock
                0x000053e4       0x34 ./drivers/fsl_pit.o
 .text.PIT_GetInstance
                0x00005418       0x48 ./drivers/fsl_pit.o
 .text.PIT_Init
                0x00005460       0xb4 ./drivers/fsl_pit.o
                0x00005460                PIT_Init
 .text.SystemInit
                0x00005514       0x30 ./device/system_MKL82Z7.o
                0x00005514                SystemInit
 .text.CLOCK_SetSimSafeDivs
                0x00005544       0x20 ./board/clock_config.o
 .text.CLOCK_SetXtal0Freq
                0x00005564       0x1c ./board/clock_config.o
 .text.CLOCK_CONFIG_SetFllExtRefDiv
                0x00005580       0x3c ./board/clock_config.o
 .text.BOARD_BootClockRUN
                0x000055bc       0x64 ./board/clock_config.o
                0x000055bc                BOARD_BootClockRUN
 .text.__assertion_failed
                0x00005620       0x4c c:/nxp/mcuxpressoide_10.3.0_2200/ide/plugins/com.nxp.mcuxpresso.tools.win32_10.3.0.201811011841/tools/bin/../lib/gcc/arm-none-eabi/7.3.1/../../../../arm-none-eabi/lib/thumb/v6-m\libcr_semihost_nf.a(_cr_assert.o)
                0x00005620                __assertion_failed
 .text.__sys_appexit
                0x0000566c        0xc c:/nxp/mcuxpressoide_10.3.0_2200/ide/plugins/com.nxp.mcuxpresso.tools.win32_10.3.0.201811011841/tools/bin/../lib/gcc/arm-none-eabi/7.3.1/../../../../arm-none-eabi/lib/thumb/v6-m\libcr_semihost_nf.a(__sys_appexit.o)
                0x0000566c                __sys_appexit
                0x0000566c                __exit
 .text._deferredlazyseek
                0x00005678       0x40 c:/nxp/mcuxpressoide_10.3.0_2200/ide/plugins/com.nxp.mcuxpresso.tools.win32_10.3.0.201811011841/tools/bin/../lib/gcc/arm-none-eabi/7.3.1/../../../../arm-none-eabi/lib/thumb/v6-m\libcr_c.a(_deferredlazyseek.o)
                0x00005678                _deferredlazyseek
 .text.__flsbuf
                0x000056b8      0x14c c:/nxp/mcuxpressoide_10.3.0_2200/ide/plugins/com.nxp.mcuxpresso.tools.win32_10.3.0.201811011841/tools/bin/../lib/gcc/arm-none-eabi/7.3.1/../../../../arm-none-eabi/lib/thumb/v6-m\libcr_c.a(_deferredlazyseek.o)
                0x000056b8                __flsbuf
 .text._fflush  0x00005804       0x5c c:/nxp/mcuxpressoide_10.3.0_2200/ide/plugins/com.nxp.mcuxpresso.tools.win32_10.3.0.201811011841/tools/bin/../lib/gcc/arm-none-eabi/7.3.1/../../../../arm-none-eabi/lib/thumb/v6-m\libcr_c.a(_fflush.o)
                0x00005804                _fflush
 .text._Cwritebuf
                0x00005860       0x68 c:/nxp/mcuxpressoide_10.3.0_2200/ide/plugins/com.nxp.mcuxpresso.tools.win32_10.3.0.201811011841/tools/bin/../lib/gcc/arm-none-eabi/7.3.1/../../../../arm-none-eabi/lib/thumb/v6-m\libcr_c.a(_writebuf.o)
                0x00005860                _Cwritebuf
 .text.malloc   0x000058c8       0xcc c:/nxp/mcuxpressoide_10.3.0_2200/ide/plugins/com.nxp.mcuxpresso.tools.win32_10.3.0.201811011841/tools/bin/../lib/gcc/arm-none-eabi/7.3.1/../../../../arm-none-eabi/lib/thumb/v6-m\libcr_c.a(alloc.o)
                0x000058c8                malloc
 .text._Csys_alloc
                0x00005994       0x20 c:/nxp/mcuxpressoide_10.3.0_2200/ide/plugins/com.nxp.mcuxpresso.tools.win32_10.3.0.201811011841/tools/bin/../lib/gcc/arm-none-eabi/7.3.1/../../../../arm-none-eabi/lib/thumb/v6-m\libcr_c.a(alloc.o)
                0x00005994                _Csys_alloc
 .text.fseek    0x000059b4       0xf0 c:/nxp/mcuxpressoide_10.3.0_2200/ide/plugins/com.nxp.mcuxpresso.tools.win32_10.3.0.201811011841/tools/bin/../lib/gcc/arm-none-eabi/7.3.1/../../../../arm-none-eabi/lib/thumb/v6-m\libcr_c.a(fseek.o)
                0x000059b4                fseek
 .text.ftell    0x00005aa4       0x48 c:/nxp/mcuxpressoide_10.3.0_2200/ide/plugins/com.nxp.mcuxpresso.tools.win32_10.3.0.201811011841/tools/bin/../lib/gcc/arm-none-eabi/7.3.1/../../../../arm-none-eabi/lib/thumb/v6-m\libcr_c.a(ftell.o)
                0x00005aa4                ftell
 .text._initio  0x00005aec       0x7c c:/nxp/mcuxpressoide_10.3.0_2200/ide/plugins/com.nxp.mcuxpresso.tools.win32_10.3.0.201811011841/tools/bin/../lib/gcc/arm-none-eabi/7.3.1/../../../../arm-none-eabi/lib/thumb/v6-m\libcr_c.a(initio.o)
                0x00005aec                _initio
 .text.setvbuf  0x00005b68       0x48 c:/nxp/mcuxpressoide_10.3.0_2200/ide/plugins/com.nxp.mcuxpresso.tools.win32_10.3.0.201811011841/tools/bin/../lib/gcc/arm-none-eabi/7.3.1/../../../../arm-none-eabi/lib/thumb/v6-m\libcr_c.a(setvbuf.o)
                0x00005b68                setvbuf
 .text.strlen   0x00005bb0       0x58 c:/nxp/mcuxpressoide_10.3.0_2200/ide/plugins/com.nxp.mcuxpresso.tools.win32_10.3.0.201811011841/tools/bin/../lib/gcc/arm-none-eabi/7.3.1/../../../../arm-none-eabi/lib/thumb/v6-m\libcr_c.a(strlen.o)
                0x00005bb0                strlen
 .text._sbrk    0x00005c08       0x40 c:/nxp/mcuxpressoide_10.3.0_2200/ide/plugins/com.nxp.mcuxpresso.tools.win32_10.3.0.201811011841/tools/bin/../lib/gcc/arm-none-eabi/7.3.1/../../../../arm-none-eabi/lib/thumb/v6-m\libcr_c.a(_cr_sbrk.o)
                0x00005c08                _sbrk
 .text._fdopen  0x00005c48       0x74 c:/nxp/mcuxpressoide_10.3.0_2200/ide/plugins/com.nxp.mcuxpresso.tools.win32_10.3.0.201811011841/tools/bin/../lib/gcc/arm-none-eabi/7.3.1/../../../../arm-none-eabi/lib/thumb/v6-m\libcr_c.a(_fdopen.o)
                0x00005c48                _fdopen
 .text.fclose   0x00005cbc       0x5c c:/nxp/mcuxpressoide_10.3.0_2200/ide/plugins/com.nxp.mcuxpresso.tools.win32_10.3.0.201811011841/tools/bin/../lib/gcc/arm-none-eabi/7.3.1/../../../../arm-none-eabi/lib/thumb/v6-m\libcr_c.a(fclose.o)
                0x00005cbc                fclose
 .text.fflush   0x00005d18       0x44 c:/nxp/mcuxpressoide_10.3.0_2200/ide/plugins/com.nxp.mcuxpresso.tools.win32_10.3.0.201811011841/tools/bin/../lib/gcc/arm-none-eabi/7.3.1/../../../../arm-none-eabi/lib/thumb/v6-m\libcr_c.a(fflush.o)
                0x00005d18                fflush
 .text.__check_heap_overflow
                0x00005d5c       0x14 c:/nxp/mcuxpressoide_10.3.0_2200/ide/plugins/com.nxp.mcuxpresso.tools.win32_10.3.0.201811011841/tools/bin/../lib/gcc/arm-none-eabi/7.3.1/../../../../arm-none-eabi/lib/thumb/v6-m\libcr_c.a(_cr_check_heap.o)
                0x00005d5c                __check_heap_overflow
 .text._do_fflush
                0x00005d70       0x44 c:/nxp/mcuxpressoide_10.3.0_2200/ide/plugins/com.nxp.mcuxpresso.tools.win32_10.3.0.201811011841/tools/bin/../lib/gcc/arm-none-eabi/7.3.1/../../../../arm-none-eabi/lib/thumb/v6-m\libcr_c.a(_do_fflush.o)
                0x00005d70                _do_fflush
 .text.__aeabi_dmul
                0x00005db4      0x184 c:/nxp/mcuxpressoide_10.3.0_2200/ide/plugins/com.nxp.mcuxpresso.tools.win32_10.3.0.201811011841/tools/bin/../lib/gcc/arm-none-eabi/7.3.1/thumb/v6-m\libcr_eabihelpers.a(double.o)
                0x00005db4                __aeabi_dmul
 .text.__aeabi_ddiv
                0x00005f38      0x148 c:/nxp/mcuxpressoide_10.3.0_2200/ide/plugins/com.nxp.mcuxpresso.tools.win32_10.3.0.201811011841/tools/bin/../lib/gcc/arm-none-eabi/7.3.1/thumb/v6-m\libcr_eabihelpers.a(double.o)
                0x00005f38                __aeabi_ddiv
 .text.__aeabi_dsub
                0x00006080      0x1bc c:/nxp/mcuxpressoide_10.3.0_2200/ide/plugins/com.nxp.mcuxpresso.tools.win32_10.3.0.201811011841/tools/bin/../lib/gcc/arm-none-eabi/7.3.1/thumb/v6-m\libcr_eabihelpers.a(double.o)
                0x00006080                __aeabi_dsub
 .text.__aeabi_dadd
                0x0000623c      0x128 c:/nxp/mcuxpressoide_10.3.0_2200/ide/plugins/com.nxp.mcuxpresso.tools.win32_10.3.0.201811011841/tools/bin/../lib/gcc/arm-none-eabi/7.3.1/thumb/v6-m\libcr_eabihelpers.a(double.o)
                0x0000623c                __aeabi_dadd
 .text.__aeabi_d2f
                0x00006364       0x60 c:/nxp/mcuxpressoide_10.3.0_2200/ide/plugins/com.nxp.mcuxpresso.tools.win32_10.3.0.201811011841/tools/bin/../lib/gcc/arm-none-eabi/7.3.1/thumb/v6-m\libcr_eabihelpers.a(double.o)
                0x00006364                __aeabi_d2f
 .text.__aeabi_d2uiz
                0x000063c4       0x34 c:/nxp/mcuxpressoide_10.3.0_2200/ide/plugins/com.nxp.mcuxpresso.tools.win32_10.3.0.201811011841/tools/bin/../lib/gcc/arm-none-eabi/7.3.1/thumb/v6-m\libcr_eabihelpers.a(double.o)
                0x000063c4                __aeabi_d2uiz
 .text.__aeabi_fmul
                0x000063f8       0xc4 c:/nxp/mcuxpressoide_10.3.0_2200/ide/plugins/com.nxp.mcuxpresso.tools.win32_10.3.0.201811011841/tools/bin/../lib/gcc/arm-none-eabi/7.3.1/thumb/v6-m\libcr_eabihelpers.a(float.o)
                0x000063f8                __aeabi_fmul
 .text.__aeabi_fdiv
                0x000064bc       0xdc c:/nxp/mcuxpressoide_10.3.0_2200/ide/plugins/com.nxp.mcuxpresso.tools.win32_10.3.0.201811011841/tools/bin/../lib/gcc/arm-none-eabi/7.3.1/thumb/v6-m\libcr_eabihelpers.a(float.o)
                0x000064bc                __aeabi_fdiv
 .text.__aeabi_fsub
                0x00006598      0x130 c:/nxp/mcuxpressoide_10.3.0_2200/ide/plugins/com.nxp.mcuxpresso.tools.win32_10.3.0.201811011841/tools/bin/../lib/gcc/arm-none-eabi/7.3.1/thumb/v6-m\libcr_eabihelpers.a(float.o)
                0x00006598                __aeabi_fsub
 .text.__aeabi_fadd
                0x000066c8       0xb0 c:/nxp/mcuxpressoide_10.3.0_2200/ide/plugins/com.nxp.mcuxpresso.tools.win32_10.3.0.201811011841/tools/bin/../lib/gcc/arm-none-eabi/7.3.1/thumb/v6-m\libcr_eabihelpers.a(float.o)
                0x000066c8                __aeabi_fadd
 .text.Get_Canonical_Payload_Lenght
                0x00006778       0xd6 ./source/packet_manager/packet_manager.o
                0x00006778                Get_Canonical_Payload_Lenght
 .text.Build_Packet_Serial
                0x0000684e       0xa0 ./source/packet_manager/packet_manager.o
                0x0000684e                Build_Packet_Serial
 .text.Init_Supervisor
                0x000068ee        0xe ./source/Supervisor/Supervisor.o
                0x000068ee                Init_Supervisor
 .text.From_Serial_Frame_To_Packet
                0x000068fc      0x124 ./source/Serial_Manager/Serial_Manager.o
                0x000068fc                From_Serial_Frame_To_Packet
 .text.From_Packet_To_Serial_Frame
                0x00006a20      0x162 ./source/Serial_Manager/Serial_Manager.o
                0x00006a20                From_Packet_To_Serial_Frame
 .text.B64Decode
                0x00006b82      0x196 ./source/Serial_Manager/base64_codec.o
                0x00006b82                B64Decode
 .text.B64EncodedLength
                0x00006d18       0x38 ./source/Serial_Manager/base64_codec.o
                0x00006d18                B64EncodedLength
 .text.B64DecodedLength
                0x00006d50       0x52 ./source/Serial_Manager/base64_codec.o
                0x00006d50                B64DecodedLength
 .text.B64a3_to_a4
                0x00006da2       0x76 ./source/Serial_Manager/base64_codec.o
                0x00006da2                B64a3_to_a4
 .text.B64a4_to_a3
                0x00006e18       0x70 ./source/Serial_Manager/base64_codec.o
                0x00006e18                B64a4_to_a3
 .text.B64_lookup
                0x00006e88       0x7c ./source/Serial_Manager/base64_codec.o
                0x00006e88                B64_lookup
 .text.Radio_Manager_Init
                0x00006f04        0xe ./source/RadioManager/RadioManager.o
                0x00006f04                Radio_Manager_Init
 .text.EnableIRQ
                0x00006f12       0x3e ./source/MCU_Drivers/uart/lpuart.o
 .text.LPUART_WriteByte
                0x00006f50       0x1e ./source/MCU_Drivers/uart/lpuart.o
 .text.LPUART_ReadByte
                0x00006f6e       0x16 ./source/MCU_Drivers/uart/lpuart.o
 .text.GPIO_PortSet
                0x00006f84       0x18 ./source/MCU_Drivers/spi/spi.o
 .text.GPIO_PortClear
                0x00006f9c       0x18 ./source/MCU_Drivers/spi/spi.o
 .text.SPI_GetStatusFlag
                0x00006fb4       0x14 ./source/MCU_Drivers/spi/spi.o
                0x00006fb4                SPI_GetStatusFlag
 .text.SPI_Enable_Module
                0x00006fc8       0x1e ./source/MCU_Drivers/spi/spi.o
                0x00006fc8                SPI_Enable_Module
 .text.EnableIRQ
                0x00006fe6       0x3e ./source/MCU_Drivers/pit_timer/pit.o
 .text.PIT_EnableInterrupts
                0x00007024       0x42 ./source/MCU_Drivers/pit_timer/pit.o
 .text.PIT_ClearStatusFlags
                0x00007066       0x2e ./source/MCU_Drivers/pit_timer/pit.o
 .text.PIT_SetTimerPeriod
                0x00007094       0x28 ./source/MCU_Drivers/pit_timer/pit.o
 .text.PIT_StartTimer
                0x000070bc       0x3e ./source/MCU_Drivers/pit_timer/pit.o
 .text.PIT_StopTimer
                0x000070fa       0x40 ./source/MCU_Drivers/pit_timer/pit.o
 .text.EnableIRQ
                0x0000713a       0x3e ./source/MCU_Drivers/lptmr1_timer/lptmr1.o
 .text.Health_Manager_Get_Bat_Voltage
                0x00007178       0x2a ./source/Health_Manager/health_manager.o
                0x00007178                Health_Manager_Get_Bat_Voltage
 .text.Health_Manager_Set_Data
                0x000071a2       0xd2 ./source/Health_Manager/health_manager.o
                0x000071a2                Health_Manager_Set_Data
 .text.FlashInterface_Init
                0x00007274        0xe ./source/FlashManager/FlashDataRWInterface/FlashDataRWInterface.o
                0x00007274                FlashInterface_Init
 .text.FlashInterface_Load_SystemData_FromFlash
                0x00007282      0x108 ./source/FlashManager/FlashDataRWInterface/FlashDataRWInterface.o
                0x00007282                FlashInterface_Load_SystemData_FromFlash
 .text.GPIO_PortClear
                0x0000738a       0x18 ./source/External_HW_Drivers/s2lp/s2lp.o
 .text.S2lp_Config_Power_Management
                0x000073a2       0xa0 ./source/External_HW_Drivers/s2lp/s2lp.o
                0x000073a2                S2lp_Config_Power_Management
 .text.s2lp_Get_Modulation_Type
                0x00007442       0x3a ./source/External_HW_Drivers/s2lp/s2lp.o
                0x00007442                s2lp_Get_Modulation_Type
 .text.s2lp_Set_Channel_Num
                0x0000747c       0x20 ./source/External_HW_Drivers/s2lp/s2lp.o
                0x0000747c                s2lp_Set_Channel_Num
 .text.s2lp_Set_Tx_Power_Config
                0x0000749c       0x26 ./source/External_HW_Drivers/s2lp/s2lp.o
                0x0000749c                s2lp_Set_Tx_Power_Config
 .text.s2lp_Set_Tx_Packet_Length
                0x000074c2       0x34 ./source/External_HW_Drivers/s2lp/s2lp.o
                0x000074c2                s2lp_Set_Tx_Packet_Length
 .text.s2lp_Get_Tx_Packet_Length
                0x000074f6       0x44 ./source/External_HW_Drivers/s2lp/s2lp.o
                0x000074f6                s2lp_Get_Tx_Packet_Length
 .text.s2lp_Get_Operating_State
                0x0000753a       0x16 ./source/External_HW_Drivers/s2lp/s2lp.o
                0x0000753a                s2lp_Get_Operating_State
 .text.s2lp_Check_IrqStatus
                0x00007550       0x60 ./source/External_HW_Drivers/s2lp/s2lp.o
                0x00007550                s2lp_Check_IrqStatus
 .text.S2lp_Config_Interrupt
                0x000075b0       0x50 ./source/External_HW_Drivers/s2lp/s2lp.o
                0x000075b0                S2lp_Config_Interrupt
 .text.s2lp_Set_Packet_Format_StAck
                0x00007600      0x154 ./source/External_HW_Drivers/s2lp/s2lp.o
                0x00007600                s2lp_Set_Packet_Format_StAck
 .text.s2_lp_TestDataRate_RC
                0x00007754       0x22 ./source/External_HW_Drivers/s2lp/s2lp.o
                0x00007754                s2_lp_TestDataRate_RC
 .text.GPIO_PortSet
                0x00007776       0x18 ./source/External_HW_Drivers/mx25l128/mx25l128.o
 .text.mx25l128_Init
                0x0000778e        0xe ./source/External_HW_Drivers/mx25l128/mx25l128.o
                0x0000778e                mx25l128_Init
 .text.CnfManager_Init
                0x0000779c        0xa ./source/Configuration_Manager/configuration_manager.o
                0x0000779c                CnfManager_Init
 .text.CnfManager_Load_Mote_Default_Config
                0x000077a6       0x46 ./source/Configuration_Manager/configuration_manager.o
                0x000077a6                CnfManager_Load_Mote_Default_Config
 .text.CnfManager_Update_Node_Config
                0x000077ec       0x74 ./source/Configuration_Manager/configuration_manager.o
                0x000077ec                CnfManager_Update_Node_Config
 .text.CnfManager_Save_Data
                0x00007860       0xca ./source/Configuration_Manager/configuration_manager.o
                0x00007860                CnfManager_Save_Data
 .text.CnfManager_Load_Data
                0x0000792a       0xcc ./source/Configuration_Manager/configuration_manager.o
                0x0000792a                CnfManager_Load_Data
 .text.Crc16Calc
                0x000079f6       0x4c ./source/CRC_tools/crc_tools.o
                0x000079f6                Crc16Calc
 .text.main     0x00007a42       0x56 ./source/LiteMote.o
                0x00007a42                main
 .text.OSC_SetExtRefClkConfig
                0x00007a98       0x4a ./drivers/fsl_clock.o
 .text.OSC_SetCapLoad
                0x00007ae2       0x42 ./drivers/fsl_clock.o
 .text.CLOCK_GetPll0RefFreq
                0x00007b24       0x10 ./drivers/fsl_clock.o
 .text.CLOCK_GetFixedFreqClkFreq
                0x00007b34       0x30 ./drivers/fsl_clock.o
                0x00007b34                CLOCK_GetFixedFreqClkFreq
 .text.GPIO_PinWrite
                0x00007b64       0x34 ./drivers/fsl_gpio.o
 .text.LPUART_GetStatusFlags
                0x00007b98       0x28 ./drivers/fsl_lpuart.o
                0x00007b98                LPUART_GetStatusFlags
 .text.SystemInitHook
                0x00007bc0        0xa ./device/system_MKL82Z7.o
                0x00007bc0                SystemInitHook
 .text.__main   0x00007bca        0xc c:/nxp/mcuxpressoide_10.3.0_2200/ide/plugins/com.nxp.mcuxpresso.tools.win32_10.3.0.201811011841/tools/bin/../lib/gcc/arm-none-eabi/7.3.1/../../../../arm-none-eabi/lib/thumb/v6-m\libcr_semihost_nf.a(_cr__main.o)
                0x00007bca                __CR_SEMIHOST
                0x00007bca                __main
 .text.memcpy   0x00007bd6        0x8 c:/nxp/mcuxpressoide_10.3.0_2200/ide/plugins/com.nxp.mcuxpresso.tools.win32_10.3.0.201811011841/tools/bin/../lib/gcc/arm-none-eabi/7.3.1/../../../../arm-none-eabi/lib/thumb/v6-m\libcr_c.a(memcpy.o)
                0x00007bd6                memcpy
 .text.memset   0x00007bde        0x8 c:/nxp/mcuxpressoide_10.3.0_2200/ide/plugins/com.nxp.mcuxpresso.tools.win32_10.3.0.201811011841/tools/bin/../lib/gcc/arm-none-eabi/7.3.1/../../../../arm-none-eabi/lib/thumb/v6-m\libcr_c.a(memset.o)
                0x00007bde                memset
 .text.free     0x00007be6       0x2c c:/nxp/mcuxpressoide_10.3.0_2200/ide/plugins/com.nxp.mcuxpresso.tools.win32_10.3.0.201811011841/tools/bin/../lib/gcc/arm-none-eabi/7.3.1/../../../../arm-none-eabi/lib/thumb/v6-m\libcr_c.a(alloc.o)
                0x00007be6                free
 .text.fputs    0x00007c12       0x2e c:/nxp/mcuxpressoide_10.3.0_2200/ide/plugins/com.nxp.mcuxpresso.tools.win32_10.3.0.201811011841/tools/bin/../lib/gcc/arm-none-eabi/7.3.1/../../../../arm-none-eabi/lib/thumb/v6-m\libcr_c.a(fputs.o)
                0x00007c12                fputs
 .text.remove   0x00007c40       0x12 c:/nxp/mcuxpressoide_10.3.0_2200/ide/plugins/com.nxp.mcuxpresso.tools.win32_10.3.0.201811011841/tools/bin/../lib/gcc/arm-none-eabi/7.3.1/../../../../arm-none-eabi/lib/thumb/v6-m\libcr_c.a(remove.o)
                0x00007c40                remove
 .text.__aeabi_division_idivmod
                0x00007c52       0x78 c:/nxp/mcuxpressoide_10.3.0_2200/ide/plugins/com.nxp.mcuxpresso.tools.win32_10.3.0.201811011841/tools/bin/../lib/gcc/arm-none-eabi/7.3.1/thumb/v6-m\libcr_eabihelpers.a(division_32.o)
                0x00007c52                __aeabi_idivmod
                0x00007c52                __aeabi_idiv
                0x00007c58                __aeabi_uidivmod
                0x00007c58                __aeabi_uidiv
 .text.__aeabi_division_uldivmod
                0x00007cca       0x5a c:/nxp/mcuxpressoide_10.3.0_2200/ide/plugins/com.nxp.mcuxpresso.tools.win32_10.3.0.201811011841/tools/bin/../lib/gcc/arm-none-eabi/7.3.1/thumb/v6-m\libcr_eabihelpers.a(division_64.o)
                0x00007cca                __aeabi_uldivmod
 .text.__aeabi_division_idiv0
                0x00007d24        0x2 c:/nxp/mcuxpressoide_10.3.0_2200/ide/plugins/com.nxp.mcuxpresso.tools.win32_10.3.0.201811011841/tools/bin/../lib/gcc/arm-none-eabi/7.3.1/thumb/v6-m\libcr_eabihelpers.a(division_idiv0.o)
                0x00007d24                __aeabi_idiv0
 .text.__bhs_ui2d
                0x00007d26       0x5e c:/nxp/mcuxpressoide_10.3.0_2200/ide/plugins/com.nxp.mcuxpresso.tools.win32_10.3.0.201811011841/tools/bin/../lib/gcc/arm-none-eabi/7.3.1/thumb/v6-m\libcr_eabihelpers.a(double.o)
                0x00007d26                __bhs_ui2d
 .text.__aeabi_i2d
                0x00007d84       0x18 c:/nxp/mcuxpressoide_10.3.0_2200/ide/plugins/com.nxp.mcuxpresso.tools.win32_10.3.0.201811011841/tools/bin/../lib/gcc/arm-none-eabi/7.3.1/thumb/v6-m\libcr_eabihelpers.a(double.o)
                0x00007d84                __aeabi_i2d
 .text.__aeabi_f2uiz
                0x00007d9c       0x2a c:/nxp/mcuxpressoide_10.3.0_2200/ide/plugins/com.nxp.mcuxpresso.tools.win32_10.3.0.201811011841/tools/bin/../lib/gcc/arm-none-eabi/7.3.1/thumb/v6-m\libcr_eabihelpers.a(float.o)
                0x00007d9c                __aeabi_f2uiz
 .text.__bhs_ui2f
                0x00007dc6       0x62 c:/nxp/mcuxpressoide_10.3.0_2200/ide/plugins/com.nxp.mcuxpresso.tools.win32_10.3.0.201811011841/tools/bin/../lib/gcc/arm-none-eabi/7.3.1/thumb/v6-m\libcr_eabihelpers.a(float.o)
                0x00007dc6                __bhs_ui2f
 .text.__aeabi_i2f
                0x00007e28       0x18 c:/nxp/mcuxpressoide_10.3.0_2200/ide/plugins/com.nxp.mcuxpresso.tools.win32_10.3.0.201811011841/tools/bin/../lib/gcc/arm-none-eabi/7.3.1/thumb/v6-m\libcr_eabihelpers.a(float.o)
                0x00007e28                __aeabi_i2f
 .text.__aeabi_ui2f
                0x00007e40        0xc c:/nxp/mcuxpressoide_10.3.0_2200/ide/plugins/com.nxp.mcuxpresso.tools.win32_10.3.0.201811011841/tools/bin/../lib/gcc/arm-none-eabi/7.3.1/thumb/v6-m\libcr_eabihelpers.a(float.o)
                0x00007e40                __aeabi_ui2f
 .text.__aeabi_fcmplt
                0x00007e4c       0x44 c:/nxp/mcuxpressoide_10.3.0_2200/ide/plugins/com.nxp.mcuxpresso.tools.win32_10.3.0.201811011841/tools/bin/../lib/gcc/arm-none-eabi/7.3.1/thumb/v6-m\libcr_eabihelpers.a(float.o)
                0x00007e4c                __aeabi_fcmplt
 .text.__aeabi_fcmpgt
                0x00007e90       0x3e c:/nxp/mcuxpressoide_10.3.0_2200/ide/plugins/com.nxp.mcuxpresso.tools.win32_10.3.0.201811011841/tools/bin/../lib/gcc/arm-none-eabi/7.3.1/thumb/v6-m\libcr_eabihelpers.a(float.o)
                0x00007e90                __aeabi_fcmpgt
 .text.__aeabi_fcmple
                0x00007ece       0x40 c:/nxp/mcuxpressoide_10.3.0_2200/ide/plugins/com.nxp.mcuxpresso.tools.win32_10.3.0.201811011841/tools/bin/../lib/gcc/arm-none-eabi/7.3.1/thumb/v6-m\libcr_eabihelpers.a(float.o)
                0x00007ece                __aeabi_fcmple
 .text.__aeabi_fcmpge
                0x00007f0e       0x3c c:/nxp/mcuxpressoide_10.3.0_2200/ide/plugins/com.nxp.mcuxpresso.tools.win32_10.3.0.201811011841/tools/bin/../lib/gcc/arm-none-eabi/7.3.1/thumb/v6-m\libcr_eabihelpers.a(float.o)
                0x00007f0e                __aeabi_fcmpge
 .text.__aeabi_llong_lmul
                0x00007f4a       0x2e c:/nxp/mcuxpressoide_10.3.0_2200/ide/plugins/com.nxp.mcuxpresso.tools.win32_10.3.0.201811011841/tools/bin/../lib/gcc/arm-none-eabi/7.3.1/thumb/v6-m\libcr_eabihelpers.a(llong.o)
                0x00007f4a                __aeabi_lmul
 .text.__aeabi_memcpy
                0x00007f78       0x2c c:/nxp/mcuxpressoide_10.3.0_2200/ide/plugins/com.nxp.mcuxpresso.tools.win32_10.3.0.201811011841/tools/bin/../lib/gcc/arm-none-eabi/7.3.1/thumb/v6-m\libcr_eabihelpers.a(memcpy.o)
                0x00007f78                __aeabi_memcpy4
                0x00007f78                __aeabi_memcpy8
                0x00007f78                __aeabi_memcpy
 .text.__aeabi_memset_lowlevel
                0x00007fa4       0x2a c:/nxp/mcuxpressoide_10.3.0_2200/ide/plugins/com.nxp.mcuxpresso.tools.win32_10.3.0.201811011841/tools/bin/../lib/gcc/arm-none-eabi/7.3.1/thumb/v6-m\libcr_eabihelpers.a(memcpy.o)
                0x00007fa4                __aeabi_lowlevel_memset
 .text.__sys_close
                0x00007fce        0xc c:/nxp/mcuxpressoide_10.3.0_2200/ide/plugins/com.nxp.mcuxpresso.tools.win32_10.3.0.201811011841/tools/bin/../lib/gcc/arm-none-eabi/7.3.1/../../../../arm-none-eabi/lib/thumb/v6-m\libcr_semihost_nf.a(__sys_close.o)
                0x00007fce                __sys_close
 .text.__sys_flen
                0x00007fda        0xc c:/nxp/mcuxpressoide_10.3.0_2200/ide/plugins/com.nxp.mcuxpresso.tools.win32_10.3.0.201811011841/tools/bin/../lib/gcc/arm-none-eabi/7.3.1/../../../../arm-none-eabi/lib/thumb/v6-m\libcr_semihost_nf.a(__sys_flen.o)
                0x00007fda                __sys_flen
 .text.__sys_istty
                0x00007fe6        0xc c:/nxp/mcuxpressoide_10.3.0_2200/ide/plugins/com.nxp.mcuxpresso.tools.win32_10.3.0.201811011841/tools/bin/../lib/gcc/arm-none-eabi/7.3.1/../../../../arm-none-eabi/lib/thumb/v6-m\libcr_semihost_nf.a(__sys_istty.o)
                0x00007fe6                __sys_istty
 .text.__sys_remove
                0x00007ff2        0xc c:/nxp/mcuxpressoide_10.3.0_2200/ide/plugins/com.nxp.mcuxpresso.tools.win32_10.3.0.201811011841/tools/bin/../lib/gcc/arm-none-eabi/7.3.1/../../../../arm-none-eabi/lib/thumb/v6-m\libcr_semihost_nf.a(__sys_remove.o)
                0x00007ff2                __sys_remove
 .text.__sys_seek
                0x00007ffe        0xc c:/nxp/mcuxpressoide_10.3.0_2200/ide/plugins/com.nxp.mcuxpresso.tools.win32_10.3.0.201811011841/tools/bin/../lib/gcc/arm-none-eabi/7.3.1/../../../../arm-none-eabi/lib/thumb/v6-m\libcr_semihost_nf.a(__sys_seek.o)
                0x00007ffe                __sys_seek
 .text.__sys_tmpnam
                0x0000800a        0xc c:/nxp/mcuxpressoide_10.3.0_2200/ide/plugins/com.nxp.mcuxpresso.tools.win32_10.3.0.201811011841/tools/bin/../lib/gcc/arm-none-eabi/7.3.1/../../../../arm-none-eabi/lib/thumb/v6-m\libcr_semihost_nf.a(__sys_tmpnam.o)
                0x0000800a                __sys_tmpnam
 .text.__sys_write
                0x00008016        0xc c:/nxp/mcuxpressoide_10.3.0_2200/ide/plugins/com.nxp.mcuxpresso.tools.win32_10.3.0.201811011841/tools/bin/../lib/gcc/arm-none-eabi/7.3.1/../../../../arm-none-eabi/lib/thumb/v6-m\libcr_semihost_nf.a(__sys_write.o)
                0x00008016                __sys_write
 *(SORT_BY_ALIGNMENT(.rodata) SORT_BY_ALIGNMENT(.rodata.*) SORT_BY_ALIGNMENT(.constdata) SORT_BY_ALIGNMENT(.constdata.*))
 *fill*         0x00008022        0x2 ff
 .rodata        0x00008024        0x2 ./source/Supervisor/Supervisor.o
 *fill*         0x00008026        0x2 ff
 .rodata.kBase64Alphabet
                0x00008028       0x41 ./source/Serial_Manager/base64_codec.o
                0x00008028                kBase64Alphabet
 *fill*         0x00008069        0x3 ff
 .rodata.Radio_Interface_Load_Parameters
                0x0000806c       0x38 ./source/RadioManager/RadioManager.o
 .rodata        0x000080a4       0x22 ./source/MCU_Drivers/pit_timer/pit.o
 *fill*         0x000080c6        0x2 ff
 .rodata.s2lp_Set_Modulation_Type
                0x000080c8       0x30 ./source/External_HW_Drivers/s2lp/s2lp.o
 .rodata.s2lp_Set_Operating_State
                0x000080f8       0x50 ./source/External_HW_Drivers/s2lp/s2lp.o
 .rodata        0x00008148        0x2 ./source/External_HW_Drivers/s2lp/s2lp.o
 *fill*         0x0000814a        0x2 ff
 .rodata        0x0000814c        0x2 ./source/External_HW_Drivers/mx25l128/mx25l128.o
 *fill*         0x0000814e        0x2 ff
 .rodata.crc16_table
                0x00008150      0x200 ./source/CRC_tools/crc_tools.o
                0x00008150                crc16_table
 .rodata        0x00008350      0x179 ./drivers/fsl_clock.o
 *fill*         0x000084c9        0x3 ff
 .rodata.CLOCK_GetFreq
                0x000084cc       0x50 ./drivers/fsl_clock.o
 .rodata.fllFactorTable.5944
                0x0000851c       0x10 ./drivers/fsl_clock.o
 .rodata        0x0000852c       0xc7 ./drivers/fsl_gpio.o
 *fill*         0x000085f3        0x1 ff
 .rodata.s_lpuartBases
                0x000085f4        0xc ./drivers/fsl_lpuart.o
 .rodata.s_lpuartClock
                0x00008600        0xc ./drivers/fsl_lpuart.o
 .rodata        0x0000860c      0x59e ./drivers/fsl_lpuart.o
 *fill*         0x00008baa        0x2 ff
 .rodata        0x00008bac       0x5d ./drivers/fsl_pit.o
 *fill*         0x00008c09        0x3 ff
 .rodata.mcgConfig_BOARD_BootClockRUN
                0x00008c0c        0xb ./board/clock_config.o
                0x00008c0c                mcgConfig_BOARD_BootClockRUN
 *fill*         0x00008c17        0x1 ff
 .rodata.simConfig_BOARD_BootClockRUN
                0x00008c18        0x8 ./board/clock_config.o
                0x00008c18                simConfig_BOARD_BootClockRUN
 .rodata.oscConfig_BOARD_BootClockRUN
                0x00008c20        0x8 ./board/clock_config.o
                0x00008c20                oscConfig_BOARD_BootClockRUN
 .rodata.__num_Ciob_streams
                0x00008c28        0x4 c:/nxp/mcuxpressoide_10.3.0_2200/ide/plugins/com.nxp.mcuxpresso.tools.win32_10.3.0.201811011841/tools/bin/../lib/gcc/arm-none-eabi/7.3.1/../../../../arm-none-eabi/lib/thumb/v6-m\libcr_semihost_nf.a(__ciob.o)
                0x00008c28                __num_Ciob_streams
 .rodata.__assertion_failed.str1.1
                0x00008c2c       0x15 c:/nxp/mcuxpressoide_10.3.0_2200/ide/plugins/com.nxp.mcuxpresso.tools.win32_10.3.0.201811011841/tools/bin/../lib/gcc/arm-none-eabi/7.3.1/../../../../arm-none-eabi/lib/thumb/v6-m\libcr_semihost_nf.a(_cr_assert.o)
 .rodata._Csys_alloc.str1.1
                0x00008c41       0x18 c:/nxp/mcuxpressoide_10.3.0_2200/ide/plugins/com.nxp.mcuxpresso.tools.win32_10.3.0.201811011841/tools/bin/../lib/gcc/arm-none-eabi/7.3.1/../../../../arm-none-eabi/lib/thumb/v6-m\libcr_c.a(alloc.o)
 .rodata._initio.str1.1
                0x00008c59        0x4 c:/nxp/mcuxpressoide_10.3.0_2200/ide/plugins/com.nxp.mcuxpresso.tools.win32_10.3.0.201811011841/tools/bin/../lib/gcc/arm-none-eabi/7.3.1/../../../../arm-none-eabi/lib/thumb/v6-m\libcr_c.a(initio.o)
                0x00008c60                . = ALIGN (0x4)
 *fill*         0x00008c5d        0x3 ff

.glue_7         0x00008c60        0x0
 .glue_7        0x00008c60        0x0 linker stubs

.glue_7t        0x00008c60        0x0
 .glue_7t       0x00008c60        0x0 linker stubs

.vfp11_veneer   0x00008c60        0x0
 .vfp11_veneer  0x00008c60        0x0 linker stubs

.v4_bx          0x00008c60        0x0
 .v4_bx         0x00008c60        0x0 linker stubs

.iplt           0x00008c60        0x0
 .iplt          0x00008c60        0x0 ./startup/startup_mkl82z7.o

.rel.dyn        0x00008c60        0x0
 .rel.iplt      0x00008c60        0x0 ./startup/startup_mkl82z7.o

.ARM.extab
 *(SORT_BY_ALIGNMENT(.ARM.extab*) SORT_BY_ALIGNMENT(.gnu.linkonce.armextab.*))
                0x00008c60                __exidx_start = .

.ARM.exidx
 *(SORT_BY_ALIGNMENT(.ARM.exidx*) SORT_BY_ALIGNMENT(.gnu.linkonce.armexidx.*))
                0x00008c60                __exidx_end = .
                0x00008c60                _etext = .

.m_usb_data
 *(SORT_BY_ALIGNMENT(m_usb_bdt))
 *(SORT_BY_ALIGNMENT(m_usb_global))

.mtb_buffer_RAM2
 *(SORT_BY_ALIGNMENT(.mtb.$RAM2*))
 *(SORT_BY_ALIGNMENT(.mtb.$USB_RAM*))

.data_RAM2      0x40100000        0x0 load address 0x00008c60
 FILL mask 0xff
                [!provide]                PROVIDE (__start_data_RAM2 = .)
 *(SORT_BY_ALIGNMENT(.ramfunc.$RAM2))
 *(SORT_BY_ALIGNMENT(.ramfunc.$USB_RAM))
 *(SORT_BY_ALIGNMENT(.data.$RAM2*))
 *(SORT_BY_ALIGNMENT(.data.$USB_RAM*))
                0x40100000                . = ALIGN (0x4)
                [!provide]                PROVIDE (__end_data_RAM2 = .)

.mtb_buffer_default
                0x1fffa000       0x80
 *(SORT_BY_ALIGNMENT(.mtb*))
 .mtb.$RAM1     0x1fffa000       0x80 ./source/mtb.o
                0x1fffa000                __mtb_buffer__

.uninit_RESERVED
                0x1fffa080        0x0
 *(SORT_BY_ALIGNMENT(.bss.$RESERVED*))
                0x1fffa080                . = ALIGN (0x4)
                0x1fffa080                _end_uninit_RESERVED = .

.data           0x1fffa080       0x10 load address 0x00008c60
 FILL mask 0xff
                0x1fffa080                _data = .
 *(SORT_BY_ALIGNMENT(vtable))
 *(SORT_BY_ALIGNMENT(.ramfunc*))
 *(SORT_BY_ALIGNMENT(.data*))
 .data.s_slowIrcFreq
                0x1fffa080        0x4 ./drivers/fsl_clock.o
 .data.s_fastIrcFreq
                0x1fffa084        0x4 ./drivers/fsl_clock.o
 .data.SystemCoreClock
                0x1fffa088        0x4 ./device/system_MKL82Z7.o
                0x1fffa088                SystemCoreClock
 .data.flag_radio_operation_finished
                0x1fffa08c        0x1 ./source/External_HW_Drivers/s2lp/s2lp.o
                0x1fffa08c                flag_radio_operation_finished
                0x1fffa090                . = ALIGN (0x4)
 *fill*         0x1fffa08d        0x3 ff
                0x1fffa090                _edata = .

.igot.plt       0x1fffa090        0x0 load address 0x00008c70
 .igot.plt      0x1fffa090        0x0 ./startup/startup_mkl82z7.o

.bss_RAM2       0x40100000        0x0
                [!provide]                PROVIDE (__start_bss_RAM2 = .)
 *(SORT_BY_ALIGNMENT(.bss.$RAM2*))
 *(SORT_BY_ALIGNMENT(.bss.$USB_RAM*))
                0x40100000                . = ALIGN ((. != 0x0)?0x4:0x1)
                [!provide]                PROVIDE (__end_bss_RAM2 = .)

.bss            0x1fffa090      0xa24
                0x1fffa090                _bss = .
 *(SORT_BY_ALIGNMENT(.bss*))
 .bss.serial_encoded_Frame_RX_Buffer
                0x1fffa090       0xb4 ./source/Serial_Manager/Serial_Manager.o
                0x1fffa090                serial_encoded_Frame_RX_Buffer
 .bss.serial_decodedFrame_RX_Buffer
                0x1fffa144       0x80 ./source/Serial_Manager/Serial_Manager.o
                0x1fffa144                serial_decodedFrame_RX_Buffer
 .bss.serial_Tx_decoded_Frame
                0x1fffa1c4       0x80 ./source/Serial_Manager/Serial_Manager.o
                0x1fffa1c4                serial_Tx_decoded_Frame
 .bss.serial_Tx_encoded_Frame
                0x1fffa244       0xb4 ./source/Serial_Manager/Serial_Manager.o
                0x1fffa244                serial_Tx_encoded_Frame
 .bss.packet_Rx_FIFO
                0x1fffa2f8      0x1f8 ./source/Serial_Manager/Serial_Packet_FIFOs.o
                0x1fffa2f8                packet_Rx_FIFO
 .bss.packet_Tx_FIFO
                0x1fffa4f0      0x1f8 ./source/Serial_Manager/Serial_Packet_FIFOs.o
                0x1fffa4f0                packet_Tx_FIFO
 .bss.config    0x1fffa6e8       0x14 ./source/MCU_Drivers/uart/lpuart.o
                0x1fffa6e8                config
 .bss.serial_Tx_Data_Buffer
                0x1fffa6fc       0x80 ./source/MCU_Drivers/uart/lpuart.o
                0x1fffa6fc                serial_Tx_Data_Buffer
 .bss.bytes_to_Tx
                0x1fffa77c        0x4 ./source/MCU_Drivers/spi/spi.o
                0x1fffa77c                bytes_to_Tx
 .bss.bytes_transmitted
                0x1fffa780        0x4 ./source/MCU_Drivers/spi/spi.o
                0x1fffa780                bytes_transmitted
 .bss.txrx_Buffer_SPI1
                0x1fffa784        0x4 ./source/MCU_Drivers/spi/spi.o
                0x1fffa784                txrx_Buffer_SPI1
 .bss.txrx_Buffer_SPI0
                0x1fffa788        0x4 ./source/MCU_Drivers/spi/spi.o
                0x1fffa788                txrx_Buffer_SPI0
 .bss.packet_aux
                0x1fffa78c       0x7e ./source/Health_Manager/health_manager.o
                0x1fffa78c                packet_aux
 *fill*         0x1fffa80a        0x2 
 .bss.radioBufferDataTxRx
                0x1fffa80c       0x82 ./source/External_HW_Drivers/s2lp/s2lp.o
                0x1fffa80c                radioBufferDataTxRx
 *fill*         0x1fffa88e        0x2 
 .bss.radioPArams
                0x1fffa890        0x2 ./source/External_HW_Drivers/s2lp/s2lp.o
                0x1fffa890                radioPArams
 *fill*         0x1fffa892        0x2 
 .bss.dataToTxRx
                0x1fffa894      0x104 ./source/External_HW_Drivers/mx25l128/mx25l128.o
                0x1fffa894                dataToTxRx
 .bss.current_Identity_Config
                0x1fffa998        0xc ./source/Configuration_Manager/configuration_manager.o
                0x1fffa998                current_Identity_Config
 .bss.current_Health_Config
                0x1fffa9a4        0x2 ./source/Configuration_Manager/configuration_manager.o
                0x1fffa9a4                current_Health_Config
 *fill*         0x1fffa9a6        0x2 
 .bss.current_ADC_Cal_Data
                0x1fffa9a8        0x6 ./source/Configuration_Manager/configuration_manager.o
                0x1fffa9a8                current_ADC_Cal_Data
 *fill*         0x1fffa9ae        0x2 
 .bss.current_Radio_Conf_Data
                0x1fffa9b0        0x5 ./source/Configuration_Manager/configuration_manager.o
                0x1fffa9b0                current_Radio_Conf_Data
 *fill*         0x1fffa9b5        0x3 
 .bss.g_xtal0Freq
                0x1fffa9b8        0x4 ./drivers/fsl_clock.o
                0x1fffa9b8                g_xtal0Freq
 .bss.g_xtal32Freq
                0x1fffa9bc        0x4 ./drivers/fsl_clock.o
                0x1fffa9bc                g_xtal32Freq
 .bss.s_lpuartHandle
                0x1fffa9c0        0xc ./drivers/fsl_lpuart.o
 .bss.s_lpuartIsr
                0x1fffa9cc        0x4 ./drivers/fsl_lpuart.o
 .bss.__Ciob    0x1fffa9d0       0xb4 c:/nxp/mcuxpressoide_10.3.0_2200/ide/plugins/com.nxp.mcuxpresso.tools.win32_10.3.0.201811011841/tools/bin/../lib/gcc/arm-none-eabi/7.3.1/../../../../arm-none-eabi/lib/thumb/v6-m\libcr_semihost_nf.a(__ciob.o)
                0x1fffa9d0                __Ciob
 .bss.__end_of_heap
                0x1fffaa84        0x4 c:/nxp/mcuxpressoide_10.3.0_2200/ide/plugins/com.nxp.mcuxpresso.tools.win32_10.3.0.201811011841/tools/bin/../lib/gcc/arm-none-eabi/7.3.1/../../../../arm-none-eabi/lib/thumb/v6-m\libcr_c.a(__init_alloc.o)
                0x1fffaa84                __end_of_heap
 .bss.__heaps   0x1fffaa88        0x4 c:/nxp/mcuxpressoide_10.3.0_2200/ide/plugins/com.nxp.mcuxpresso.tools.win32_10.3.0.201811011841/tools/bin/../lib/gcc/arm-none-eabi/7.3.1/../../../../arm-none-eabi/lib/thumb/v6-m\libcr_c.a(__init_alloc.o)
                0x1fffaa88                __heaps
 .bss.errno     0x1fffaa8c        0x4 c:/nxp/mcuxpressoide_10.3.0_2200/ide/plugins/com.nxp.mcuxpresso.tools.win32_10.3.0.201811011841/tools/bin/../lib/gcc/arm-none-eabi/7.3.1/../../../../arm-none-eabi/lib/thumb/v6-m\libcr_c.a(errno.o)
                0x1fffaa8c                errno
 .bss.serial_crc_frame
                0x1fffaa90        0x2 ./source/Serial_Manager/Serial_Manager.o
                0x1fffaa90                serial_crc_frame
 .bss.serial_tx_crc
                0x1fffaa92        0x2 ./source/Serial_Manager/Serial_Manager.o
                0x1fffaa92                serial_tx_crc
 .bss.packet_Manager_Motor_State
                0x1fffaa94        0x1 ./source/packet_manager/packet_manager.o
                0x1fffaa94                packet_Manager_Motor_State
 .bss.serial_Manager_Motor_State
                0x1fffaa95        0x1 ./source/Serial_Manager/Serial_Manager.o
                0x1fffaa95                serial_Manager_Motor_State
 .bss.serial_Manager_Tx_State
                0x1fffaa96        0x1 ./source/Serial_Manager/Serial_Manager.o
                0x1fffaa96                serial_Manager_Tx_State
 .bss.receiving_Serial_Frame_Flag
                0x1fffaa97        0x1 ./source/Serial_Manager/Serial_Manager.o
                0x1fffaa97                receiving_Serial_Frame_Flag
 .bss.serial_Frame_Rx_Index
                0x1fffaa98        0x1 ./source/Serial_Manager/Serial_Manager.o
                0x1fffaa98                serial_Frame_Rx_Index
 .bss.serial_frame_RX_decoded_length
                0x1fffaa99        0x1 ./source/Serial_Manager/Serial_Manager.o
                0x1fffaa99                serial_frame_RX_decoded_length
 .bss.serial_Frame_Tx_decoded_Index
                0x1fffaa9a        0x1 ./source/Serial_Manager/Serial_Manager.o
                0x1fffaa9a                serial_Frame_Tx_decoded_Index
 .bss.serial_Frame_Tx_encoded_Index
                0x1fffaa9b        0x1 ./source/Serial_Manager/Serial_Manager.o
                0x1fffaa9b                serial_Frame_Tx_encoded_Index
 .bss.stored_serial_Rx_packets_index
                0x1fffaa9c        0x1 ./source/Serial_Manager/Serial_Packet_FIFOs.o
                0x1fffaa9c                stored_serial_Rx_packets_index
 .bss.index_Rx_FIFO_Tail
                0x1fffaa9d        0x1 ./source/Serial_Manager/Serial_Packet_FIFOs.o
                0x1fffaa9d                index_Rx_FIFO_Tail
 .bss.index_Rx_FIFO_Head
                0x1fffaa9e        0x1 ./source/Serial_Manager/Serial_Packet_FIFOs.o
                0x1fffaa9e                index_Rx_FIFO_Head
 .bss.stored_serial_Tx_packets_index
                0x1fffaa9f        0x1 ./source/Serial_Manager/Serial_Packet_FIFOs.o
                0x1fffaa9f                stored_serial_Tx_packets_index
 .bss.index_Tx_FIFO_Tail
                0x1fffaaa0        0x1 ./source/Serial_Manager/Serial_Packet_FIFOs.o
                0x1fffaaa0                index_Tx_FIFO_Tail
 .bss.index_Tx_FIFO_Head
                0x1fffaaa1        0x1 ./source/Serial_Manager/Serial_Packet_FIFOs.o
                0x1fffaaa1                index_Tx_FIFO_Head
 .bss.byte_received_flag
                0x1fffaaa2        0x1 ./source/MCU_Drivers/uart/lpuart.o
                0x1fffaaa2                byte_received_flag
 .bss.byte_received
                0x1fffaaa3        0x1 ./source/MCU_Drivers/uart/lpuart.o
                0x1fffaaa3                byte_received
 .bss.serial_frame_sending_flag
                0x1fffaaa4        0x1 ./source/MCU_Drivers/uart/lpuart.o
                0x1fffaaa4                serial_frame_sending_flag
 .bss.bytes_to_Send
                0x1fffaaa5        0x1 ./source/MCU_Drivers/uart/lpuart.o
                0x1fffaaa5                bytes_to_Send
 .bss.bytes_Sent
                0x1fffaaa6        0x1 ./source/MCU_Drivers/uart/lpuart.o
                0x1fffaaa6                bytes_Sent
 .bss.device_enabled
                0x1fffaaa7        0x1 ./source/MCU_Drivers/spi/spi.o
                0x1fffaaa7                device_enabled
 .bss.header    0x1fffaaa8        0x1 ./source/MCU_Drivers/spi/spi.o
                0x1fffaaa8                header
 .bss.serial_comm_timeout_flag
                0x1fffaaa9        0x1 ./source/MCU_Drivers/pit_timer/pit.o
                0x1fffaaa9                serial_comm_timeout_flag
 .bss.flag_Need_Tx_Health
                0x1fffaaaa        0x1 ./source/MCU_Drivers/lptmr1_timer/lptmr1.o
                0x1fffaaaa                flag_Need_Tx_Health
 .bss.adcInitialized
                0x1fffaaab        0x1 ./source/MCU_Drivers/adc/adc.o
                0x1fffaaab                adcInitialized
 .bss.Health_Manager_State
                0x1fffaaac        0x1 ./source/Health_Manager/health_manager.o
                0x1fffaaac                Health_Manager_State
 .bss.s2lp_spi_header
                0x1fffaaad        0x1 ./source/External_HW_Drivers/s2lp/s2lp.o
                0x1fffaaad                s2lp_spi_header
 .bss.status_register
                0x1fffaaae        0x1 ./source/External_HW_Drivers/mx25l128/mx25l128.o
                0x1fffaaae                status_register
 .bss.security_register
                0x1fffaaaf        0x1 ./source/External_HW_Drivers/mx25l128/mx25l128.o
                0x1fffaaaf                security_register
 .bss.flag_flash_operation_finished
                0x1fffaab0        0x1 ./source/External_HW_Drivers/mx25l128/mx25l128.o
                0x1fffaab0                flag_flash_operation_finished
 .bss.mx25l128_spi_header
                0x1fffaab1        0x1 ./source/External_HW_Drivers/mx25l128/mx25l128.o
                0x1fffaab1                mx25l128_spi_header
 *(SORT_BY_ALIGNMENT(COMMON))
                0x1fffaab4                . = ALIGN (0x4)
 *fill*         0x1fffaab2        0x2 
                0x1fffaab4                _ebss = .
                [!provide]                PROVIDE (end = .)

.noinit_RAM2    0x40100000        0x0
 *(SORT_BY_ALIGNMENT(.noinit.$RAM2*))
 *(SORT_BY_ALIGNMENT(.noinit.$USB_RAM*))
                0x40100000                . = ALIGN (0x4)

.noinit         0x1fffaab4        0x0
                0x1fffaab4                _noinit = .
 *(SORT_BY_ALIGNMENT(.noinit*))
                0x1fffaab4                . = ALIGN (0x4)
                0x1fffaab4                _end_noinit = .
                0x00001000                _HeapSize = 0x1000

.heap           0x1fffaab4     0x1000
                0x1fffaab4                _pvHeapStart = .
                0x1fffbab4                . = (. + _HeapSize)
 *fill*         0x1fffaab4     0x1000 
                0x1fffbab4                . = ALIGN (0x4)
                0x1fffbab4                _pvHeapLimit = .
                0x00001000                _StackSize = 0x1000

.heap2stackfill
                0x1fffbab4     0x1000
                0x1fffcab4                . = (. + _StackSize)
 *fill*         0x1fffbab4     0x1000 

.stack          0x20011000        0x0
                0x20011000                _vStackBase = .
                0x20011000                . = ALIGN (0x4)
                0x20012000                _vStackTop = (. + _StackSize)
                0x00000000                _image_start = LOADADDR (.text)
                0x00008c70                _image_end = (LOADADDR (.data) + SIZEOF (.data))
                0x00008c70                _image_size = (_image_end - _image_start)
OUTPUT(LiteMote.axf elf32-littlearm)

.debug_info     0x00000000     0xf8fd
 .debug_info    0x00000000      0x693 ./startup/startup_mkl82z7.o
 .debug_info    0x00000693      0x245 ./source/packet_manager/packet_manager.o
 .debug_info    0x000008d8      0x5bd ./source/Supervisor/Supervisor.o
 .debug_info    0x00000e95      0x94e ./source/Serial_Manager/Serial_Manager.o
 .debug_info    0x000017e3      0x2ef ./source/Serial_Manager/Serial_Packet_FIFOs.o
 .debug_info    0x00001ad2      0x2e5 ./source/Serial_Manager/base64_codec.o
 .debug_info    0x00001db7       0xdc ./source/RadioManager/RadioManager.o
 .debug_info    0x00001e93     0x1796 ./source/MCU_Drivers/uart/lpuart.o
 .debug_info    0x00003629     0x13aa ./source/MCU_Drivers/spi/spi.o
 .debug_info    0x000049d3      0xa7e ./source/MCU_Drivers/pit_timer/pit.o
 .debug_info    0x00005451      0xecd ./source/MCU_Drivers/lptmr1_timer/lptmr1.o
 .debug_info    0x0000631e      0x8a3 ./source/MCU_Drivers/adc/adc.o
 .debug_info    0x00006bc1      0x294 ./source/Health_Manager/health_manager.o
 .debug_info    0x00006e55      0x29e ./source/FlashManager/FlashDataRWInterface/FlashDataRWInterface.o
 .debug_info    0x000070f3     0x15ff ./source/External_HW_Drivers/s2lp/s2lp.o
 .debug_info    0x000086f2      0xd6d ./source/External_HW_Drivers/mx25l128/mx25l128.o
 .debug_info    0x0000945f      0x4f3 ./source/Configuration_Manager/configuration_manager.o
 .debug_info    0x00009952       0xe6 ./source/CRC_tools/crc_tools.o
 .debug_info    0x00009a38      0x57b ./source/LiteMote.o
 .debug_info    0x00009fb3       0x52 ./source/mtb.o
 .debug_info    0x0000a005       0x3b ./source/semihost_hardfault.o
 .debug_info    0x0000a040     0x208d ./drivers/fsl_clock.o
 .debug_info    0x0000c0cd      0x808 ./drivers/fsl_gpio.o
 .debug_info    0x0000c8d5     0x17d9 ./drivers/fsl_lpuart.o
 .debug_info    0x0000e0ae      0x764 ./drivers/fsl_pit.o
 .debug_info    0x0000e812      0x4e2 ./device/system_MKL82Z7.o
 .debug_info    0x0000ecf4      0xc09 ./board/clock_config.o

.debug_abbrev   0x00000000     0x2f68
 .debug_abbrev  0x00000000      0x16d ./startup/startup_mkl82z7.o
 .debug_abbrev  0x0000016d      0x144 ./source/packet_manager/packet_manager.o
 .debug_abbrev  0x000002b1      0x1f3 ./source/Supervisor/Supervisor.o
 .debug_abbrev  0x000004a4      0x201 ./source/Serial_Manager/Serial_Manager.o
 .debug_abbrev  0x000006a5      0x1c4 ./source/Serial_Manager/Serial_Packet_FIFOs.o
 .debug_abbrev  0x00000869      0x108 ./source/Serial_Manager/base64_codec.o
 .debug_abbrev  0x00000971       0xa6 ./source/RadioManager/RadioManager.o
 .debug_abbrev  0x00000a17      0x2c9 ./source/MCU_Drivers/uart/lpuart.o
 .debug_abbrev  0x00000ce0      0x2f5 ./source/MCU_Drivers/spi/spi.o
 .debug_abbrev  0x00000fd5      0x288 ./source/MCU_Drivers/pit_timer/pit.o
 .debug_abbrev  0x0000125d      0x277 ./source/MCU_Drivers/lptmr1_timer/lptmr1.o
 .debug_abbrev  0x000014d4      0x200 ./source/MCU_Drivers/adc/adc.o
 .debug_abbrev  0x000016d4      0x117 ./source/Health_Manager/health_manager.o
 .debug_abbrev  0x000017eb      0x13e ./source/FlashManager/FlashDataRWInterface/FlashDataRWInterface.o
 .debug_abbrev  0x00001929      0x2e1 ./source/External_HW_Drivers/s2lp/s2lp.o
 .debug_abbrev  0x00001c0a      0x261 ./source/External_HW_Drivers/mx25l128/mx25l128.o
 .debug_abbrev  0x00001e6b      0x158 ./source/Configuration_Manager/configuration_manager.o
 .debug_abbrev  0x00001fc3       0xa9 ./source/CRC_tools/crc_tools.o
 .debug_abbrev  0x0000206c      0x144 ./source/LiteMote.o
 .debug_abbrev  0x000021b0       0x44 ./source/mtb.o
 .debug_abbrev  0x000021f4       0x2f ./source/semihost_hardfault.o
 .debug_abbrev  0x00002223      0x307 ./drivers/fsl_clock.o
 .debug_abbrev  0x0000252a      0x211 ./drivers/fsl_gpio.o
 .debug_abbrev  0x0000273b      0x2d8 ./drivers/fsl_lpuart.o
 .debug_abbrev  0x00002a13      0x20d ./drivers/fsl_pit.o
 .debug_abbrev  0x00002c20      0x154 ./device/system_MKL82Z7.o
 .debug_abbrev  0x00002d74      0x1f4 ./board/clock_config.o

.debug_aranges  0x00000000      0xf18
 .debug_aranges
                0x00000000      0x240 ./startup/startup_mkl82z7.o
 .debug_aranges
                0x00000240       0x40 ./source/packet_manager/packet_manager.o
 .debug_aranges
                0x00000280       0x60 ./source/Supervisor/Supervisor.o
 .debug_aranges
                0x000002e0       0x48 ./source/Serial_Manager/Serial_Manager.o
 .debug_aranges
                0x00000328       0x58 ./source/Serial_Manager/Serial_Packet_FIFOs.o
 .debug_aranges
                0x00000380       0x50 ./source/Serial_Manager/base64_codec.o
 .debug_aranges
                0x000003d0       0x38 ./source/RadioManager/RadioManager.o
 .debug_aranges
                0x00000408       0x98 ./source/MCU_Drivers/uart/lpuart.o
 .debug_aranges
                0x000004a0       0xb8 ./source/MCU_Drivers/spi/spi.o
 .debug_aranges
                0x00000558       0x88 ./source/MCU_Drivers/pit_timer/pit.o
 .debug_aranges
                0x000005e0       0x80 ./source/MCU_Drivers/lptmr1_timer/lptmr1.o
 .debug_aranges
                0x00000660       0x78 ./source/MCU_Drivers/adc/adc.o
 .debug_aranges
                0x000006d8       0x50 ./source/Health_Manager/health_manager.o
 .debug_aranges
                0x00000728       0x40 ./source/FlashManager/FlashDataRWInterface/FlashDataRWInterface.o
 .debug_aranges
                0x00000768      0x1a8 ./source/External_HW_Drivers/s2lp/s2lp.o
 .debug_aranges
                0x00000910       0xc0 ./source/External_HW_Drivers/mx25l128/mx25l128.o
 .debug_aranges
                0x000009d0       0x70 ./source/Configuration_Manager/configuration_manager.o
 .debug_aranges
                0x00000a40       0x28 ./source/CRC_tools/crc_tools.o
 .debug_aranges
                0x00000a68       0x20 ./source/LiteMote.o
 .debug_aranges
                0x00000a88       0x18 ./source/mtb.o
 .debug_aranges
                0x00000aa0       0x20 ./source/semihost_hardfault.o
 .debug_aranges
                0x00000ac0      0x1f8 ./drivers/fsl_clock.o
 .debug_aranges
                0x00000cb8       0x68 ./drivers/fsl_gpio.o
 .debug_aranges
                0x00000d20      0x128 ./drivers/fsl_lpuart.o
 .debug_aranges
                0x00000e48       0x48 ./drivers/fsl_pit.o
 .debug_aranges
                0x00000e90       0x30 ./device/system_MKL82Z7.o
 .debug_aranges
                0x00000ec0       0x58 ./board/clock_config.o

.debug_ranges   0x00000000      0xd60
 .debug_ranges  0x00000000      0x230 ./startup/startup_mkl82z7.o
 .debug_ranges  0x00000230       0x30 ./source/packet_manager/packet_manager.o
 .debug_ranges  0x00000260       0x50 ./source/Supervisor/Supervisor.o
 .debug_ranges  0x000002b0       0x38 ./source/Serial_Manager/Serial_Manager.o
 .debug_ranges  0x000002e8       0x48 ./source/Serial_Manager/Serial_Packet_FIFOs.o
 .debug_ranges  0x00000330       0x40 ./source/Serial_Manager/base64_codec.o
 .debug_ranges  0x00000370       0x28 ./source/RadioManager/RadioManager.o
 .debug_ranges  0x00000398       0x88 ./source/MCU_Drivers/uart/lpuart.o
 .debug_ranges  0x00000420       0xa8 ./source/MCU_Drivers/spi/spi.o
 .debug_ranges  0x000004c8       0x78 ./source/MCU_Drivers/pit_timer/pit.o
 .debug_ranges  0x00000540       0x70 ./source/MCU_Drivers/lptmr1_timer/lptmr1.o
 .debug_ranges  0x000005b0       0x68 ./source/MCU_Drivers/adc/adc.o
 .debug_ranges  0x00000618       0x40 ./source/Health_Manager/health_manager.o
 .debug_ranges  0x00000658       0x30 ./source/FlashManager/FlashDataRWInterface/FlashDataRWInterface.o
 .debug_ranges  0x00000688      0x198 ./source/External_HW_Drivers/s2lp/s2lp.o
 .debug_ranges  0x00000820       0xb0 ./source/External_HW_Drivers/mx25l128/mx25l128.o
 .debug_ranges  0x000008d0       0x60 ./source/Configuration_Manager/configuration_manager.o
 .debug_ranges  0x00000930       0x18 ./source/CRC_tools/crc_tools.o
 .debug_ranges  0x00000948       0x10 ./source/LiteMote.o
 .debug_ranges  0x00000958       0x10 ./source/semihost_hardfault.o
 .debug_ranges  0x00000968      0x1e8 ./drivers/fsl_clock.o
 .debug_ranges  0x00000b50       0x58 ./drivers/fsl_gpio.o
 .debug_ranges  0x00000ba8      0x118 ./drivers/fsl_lpuart.o
 .debug_ranges  0x00000cc0       0x38 ./drivers/fsl_pit.o
 .debug_ranges  0x00000cf8       0x20 ./device/system_MKL82Z7.o
 .debug_ranges  0x00000d18       0x48 ./board/clock_config.o

.debug_macro    0x00000000     0x2890
 .debug_macro   0x00000000       0x29 ./startup/startup_mkl82z7.o
 .debug_macro   0x00000029       0xb0 ./source/packet_manager/packet_manager.o
 .debug_macro   0x000000d9       0x2e ./source/packet_manager/packet_manager.o
 .debug_macro   0x00000107       0x40 ./source/packet_manager/packet_manager.o
 .debug_macro   0x00000147       0x1c ./source/packet_manager/packet_manager.o
 .debug_macro   0x00000163       0x10 ./source/packet_manager/packet_manager.o
 .debug_macro   0x00000173       0x16 ./source/packet_manager/packet_manager.o
 .debug_macro   0x00000189       0x16 ./source/packet_manager/packet_manager.o
 .debug_macro   0x0000019f       0x16 ./source/packet_manager/packet_manager.o
 .debug_macro   0x000001b5       0x16 ./source/packet_manager/packet_manager.o
 .debug_macro   0x000001cb       0x16 ./source/packet_manager/packet_manager.o
 .debug_macro   0x000001e1       0x76 ./source/packet_manager/packet_manager.o
 .debug_macro   0x00000257       0x40 ./source/packet_manager/packet_manager.o
 .debug_macro   0x00000297       0x28 ./source/packet_manager/packet_manager.o
 .debug_macro   0x000002bf       0x10 ./source/packet_manager/packet_manager.o
 .debug_macro   0x000002cf      0x12c ./source/Supervisor/Supervisor.o
 .debug_macro   0x000003fb       0x1c ./source/Supervisor/Supervisor.o
 .debug_macro   0x00000417       0x22 ./source/Supervisor/Supervisor.o
 .debug_macro   0x00000439       0x10 ./source/Supervisor/Supervisor.o
 .debug_macro   0x00000449       0x10 ./source/Supervisor/Supervisor.o
 .debug_macro   0x00000459      0x1b8 ./source/Serial_Manager/Serial_Manager.o
 .debug_macro   0x00000611       0x22 ./source/Serial_Manager/Serial_Manager.o
 .debug_macro   0x00000633       0x46 ./source/Serial_Manager/Serial_Manager.o
 .debug_macro   0x00000679       0x1c ./source/Serial_Manager/Serial_Manager.o
 .debug_macro   0x00000695       0x1c ./source/Serial_Manager/Serial_Manager.o
 .debug_macro   0x000006b1       0x16 ./source/Serial_Manager/Serial_Manager.o
 .debug_macro   0x000006c7      0x213 ./source/Serial_Manager/Serial_Manager.o
 .debug_macro   0x000008da       0x64 ./source/Serial_Manager/Serial_Packet_FIFOs.o
 .debug_macro   0x0000093e       0x16 ./source/Serial_Manager/Serial_Packet_FIFOs.o
 .debug_macro   0x00000954       0x38 ./source/Serial_Manager/base64_codec.o
 .debug_macro   0x0000098c       0x45 ./source/RadioManager/RadioManager.o
 .debug_macro   0x000009d1      0x3dc ./source/RadioManager/RadioManager.o
 .debug_macro   0x00000dad      0x165 ./source/MCU_Drivers/uart/lpuart.o
 .debug_macro   0x00000f12      0x158 ./source/MCU_Drivers/spi/spi.o
 .debug_macro   0x0000106a       0x8e ./source/MCU_Drivers/spi/spi.o
 .debug_macro   0x000010f8       0x22 ./source/MCU_Drivers/spi/spi.o
 .debug_macro   0x0000111a       0x34 ./source/MCU_Drivers/spi/spi.o
 .debug_macro   0x0000114e      0x128 ./source/MCU_Drivers/pit_timer/pit.o
 .debug_macro   0x00001276      0x136 ./source/MCU_Drivers/lptmr1_timer/lptmr1.o
 .debug_macro   0x000013ac       0x10 ./source/MCU_Drivers/lptmr1_timer/lptmr1.o
 .debug_macro   0x000013bc      0x123 ./source/MCU_Drivers/adc/adc.o
 .debug_macro   0x000014df       0x22 ./source/MCU_Drivers/adc/adc.o
 .debug_macro   0x00001501       0xac ./source/Health_Manager/health_manager.o
 .debug_macro   0x000015ad      0x14c ./source/FlashManager/FlashDataRWInterface/FlashDataRWInterface.o
 .debug_macro   0x000016f9       0x22 ./source/FlashManager/FlashDataRWInterface/FlashDataRWInterface.o
 .debug_macro   0x0000171b      0x14b ./source/External_HW_Drivers/s2lp/s2lp.o
 .debug_macro   0x00001866      0x3d6 ./source/External_HW_Drivers/s2lp/s2lp.o
 .debug_macro   0x00001c3c      0x14f ./source/External_HW_Drivers/mx25l128/mx25l128.o
 .debug_macro   0x00001d8b       0xbb ./source/Configuration_Manager/configuration_manager.o
 .debug_macro   0x00001e46       0x1c ./source/Configuration_Manager/configuration_manager.o
 .debug_macro   0x00001e62       0x33 ./source/CRC_tools/crc_tools.o
 .debug_macro   0x00001e95      0x250 ./source/LiteMote.o
 .debug_macro   0x000020e5       0x2f ./source/mtb.o