Archive member included to satisfy reference by file (symbol)

c:/nxp/mcuxpressoide_10.3.0_2200/ide/plugins/com.nxp.mcuxpresso.tools.win32_10.3.0.201811011841/tools/bin/../lib/gcc/arm-none-eabi/7.3.1/../../../../arm-none-eabi/lib/thumb/v6-m\libcr_semihost_nf.a(_cr__main.o)
                              ./startup/startup_mkl82z7.o (__main)
c:/nxp/mcuxpressoide_10.3.0_2200/ide/plugins/com.nxp.mcuxpresso.tools.win32_10.3.0.201811011841/tools/bin/../lib/gcc/arm-none-eabi/7.3.1/../../../../arm-none-eabi/lib/thumb/v6-m\libcr_semihost_nf.a(_cr_assert.o)
                              ./utilities/fsl_debug_console.o (__assertion_failed)
c:/nxp/mcuxpressoide_10.3.0_2200/ide/plugins/com.nxp.mcuxpresso.tools.win32_10.3.0.201811011841/tools/bin/../lib/gcc/arm-none-eabi/7.3.1/../../../../arm-none-eabi/lib/thumb/v6-m\libcr_semihost_nf.a(__ciob.o)
                              c:/nxp/mcuxpressoide_10.3.0_2200/ide/plugins/com.nxp.mcuxpresso.tools.win32_10.3.0.201811011841/tools/bin/../lib/gcc/arm-none-eabi/7.3.1/../../../../arm-none-eabi/lib/thumb/v6-m\libcr_semihost_nf.a(_cr_assert.o) (__Ciob)
c:/nxp/mcuxpressoide_10.3.0_2200/ide/plugins/com.nxp.mcuxpresso.tools.win32_10.3.0.201811011841/tools/bin/../lib/gcc/arm-none-eabi/7.3.1/../../../../arm-none-eabi/lib/thumb/v6-m\libcr_semihost_nf.a(__sys_appexit.o)
                              c:/nxp/mcuxpressoide_10.3.0_2200/ide/plugins/com.nxp.mcuxpresso.tools.win32_10.3.0.201811011841/tools/bin/../lib/gcc/arm-none-eabi/7.3.1/../../../../arm-none-eabi/lib/thumb/v6-m\libcr_semihost_nf.a(_cr_assert.o) (__sys_appexit)
c:/nxp/mcuxpressoide_10.3.0_2200/ide/plugins/com.nxp.mcuxpresso.tools.win32_10.3.0.201811011841/tools/bin/../lib/gcc/arm-none-eabi/7.3.1/../../../../arm-none-eabi/lib/thumb/v6-m\libcr_c.a(memcpy.o)
                              ./source/packet_manager/packet_manager.o (memcpy)
c:/nxp/mcuxpressoide_10.3.0_2200/ide/plugins/com.nxp.mcuxpresso.tools.win32_10.3.0.201811011841/tools/bin/../lib/gcc/arm-none-eabi/7.3.1/../../../../arm-none-eabi/lib/thumb/v6-m\libcr_c.a(memset.o)
                              ./utilities/fsl_debug_console.o (memset)
c:/nxp/mcuxpressoide_10.3.0_2200/ide/plugins/com.nxp.mcuxpresso.tools.win32_10.3.0.201811011841/tools/bin/../lib/gcc/arm-none-eabi/7.3.1/../../../../arm-none-eabi/lib/thumb/v6-m\libcr_c.a(_deferredlazyseek.o)
                              c:/nxp/mcuxpressoide_10.3.0_2200/ide/plugins/com.nxp.mcuxpresso.tools.win32_10.3.0.201811011841/tools/bin/../lib/gcc/arm-none-eabi/7.3.1/../../../../arm-none-eabi/lib/thumb/v6-m\libcr_semihost_nf.a(_cr_assert.o) (__flsbuf)
c:/nxp/mcuxpressoide_10.3.0_2200/ide/plugins/com.nxp.mcuxpresso.tools.win32_10.3.0.201811011841/tools/bin/../lib/gcc/arm-none-eabi/7.3.1/../../../../arm-none-eabi/lib/thumb/v6-m\libcr_c.a(_fflush.o)
                              c:/nxp/mcuxpressoide_10.3.0_2200/ide/plugins/com.nxp.mcuxpresso.tools.win32_10.3.0.201811011841/tools/bin/../lib/gcc/arm-none-eabi/7.3.1/../../../../arm-none-eabi/lib/thumb/v6-m\libcr_c.a(_deferredlazyseek.o) (_fflush)
c:/nxp/mcuxpressoide_10.3.0_2200/ide/plugins/com.nxp.mcuxpresso.tools.win32_10.3.0.201811011841/tools/bin/../lib/gcc/arm-none-eabi/7.3.1/../../../../arm-none-eabi/lib/thumb/v6-m\libcr_c.a(_writebuf.o)
                              c:/nxp/mcuxpressoide_10.3.0_2200/ide/plugins/com.nxp.mcuxpresso.tools.win32_10.3.0.201811011841/tools/bin/../lib/gcc/arm-none-eabi/7.3.1/../../../../arm-none-eabi/lib/thumb/v6-m\libcr_c.a(_deferredlazyseek.o) (_Cwritebuf)
c:/nxp/mcuxpressoide_10.3.0_2200/ide/plugins/com.nxp.mcuxpresso.tools.win32_10.3.0.201811011841/tools/bin/../lib/gcc/arm-none-eabi/7.3.1/../../../../arm-none-eabi/lib/thumb/v6-m\libcr_c.a(alloc.o)
                              ./drivers/fsl_common.o (malloc)
c:/nxp/mcuxpressoide_10.3.0_2200/ide/plugins/com.nxp.mcuxpresso.tools.win32_10.3.0.201811011841/tools/bin/../lib/gcc/arm-none-eabi/7.3.1/../../../../arm-none-eabi/lib/thumb/v6-m\libcr_c.a(fputs.o)
                              c:/nxp/mcuxpressoide_10.3.0_2200/ide/plugins/com.nxp.mcuxpresso.tools.win32_10.3.0.201811011841/tools/bin/../lib/gcc/arm-none-eabi/7.3.1/../../../../arm-none-eabi/lib/thumb/v6-m\libcr_semihost_nf.a(_cr_assert.o) (fputs)
c:/nxp/mcuxpressoide_10.3.0_2200/ide/plugins/com.nxp.mcuxpresso.tools.win32_10.3.0.201811011841/tools/bin/../lib/gcc/arm-none-eabi/7.3.1/../../../../arm-none-eabi/lib/thumb/v6-m\libcr_c.a(fseek.o)
                              c:/nxp/mcuxpressoide_10.3.0_2200/ide/plugins/com.nxp.mcuxpresso.tools.win32_10.3.0.201811011841/tools/bin/../lib/gcc/arm-none-eabi/7.3.1/../../../../arm-none-eabi/lib/thumb/v6-m\libcr_c.a(_deferredlazyseek.o) (fseek)
c:/nxp/mcuxpressoide_10.3.0_2200/ide/plugins/com.nxp.mcuxpresso.tools.win32_10.3.0.201811011841/tools/bin/../lib/gcc/arm-none-eabi/7.3.1/../../../../arm-none-eabi/lib/thumb/v6-m\libcr_c.a(ftell.o)
[...]
Memory Configuration

Name             Origin             Length             Attributes
PROGRAM_FLASH    0x00000000         0x00020000         xr
SRAM             0x1fffa000         0x00018000         xrw
USB_RAM          0x40100000         0x00000800         xrw
*default*        0x00000000         0xffffffff

Linker script and memory map

LOAD ./utilities/fsl_debug_console.o
LOAD ./utilities/fsl_str.o
LOAD ./startup/startup_mkl82z7.o
LOAD ./source/packet_manager/packet_manager.o
LOAD ./source/Supervisor/Supervisor.o
LOAD ./source/Serial_Manager/Serial_Manager.o
LOAD ./source/Serial_Manager/Serial_Packet_FIFOs.o
LOAD ./source/Serial_Manager/base64_codec.o
LOAD ./source/RadioManager/RadioManager.o
LOAD ./source/MCU_Drivers/uart/lpuart.o
LOAD ./source/MCU_Drivers/spi/spi.o
LOAD ./source/MCU_Drivers/pit_timer/pit.o
LOAD ./source/MCU_Drivers/lptmr1_timer/lptmr1.o
LOAD ./source/MCU_Drivers/adc/adc.o
LOAD ./source/Health_Manager/health_manager.o
LOAD ./source/FlashManager/FlashDataRWInterface/FlashDataRWInterface.o
LOAD ./source/External_HW_Drivers/s2lp/s2lp.o
LOAD ./source/External_HW_Drivers/mx25l128/mx25l128.o
LOAD ./source/Configuration_Manager/configuration_manager.o
LOAD ./source/CRC_tools/crc_tools.o
LOAD ./source/MKL82Z128xxx7_Project.o
LOAD ./source/mtb.o
LOAD ./source/semihost_hardfault.o
LOAD ./drivers/fsl_clock.o
LOAD ./drivers/fsl_common.o
LOAD ./drivers/fsl_gpio.o
LOAD ./drivers/fsl_lptmr.o
LOAD ./drivers/fsl_lpuart.o
LOAD ./drivers/fsl_pit.o
LOAD ./drivers/fsl_rtc.o
LOAD ./drivers/fsl_smc.o
LOAD ./device/system_MKL82Z7.o
LOAD ./component/uart/lpuart_adapter.o
LOAD ./component/serial_manager/serial_manager.o
LOAD ./component/serial_manager/serial_port_uart.o
LOAD ./component/lists/generic_list.o
LOAD ./board/board.o
LOAD ./board/clock_config.o
LOAD ./board/peripherals.o
LOAD ./board/pin_mux.o
START GROUP
LOAD c:/nxp/mcuxpressoide_10.3.0_2200/ide/plugins/com.nxp.mcuxpresso.tools.win32_10.3.0.201811011841/tools/bin/../lib/gcc/arm-none-eabi/7.3.1/../../../../arm-none-eabi/lib/thumb/v6-m\libcr_semihost_nf.a
LOAD c:/nxp/mcuxpressoide_10.3.0_2200/ide/plugins/com.nxp.mcuxpresso.tools.win32_10.3.0.201811011841/tools/bin/../lib/gcc/arm-none-eabi/7.3.1/../../../../arm-none-eabi/lib/thumb/v6-m\libcr_c.a
LOAD c:/nxp/mcuxpressoide_10.3.0_2200/ide/plugins/com.nxp.mcuxpresso.tools.win32_10.3.0.201811011841/tools/bin/../lib/gcc/arm-none-eabi/7.3.1/thumb/v6-m\libcr_eabihelpers.a
END GROUP
                0x00000000                __base_PROGRAM_FLASH = 0x0
                0x00000000                __base_Flash = 0x0
                0x00020000                __top_PROGRAM_FLASH = 0x20000
                0x00020000                __top_Flash = 0x20000
                0x1fffa000                __base_SRAM = 0x1fffa000
                0x1fffa000                __base_RAM = 0x1fffa000
                0x20012000                __top_SRAM = 0x20012000
                0x20012000                __top_RAM = 0x20012000
                0x40100000                __base_USB_RAM = 0x40100000
                0x40100000                __base_RAM2 = 0x40100000
                0x40100800                __top_USB_RAM = 0x40100800
                0x40100800                __top_RAM2 = 0x40100800

.text           0x00000000     0x5080
 FILL mask 0xff
                0x00000000                __vectors_start__ = ABSOLUTE (.)
 *(SORT_BY_ALIGNMENT(.isr_vector))
 .isr_vector    0x00000000      0x130 ./startup/startup_mkl82z7.o
                0x00000000                g_pfnVectors
                0x00000000                __Vectors
                0x00000130                . = ALIGN (0x4)
                0x00000130                __section_table_start = .
                0x00000130                __data_section_table = .
                0x00000130        0x4 LONG 0x5080 LOADADDR (.data)
                0x00000134        0x4 LONG 0x1fffa080 ADDR (.data)
                0x00000138        0x4 LONG 0x10 SIZEOF (.data)
                0x0000013c        0x4 LONG 0x5080 LOADADDR (.data_RAM2)
                0x00000140        0x4 LONG 0x40100000 ADDR (.data_RAM2)
                0x00000144        0x4 LONG 0x0 SIZEOF (.data_RAM2)
                0x00000148                __data_section_table_end = .
                0x00000148                __bss_section_table = .
                0x00000148        0x4 LONG 0x1fffa090 ADDR (.bss)
                0x0000014c        0x4 LONG 0xa18 SIZEOF (.bss)
                0x00000150        0x4 LONG 0x40100000 ADDR (.bss_RAM2)
                0x00000154        0x4 LONG 0x0 SIZEOF (.bss_RAM2)
                0x00000158                __bss_section_table_end = .
                0x00000158                __section_table_end = .
 *(SORT_BY_ALIGNMENT(.after_vectors*))
 .after_vectors.reset
                0x00000158       0x4c ./startup/startup_mkl82z7.o
                0x00000158                ResetISR
 .after_vectors
                0x000001a4      0x1ec ./startup/startup_mkl82z7.o
                0x000001a4                NMI_Handler
                0x000001a8                SVC_Handler
                0x000001aa                PendSV_Handler
                0x000001ac                SysTick_Handler
                0x000001ae                EMVSIM1_DriverIRQHandler
                0x000001ae                PORTB_DriverIRQHandler
                0x000001ae                EMVSIM0_DriverIRQHandler
                0x000001ae                SPI1_DriverIRQHandler
                0x000001ae                LPTMR0_DriverIRQHandler
                0x000001ae                DMA_Error_DriverIRQHandler
                0x000001ae                PMC_DriverIRQHandler
                0x000001ae                PORTD_DriverIRQHandler
                0x000001ae                INTMUX0_2_DriverIRQHandler
                0x000001ae                Reserved70_DriverIRQHandler
                0x000001ae                INTMUX0_3_DriverIRQHandler
                0x000001ae                DMA1_DMA5_DriverIRQHandler
                0x000001ae                TRNG0_DriverIRQHandler
                0x000001ae                CMP0_DriverIRQHandler
                0x000001ae                TPM2_DriverIRQHandler
                0x000001ae                Reserved68_DriverIRQHandler
                0x000001ae                Reserved32_DriverIRQHandler
                0x000001ae                ADC0_DriverIRQHandler
                0x000001ae                TSI0_DriverIRQHandler
                0x000001ae                RTC_Seconds_DriverIRQHandler
                0x000001ae                SPI0_DriverIRQHandler
                0x000001ae                DMA6_DriverIRQHandler
                0x000001ae                LLWU_DriverIRQHandler
                0x000001ae                MCG_DriverIRQHandler
                0x000001ae                INTMUX0_1_DriverIRQHandler
                0x000001ae                Reserved63_DriverIRQHandler
                0x000001ae                LTC0_DriverIRQHandler
                0x000001ae                FLEXIO0_DriverIRQHandler
                0x000001ae                I2C0_DriverIRQHandler
                0x000001ae                Reserved69_DriverIRQHandler
                0x000001ae                I2C1_DriverIRQHandler
                0x000001ae                DMA3_DMA7_DriverIRQHandler
                0x000001ae                FTFA_DriverIRQHandler
                0x000001ae                IntDefaultHandler
                0x000001ae                USB0_DriverIRQHandler
                0x000001ae                PORTC_DriverIRQHandler
                0x000001ae                Reserved67_DriverIRQHandler
                0x000001ae                LPTMR1_DriverIRQHandler
                0x000001ae                DAC0_DriverIRQHandler
                0x000001ae                Reserved49_DriverIRQHandler
                0x000001ae                Reserved50_DriverIRQHandler
                0x000001ae                DMA2_DMA6_DriverIRQHandler
                0x000001ae                Reserved51_DriverIRQHandler
                0x000001ae                QSPI0_DriverIRQHandler
                0x000001ae                TPM0_DriverIRQHandler
                0x000001ae                PIT0_DriverIRQHandler
                0x000001ae                RTC_Alarm_DriverIRQHandler
                0x000001ae                DMA5_DriverIRQHandler
                0x000001ae                DMA4_DriverIRQHandler
                0x000001ae                PORTE_DriverIRQHandler
                0x000001ae                DMA7_DriverIRQHandler
                0x000001ae                DMA0_DMA4_DriverIRQHandler
                0x000001ae                Reserved65_DriverIRQHandler
                0x000001ae                WDOG_EWM_DriverIRQHandler
                0x000001ae                TPM1_DriverIRQHandler
                0x000001ae                INTMUX0_0_DriverIRQHandler
                0x000001ae                PORTA_DriverIRQHandler
                0x000001ae                Reserved71_DriverIRQHandler
                0x000001b0                DMA0_DMA4_IRQHandler
                0x000001b8                DMA1_DMA5_IRQHandler
                0x000001c0                DMA2_DMA6_IRQHandler
                0x000001c8                DMA3_DMA7_IRQHandler
                0x000001d0                DMA_Error_IRQHandler
                0x000001d8                FLEXIO0_IRQHandler
                0x000001e0                TPM0_IRQHandler
                0x000001e8                TPM1_IRQHandler
                0x000001f0                TPM2_IRQHandler
                0x00000208                EMVSIM0_IRQHandler
                0x00000218                LPUART1_IRQHandler
                0x00000220                I2C0_IRQHandler
                0x00000228                QSPI0_IRQHandler
                0x00000230                Reserved32_IRQHandler
                0x00000238                PORTA_IRQHandler
                0x00000240                PORTB_IRQHandler
                0x00000248                PORTC_IRQHandler
                0x00000250                PORTD_IRQHandler
                0x00000258                PORTE_IRQHandler
                0x00000260                LLWU_IRQHandler
                0x00000268                LTC0_IRQHandler
                0x00000270                USB0_IRQHandler
                0x00000278                ADC0_IRQHandler
                0x00000280                LPTMR0_IRQHandler
                0x00000288                RTC_Seconds_IRQHandler
                0x000002a0                INTMUX0_2_IRQHandler
                0x000002a8                INTMUX0_3_IRQHandler
                0x000002b8                Reserved49_IRQHandler
                0x000002c0                Reserved50_IRQHandler
                0x000002c8                Reserved51_IRQHandler
                0x000002d8                LPUART2_IRQHandler
                0x000002e0                EMVSIM1_IRQHandler
                0x000002e8                I2C1_IRQHandler
                0x000002f0                TSI0_IRQHandler
                0x000002f8                PMC_IRQHandler
                0x00000300                FTFA_IRQHandler
                0x00000308                MCG_IRQHandler
                0x00000310                WDOG_EWM_IRQHandler
                0x00000318                DAC0_IRQHandler
                0x00000320                TRNG0_IRQHandler
                0x00000328                Reserved63_IRQHandler
                0x00000330                CMP0_IRQHandler
                0x00000338                Reserved65_IRQHandler
                0x00000340                RTC_Alarm_IRQHandler
                0x00000348                Reserved67_IRQHandler
                0x00000350                Reserved68_IRQHandler
                0x00000358                Reserved69_IRQHandler
                0x00000360                Reserved70_IRQHandler
                0x00000368                Reserved71_IRQHandler
                0x00000370                DMA4_IRQHandler
                0x00000378                DMA5_IRQHandler
                0x00000380                DMA6_IRQHandler
                0x00000388                DMA7_IRQHandler
 .after_vectors.init_data
                0x00000390       0x16 ./startup/startup_mkl82z7.o
                0x00000390                data_init
 .after_vectors.init_bss
                0x000003a6       0x12 ./startup/startup_mkl82z7.o
                0x000003a6                bss_init
                0x00000400                . = 0x400
 *fill*         0x000003b8       0x48 ff
                0x00000400                PROVIDE (__FLASH_CONFIG_START__ = .)
 *(SORT_BY_ALIGNMENT(.FlashConfig))
 .FlashConfig   0x00000400       0x10 ./startup/startup_mkl82z7.o
                0x00000400                Flash_Config
                0x00000410                PROVIDE (__FLASH_CONFIG_END__ = .)
                0x00000001                ASSERT (! ((__FLASH_CONFIG_START__ == __FLASH_CONFIG_END__)), Linker Flash Config Support Enabled, but no .FlashConfig section provided within application)
 *(SORT_BY_ALIGNMENT(.text*))
 .text.Packet_Manager_Init
                0x00000410        0xc ./source/packet_manager/packet_manager.o
                0x00000410                Packet_Manager_Init
 .text.Process_Packet
                0x0000041c      0x2a0 ./source/packet_manager/packet_manager.o
                0x0000041c                Process_Packet
 .text.Packet_Manager_Process_Motor
                0x000006bc       0x48 ./source/packet_manager/packet_manager.o
                0x000006bc                Packet_Manager_Process_Motor
 .text.Init_Pinout_Error_Supervisor
                0x00000704       0x48 ./source/Supervisor/Supervisor.o
                0x00000704                Init_Pinout_Error_Supervisor
 .text.Serial_Manager_Init
                0x0000074c       0x40 ./source/Serial_Manager/Serial_Manager.o
                0x0000074c                Serial_Manager_Init
 .text.Serial_Manager_RX_Motor
                0x0000078c      0x16c ./source/Serial_Manager/Serial_Manager.o
                0x0000078c                Serial_Manager_RX_Motor
 .text.Serial_Manager_Tx_Motor
                0x000008f8       0xd4 ./source/Serial_Manager/Serial_Manager.o
                0x000008f8                Serial_Manager_Tx_Motor
 .text.Serial_Packet_Rx_FIFO_Init
                0x000009cc       0x48 ./source/Serial_Manager/Serial_Packet_FIFOs.o
                0x000009cc                Serial_Packet_Rx_FIFO_Init
 .text.Is_Serial_Rx_FIFO_Empty
                0x00000a14       0x10 ./source/Serial_Manager/Serial_Packet_FIFOs.o
                0x00000a14                Is_Serial_Rx_FIFO_Empty
 .text.Get_Serial_Rx_FIFO_Packet
                0x00000a24       0xa0 ./source/Serial_Manager/Serial_Packet_FIFOs.o
                0x00000a24                Get_Serial_Rx_FIFO_Packet
 .text.Push_Serial_Rx_FIFO_Packet
                0x00000ac4       0x74 ./source/Serial_Manager/Serial_Packet_FIFOs.o
                0x00000ac4                Push_Serial_Rx_FIFO_Packet
 .text.Is_Serial_Tx_FIFO_Empty
                0x00000b38       0x10 ./source/Serial_Manager/Serial_Packet_FIFOs.o
                0x00000b38                Is_Serial_Tx_FIFO_Empty
 .text.Get_Serial_Tx_FIFO_Packet
                0x00000b48       0xa0 ./source/Serial_Manager/Serial_Packet_FIFOs.o
                0x00000b48                Get_Serial_Tx_FIFO_Packet
 .text.Push_Serial_Tx_FIFO_Packet
                0x00000be8       0x74 ./source/Serial_Manager/Serial_Packet_FIFOs.o
                0x00000be8                Push_Serial_Tx_FIFO_Packet
 .text.B64Encode
                0x00000c5c       0xbc ./source/Serial_Manager/base64_codec.o
                0x00000c5c                B64Encode
 .text.Radio_Interface_Load_Parameters
                0x00000d18       0x9c ./source/RadioManager/RadioManager.o
                0x00000d18                Radio_Interface_Load_Parameters
 .text.Uart_HW_Init
                0x00000db4       0xc4 ./source/MCU_Drivers/uart/lpuart.o
                0x00000db4                Uart_HW_Init
 .text.Get_UART_Byte_Received_Flag
                0x00000e78        0xc ./source/MCU_Drivers/uart/lpuart.o
                0x00000e78                Get_UART_Byte_Received_Flag
 .text.Clear_UART_Byte_Received_Flag
                0x00000e84        0xc ./source/MCU_Drivers/uart/lpuart.o
                0x00000e84                Clear_UART_Byte_Received_Flag
 .text.Get_Byte_RX_From_Comm_UART
                0x00000e90        0xc ./source/MCU_Drivers/uart/lpuart.o
                0x00000e90                Get_Byte_RX_From_Comm_UART
 .text.Get_Comm_UART_Hw_BaudRate
                0x00000e9c        0xc ./source/MCU_Drivers/uart/lpuart.o
                0x00000e9c                Get_Comm_UART_Hw_BaudRate
 .text.Get_Frame_Sending_Flag
                0x00000ea8        0xc ./source/MCU_Drivers/uart/lpuart.o
                0x00000ea8                Get_Frame_Sending_Flag
 .text.Send_UART_Frame
                0x00000eb4       0x34 ./source/MCU_Drivers/uart/lpuart.o
                0x00000eb4                Send_UART_Frame
 .text.LPUART0_IRQHandler
                0x00000ee8       0x7c ./source/MCU_Drivers/uart/lpuart.o
                0x00000ee8                LPUART0_IRQHandler
 .text.SPI_Init_PinOut.part.1
                0x00000f64       0x3c ./source/MCU_Drivers/spi/spi.o
 .text.SPI_Init_PinOut
                0x00000fa0       0x58 ./source/MCU_Drivers/spi/spi.o
                0x00000fa0                SPI_Init_PinOut
 .text.SPI_ConfigHW_SPI1
                0x00000ff8      0x108 ./source/MCU_Drivers/spi/spi.o
                0x00000ff8                SPI_ConfigHW_SPI1
 .text.SPI_ConfigHW_SPI0
                0x00001100       0xf0 ./source/MCU_Drivers/spi/spi.o
                0x00001100                SPI_ConfigHW_SPI0
 .text.SPI_System_Init
                0x000011f0       0x34 ./source/MCU_Drivers/spi/spi.o
                0x000011f0                SPI_System_Init
 .text.SPI_Send_NonBlocking
                0x00001224       0x80 ./source/MCU_Drivers/spi/spi.o
                0x00001224                SPI_Send_NonBlocking
 .text.INTMUX0_0_IRQHandler
                0x000012a4       0x1c ./source/MCU_Drivers/spi/spi.o
                0x000012a4                INTMUX0_0_IRQHandler
 .text.SPI1_IRQHandler
                0x000012c0       0x84 ./source/MCU_Drivers/spi/spi.o
                0x000012c0                SPI1_IRQHandler
 .text.SPI0_IRQHandler
                0x00001344       0x84 ./source/MCU_Drivers/spi/spi.o
                0x00001344                SPI0_IRQHandler
 .text.Enable_CS
                0x000013c8       0x28 ./source/MCU_Drivers/spi/spi.o
                0x000013c8                Enable_CS
 .text.Disable_CS
                0x000013f0       0x2c ./source/MCU_Drivers/spi/spi.o
                0x000013f0                Disable_CS
 .text.Serial_Timeout_Rx_Timer_Init
                0x0000141c       0x5c ./source/MCU_Drivers/pit_timer/pit.o
                0x0000141c                Serial_Timeout_Rx_Timer_Init
 .text.Get_Timeout_Flag
                0x00001478        0xc ./source/MCU_Drivers/pit_timer/pit.o
                0x00001478                Get_Timeout_Flag
 .text.Clear_Timeout_Flag
                0x00001484        0xc ./source/MCU_Drivers/pit_timer/pit.o
                0x00001484                Clear_Timeout_Flag
 .text.Start_Comm_Timeout_Timer
                0x00001490       0x10 ./source/MCU_Drivers/pit_timer/pit.o
                0x00001490                Start_Comm_Timeout_Timer
 .text.Stop_Comm_Timeout_Timer
                0x000014a0       0x10 ./source/MCU_Drivers/pit_timer/pit.o
                0x000014a0                Stop_Comm_Timeout_Timer
 .text.PIT0_IRQHandler
                0x000014b0       0x18 ./source/MCU_Drivers/pit_timer/pit.o
                0x000014b0                PIT0_IRQHandler
 .text.Health_Timer_Init
                0x000014c8       0x64 ./source/MCU_Drivers/lptmr1_timer/lptmr1.o
                0x000014c8                Health_Timer_Init
 .text.Health_Timer_Load_Counter_CMP
                0x0000152c        0xc ./source/MCU_Drivers/lptmr1_timer/lptmr1.o
                0x0000152c                Health_Timer_Load_Counter_CMP
 .text.Health_Timer_Start
                0x00001538       0x18 ./source/MCU_Drivers/lptmr1_timer/lptmr1.o
                0x00001538                Health_Timer_Start
 .text.Health_Timer_Stop
                0x00001550       0x10 ./source/MCU_Drivers/lptmr1_timer/lptmr1.o
                0x00001550                Health_Timer_Stop
 .text.Reset_Tx_Health_Flag
                0x00001560        0xc ./source/MCU_Drivers/lptmr1_timer/lptmr1.o
                0x00001560                Reset_Tx_Health_Flag
 .text.Get_Tx_Health_Flag
                0x0000156c        0xc ./source/MCU_Drivers/lptmr1_timer/lptmr1.o
                0x0000156c                Get_Tx_Health_Flag
 .text.INTMUX0_1_IRQHandler
                0x00001578       0x1c ./source/MCU_Drivers/lptmr1_timer/lptmr1.o
                0x00001578                INTMUX0_1_IRQHandler
 .text.LPTMR1_IRQHandler
                0x00001594       0x24 ./source/MCU_Drivers/lptmr1_timer/lptmr1.o
                0x00001594                LPTMR1_IRQHandler
 .text.ADC_Init
                0x000015b8       0x30 ./source/MCU_Drivers/adc/adc.o
                0x000015b8                ADC_Init
 .text.ADC_Set_Calibration_Manually
                0x000015e8       0x10 ./source/MCU_Drivers/adc/adc.o
                0x000015e8                ADC_Set_Calibration_Manually
 .text.ADC_StartConversion
                0x000015f8       0x14 ./source/MCU_Drivers/adc/adc.o
                0x000015f8                ADC_StartConversion
 .text.ADC_Disable
                0x0000160c       0x10 ./source/MCU_Drivers/adc/adc.o
                0x0000160c                ADC_Disable
 .text.ADC_DeInit
                0x0000161c       0x20 ./source/MCU_Drivers/adc/adc.o
                0x0000161c                ADC_DeInit
 .text.ADC_WaitForConversion
                0x0000163c       0x10 ./source/MCU_Drivers/adc/adc.o
                0x0000163c                ADC_WaitForConversion
 .text.ADC_GetData
                0x0000164c        0xc ./source/MCU_Drivers/adc/adc.o
                0x0000164c                ADC_GetData
 .text.Health_Manager_Init
                0x00001658        0xc ./source/Health_Manager/health_manager.o
                0x00001658                Health_Manager_Init
 .text.Health_Manager_Get_Voltage_Ref
                0x00001664       0x74 ./source/Health_Manager/health_manager.o
                0x00001664                Health_Manager_Get_Voltage_Ref
 .text.Health_Manager_Get_Temperature
                0x000016d8       0xc4 ./source/Health_Manager/health_manager.o
                0x000016d8                Health_Manager_Get_Temperature
 .text.Health_Manager_Motor
                0x0000179c       0x60 ./source/Health_Manager/health_manager.o
                0x0000179c                Health_Manager_Motor
 .text.Health_Manager_Reload_Timer
                0x000017fc       0x20 ./source/Health_Manager/health_manager.o
                0x000017fc                Health_Manager_Reload_Timer
 .text.FlashInterface_Save_SystemData_InFlash
                0x0000181c       0xfc ./source/FlashManager/FlashDataRWInterface/FlashDataRWInterface.o
                0x0000181c                FlashInterface_Save_SystemData_InFlash
 .text.S2lp_SPI_Callback
                0x00001918       0x44 ./source/External_HW_Drivers/s2lp/s2lp.o
                0x00001918                S2lp_SPI_Callback
 .text.S2lp_Init_Pinout
                0x0000195c       0x90 ./source/External_HW_Drivers/s2lp/s2lp.o
                0x0000195c                S2lp_Init_Pinout
 .text.S2lp_Write_Register
                0x000019ec       0x40 ./source/External_HW_Drivers/s2lp/s2lp.o
                0x000019ec                S2lp_Write_Register
 .text.S2lp_Read_Register
                0x00001a2c       0x44 ./source/External_HW_Drivers/s2lp/s2lp.o
                0x00001a2c                S2lp_Read_Register
 .text.S2lp_Set_Base_Center_Freq
                0x00001a70       0xd8 ./source/External_HW_Drivers/s2lp/s2lp.o
                0x00001a70                S2lp_Set_Base_Center_Freq
 .text.s2lp_Get_DataRate
                0x00001b48       0x68 ./source/External_HW_Drivers/s2lp/s2lp.o
                0x00001b48                s2lp_Get_DataRate
 .text.s2lp_Set_DataRate
                0x00001bb0       0xa4 ./source/External_HW_Drivers/s2lp/s2lp.o
                0x00001bb0                s2lp_Set_DataRate
 .text.S2lp_Send_Command
                0x00001c54       0x40 ./source/External_HW_Drivers/s2lp/s2lp.o
                0x00001c54                S2lp_Send_Command
 .text.s2lp_Set_Operating_State
                0x00001c94       0x60 ./source/External_HW_Drivers/s2lp/s2lp.o
                0x00001c94                s2lp_Set_Operating_State
 .text.S2lp_Init
                0x00001cf4       0x78 ./source/External_HW_Drivers/s2lp/s2lp.o
                0x00001cf4                S2lp_Init
 .text.mx25l128_Erase_Sector.part.0
                0x00001d6c       0x40 ./source/External_HW_Drivers/mx25l128/mx25l128.o
 .text.mx25l128_SPI_Callback
                0x00001dac       0x40 ./source/External_HW_Drivers/mx25l128/mx25l128.o
                0x00001dac                mx25l128_SPI_Callback
 .text.mx25l128_pinout_Init
                0x00001dec       0x5c ./source/External_HW_Drivers/mx25l128/mx25l128.o
                0x00001dec                mx25l128_pinout_Init
 .text.GetFlashStatus
                0x00001e48        0xc ./source/External_HW_Drivers/mx25l128/mx25l128.o
                0x00001e48                GetFlashStatus
 .text.mx25l128_CheckForOperationFinished
                0x00001e54        0xc ./source/External_HW_Drivers/mx25l128/mx25l128.o
                0x00001e54                mx25l128_CheckForOperationFinished
 .text.mx25l128_Read_Status
                0x00001e60       0x38 ./source/External_HW_Drivers/mx25l128/mx25l128.o
                0x00001e60                mx25l128_Read_Status
 .text.mx25l128_Write_Page
                0x00001e98       0x50 ./source/External_HW_Drivers/mx25l128/mx25l128.o
                0x00001e98                mx25l128_Write_Page
 .text.mx25l128_Set_Write_Enable
                0x00001ee8       0x38 ./source/External_HW_Drivers/mx25l128/mx25l128.o
                0x00001ee8                mx25l128_Set_Write_Enable
 .text.mx25l128_GetReadPage
                0x00001f20        0x8 ./source/External_HW_Drivers/mx25l128/mx25l128.o
                0x00001f20                mx25l128_GetReadPage
 .text.mx25l128_Read_Page
                0x00001f28       0x40 ./source/External_HW_Drivers/mx25l128/mx25l128.o
                0x00001f28                mx25l128_Read_Page
 .text.mx25l128_Erase_Sector
                0x00001f68       0x14 ./source/External_HW_Drivers/mx25l128/mx25l128.o
                0x00001f68                mx25l128_Erase_Sector
 .text.CnfManager_Load_Mote_Identity_Config
                0x00001f7c      0x1cc ./source/Configuration_Manager/configuration_manager.o
                0x00001f7c                CnfManager_Load_Mote_Identity_Config
 .text.Cnf_Manager_Load_Mote_Health_Config
                0x00002148       0x7c ./source/Configuration_Manager/configuration_manager.o
                0x00002148                Cnf_Manager_Load_Mote_Health_Config
 .text.Cnf_Manager_Load_ADC_Calibration_Config
                0x000021c4      0x120 ./source/Configuration_Manager/configuration_manager.o
                0x000021c4                Cnf_Manager_Load_ADC_Calibration_Config
 .text.Cnf_Manager_Load_Radio_Config
                0x000022e4       0x68 ./source/Configuration_Manager/configuration_manager.o
                0x000022e4                Cnf_Manager_Load_Radio_Config
 .text.CnfManager_Get_My_Address
                0x0000234c       0x10 ./source/Configuration_Manager/configuration_manager.o
                0x0000234c                CnfManager_Get_My_Address
 .text.CnfManager_Save_Data
                0x0000235c       0x28 ./source/Configuration_Manager/configuration_manager.o
                0x0000235c                CnfManager_Save_Data
 .text.CnfManager_Load_Data
                0x00002384       0x28 ./source/Configuration_Manager/configuration_manager.o
                0x00002384                CnfManager_Load_Data
 .text.crc16_byte
                0x000023ac       0x18 ./source/CRC_tools/crc_tools.o
                0x000023ac                crc16_byte
 .text.Crc16Calc
                0x000023c4       0x20 ./source/CRC_tools/crc_tools.o
                0x000023c4                Crc16Calc
 .text.HardFault_Handler
                0x000023e4       0x2c ./source/semihost_hardfault.o
                0x000023e4                HardFault_Handler
 .text.CLOCK_GetInternalRefClkSelectFreq
                0x00002410       0x28 ./drivers/fsl_clock.o
 .text.CLOCK_GetMcgExtClkFreq
                0x00002438       0x54 ./drivers/fsl_clock.o
 .text.CLOCK_GetFllExtRefClkFreq
                0x0000248c       0x48 ./drivers/fsl_clock.o
 .text.CLOCK_GetOsc0ErClkUndivFreq
                0x000024d4       0x2c ./drivers/fsl_clock.o
                0x000024d4                CLOCK_GetOsc0ErClkUndivFreq
 .text.CLOCK_GetOsc0ErClkDivFreq
                0x00002500       0x34 ./drivers/fsl_clock.o
                0x00002500                CLOCK_GetOsc0ErClkDivFreq
 .text.CLOCK_GetEr32kClkFreq
                0x00002534       0x50 ./drivers/fsl_clock.o
                0x00002534                CLOCK_GetEr32kClkFreq
 .text.CLOCK_SetSimConfig
                0x00002584       0x64 ./drivers/fsl_clock.o
                0x00002584                CLOCK_SetSimConfig
 .text.CLOCK_GetFllFreq
                0x000025e8       0x4c ./drivers/fsl_clock.o
                0x000025e8                CLOCK_GetFllFreq
 .text.CLOCK_GetInternalRefClkFreq
                0x00002634       0x18 ./drivers/fsl_clock.o
                0x00002634                CLOCK_GetInternalRefClkFreq
 .text.CLOCK_GetPll0Freq
                0x0000264c       0x3c ./drivers/fsl_clock.o
                0x0000264c                CLOCK_GetPll0Freq
 .text.CLOCK_GetPllFllSelClkFreq
                0x00002688       0x58 ./drivers/fsl_clock.o
                0x00002688                CLOCK_GetPllFllSelClkFreq
 .text.CLOCK_GetOutClkFreq
                0x000026e0       0x34 ./drivers/fsl_clock.o
                0x000026e0                CLOCK_GetOutClkFreq
 .text.CLOCK_GetFixedFreqClkFreq
                0x00002714       0x34 ./drivers/fsl_clock.o
                0x00002714                CLOCK_GetFixedFreqClkFreq
 .text.CLOCK_GetFreq
                0x00002748       0xa8 ./drivers/fsl_clock.o
                0x00002748                CLOCK_GetFreq
 .text.CLOCK_SetExternalRefClkConfig
                0x000027f0       0x34 ./drivers/fsl_clock.o
                0x000027f0                CLOCK_SetExternalRefClkConfig
 .text.CLOCK_SetInternalRefClkConfig
                0x00002824       0x74 ./drivers/fsl_clock.o
                0x00002824                CLOCK_SetInternalRefClkConfig
 .text.CLOCK_EnablePll0
                0x00002898       0x40 ./drivers/fsl_clock.o
                0x00002898                CLOCK_EnablePll0
 .text.CLOCK_InitOsc0
                0x000028d8       0x70 ./drivers/fsl_clock.o
                0x000028d8                CLOCK_InitOsc0
 .text.CLOCK_SetPbeMode
                0x00002948       0x60 ./drivers/fsl_clock.o
                0x00002948                CLOCK_SetPbeMode
 .text.CLOCK_BootToPeeMode
                0x000029a8       0x40 ./drivers/fsl_clock.o
                0x000029a8                CLOCK_BootToPeeMode
 .text.GPIO_PinInit
                0x000029e8       0x38 ./drivers/fsl_gpio.o
                0x000029e8                GPIO_PinInit
 .text.LPUART_GetInstance
                0x00002a20       0x38 ./drivers/fsl_lpuart.o
                0x00002a20                LPUART_GetInstance
 .text.LPUART_Init
                0x00002a58      0x22c ./drivers/fsl_lpuart.o
                0x00002a58                LPUART_Init
 .text.LPUART_GetDefaultConfig
                0x00002c84       0x3c ./drivers/fsl_lpuart.o
                0x00002c84                LPUART_GetDefaultConfig
 .text.LPUART_EnableInterrupts
                0x00002cc0       0x30 ./drivers/fsl_lpuart.o
                0x00002cc0                LPUART_EnableInterrupts
 .text.LPUART_DisableInterrupts
                0x00002cf0       0x30 ./drivers/fsl_lpuart.o
                0x00002cf0                LPUART_DisableInterrupts
 .text.LPUART0_DriverIRQHandler
                0x00002d20       0x1c ./drivers/fsl_lpuart.o
                0x00002d20                LPUART0_DriverIRQHandler
 .text.LPUART1_DriverIRQHandler
                0x00002d3c       0x1c ./drivers/fsl_lpuart.o
                0x00002d3c                LPUART1_DriverIRQHandler
 .text.LPUART2_DriverIRQHandler
                0x00002d58       0x1c ./drivers/fsl_lpuart.o
                0x00002d58                LPUART2_DriverIRQHandler
 .text.PIT_GetInstance
                0x00002d74       0x1c ./drivers/fsl_pit.o
 .text.PIT_Init
                0x00002d90       0x5c ./drivers/fsl_pit.o
                0x00002d90                PIT_Init
 .text.SystemInit
                0x00002dec       0x24 ./device/system_MKL82Z7.o
                0x00002dec                SystemInit
 .text.BOARD_BootClockRUN
                0x00002e10       0x70 ./board/clock_config.o
                0x00002e10                BOARD_BootClockRUN
 .text.__assertion_failed
                0x00002e80       0x4c c:/nxp/mcuxpressoide_10.3.0_2200/ide/plugins/com.nxp.mcuxpresso.tools.win32_10.3.0.201811011841/tools/bin/../lib/gcc/arm-none-eabi/7.3.1/../../../../arm-none-eabi/lib/thumb/v6-m\libcr_semihost_nf.a(_cr_assert.o)
                0x00002e80                __assertion_failed
 .text.__sys_appexit
                0x00002ecc        0xc c:/nxp/mcuxpressoide_10.3.0_2200/ide/plugins/com.nxp.mcuxpresso.tools.win32_10.3.0.201811011841/tools/bin/../lib/gcc/arm-none-eabi/7.3.1/../../../../arm-none-eabi/lib/thumb/v6-m\libcr_semihost_nf.a(__sys_appexit.o)
                0x00002ecc                __sys_appexit
                0x00002ecc                __exit
 .text._deferredlazyseek
                0x00002ed8       0x40 c:/nxp/mcuxpressoide_10.3.0_2200/ide/plugins/com.nxp.mcuxpresso.tools.win32_10.3.0.201811011841/tools/bin/../lib/gcc/arm-none-eabi/7.3.1/../../../../arm-none-eabi/lib/thumb/v6-m\libcr_c.a(_deferredlazyseek.o)
                0x00002ed8                _deferredlazyseek
 .text.__flsbuf
                0x00002f18      0x14c c:/nxp/mcuxpressoide_10.3.0_2200/ide/plugins/com.nxp.mcuxpresso.tools.win32_10.3.0.201811011841/tools/bin/../lib/gcc/arm-none-eabi/7.3.1/../../../../arm-none-eabi/lib/thumb/v6-m\libcr_c.a(_deferredlazyseek.o)
                0x00002f18                __flsbuf
 .text._fflush  0x00003064       0x5c c:/nxp/mcuxpressoide_10.3.0_2200/ide/plugins/com.nxp.mcuxpresso.tools.win32_10.3.0.201811011841/tools/bin/../lib/gcc/arm-none-eabi/7.3.1/../../../../arm-none-eabi/lib/thumb/v6-m\libcr_c.a(_fflush.o)
                0x00003064                _fflush
 .text._Cwritebuf
                0x000030c0       0x68 c:/nxp/mcuxpressoide_10.3.0_2200/ide/plugins/com.nxp.mcuxpresso.tools.win32_10.3.0.201811011841/tools/bin/../lib/gcc/arm-none-eabi/7.3.1/../../../../arm-none-eabi/lib/thumb/v6-m\libcr_c.a(_writebuf.o)
                0x000030c0                _Cwritebuf
 .text.malloc   0x00003128       0xcc c:/nxp/mcuxpressoide_10.3.0_2200/ide/plugins/com.nxp.mcuxpresso.tools.win32_10.3.0.201811011841/tools/bin/../lib/gcc/arm-none-eabi/7.3.1/../../../../arm-none-eabi/lib/thumb/v6-m\libcr_c.a(alloc.o)
                0x00003128                malloc
 .text._Csys_alloc
                0x000031f4       0x20 c:/nxp/mcuxpressoide_10.3.0_2200/ide/plugins/com.nxp.mcuxpresso.tools.win32_10.3.0.201811011841/tools/bin/../lib/gcc/arm-none-eabi/7.3.1/../../../../arm-none-eabi/lib/thumb/v6-m\libcr_c.a(alloc.o)
                0x000031f4                _Csys_alloc
 .text.fseek    0x00003214       0xf0 c:/nxp/mcuxpressoide_10.3.0_2200/ide/plugins/com.nxp.mcuxpresso.tools.win32_10.3.0.201811011841/tools/bin/../lib/gcc/arm-none-eabi/7.3.1/../../../../arm-none-eabi/lib/thumb/v6-m\libcr_c.a(fseek.o)
                0x00003214                fseek
 .text.ftell    0x00003304       0x48 c:/nxp/mcuxpressoide_10.3.0_2200/ide/plugins/com.nxp.mcuxpresso.tools.win32_10.3.0.201811011841/tools/bin/../lib/gcc/arm-none-eabi/7.3.1/../../../../arm-none-eabi/lib/thumb/v6-m\libcr_c.a(ftell.o)
                0x00003304                ftell
 .text._initio  0x0000334c       0x7c c:/nxp/mcuxpressoide_10.3.0_2200/ide/plugins/com.nxp.mcuxpresso.tools.win32_10.3.0.201811011841/tools/bin/../lib/gcc/arm-none-eabi/7.3.1/../../../../arm-none-eabi/lib/thumb/v6-m\libcr_c.a(initio.o)
                0x0000334c                _initio
 .text.setvbuf  0x000033c8       0x48 c:/nxp/mcuxpressoide_10.3.0_2200/ide/plugins/com.nxp.mcuxpresso.tools.win32_10.3.0.201811011841/tools/bin/../lib/gcc/arm-none-eabi/7.3.1/../../../../arm-none-eabi/lib/thumb/v6-m\libcr_c.a(setvbuf.o)
                0x000033c8                setvbuf
 .text.strlen   0x00003410       0x58 c:/nxp/mcuxpressoide_10.3.0_2200/ide/plugins/com.nxp.mcuxpresso.tools.win32_10.3.0.201811011841/tools/bin/../lib/gcc/arm-none-eabi/7.3.1/../../../../arm-none-eabi/lib/thumb/v6-m\libcr_c.a(strlen.o)
                0x00003410                strlen
 .text._sbrk    0x00003468       0x40 c:/nxp/mcuxpressoide_10.3.0_2200/ide/plugins/com.nxp.mcuxpresso.tools.win32_10.3.0.201811011841/tools/bin/../lib/gcc/arm-none-eabi/7.3.1/../../../../arm-none-eabi/lib/thumb/v6-m\libcr_c.a(_cr_sbrk.o)
                0x00003468                _sbrk
 .text._fdopen  0x000034a8       0x74 c:/nxp/mcuxpressoide_10.3.0_2200/ide/plugins/com.nxp.mcuxpresso.tools.win32_10.3.0.201811011841/tools/bin/../lib/gcc/arm-none-eabi/7.3.1/../../../../arm-none-eabi/lib/thumb/v6-m\libcr_c.a(_fdopen.o)
                0x000034a8                _fdopen
 .text.fclose   0x0000351c       0x5c c:/nxp/mcuxpressoide_10.3.0_2200/ide/plugins/com.nxp.mcuxpresso.tools.win32_10.3.0.201811011841/tools/bin/../lib/gcc/arm-none-eabi/7.3.1/../../../../arm-none-eabi/lib/thumb/v6-m\libcr_c.a(fclose.o)
                0x0000351c                fclose
 .text.fflush   0x00003578       0x44 c:/nxp/mcuxpressoide_10.3.0_2200/ide/plugins/com.nxp.mcuxpresso.tools.win32_10.3.0.201811011841/tools/bin/../lib/gcc/arm-none-eabi/7.3.1/../../../../arm-none-eabi/lib/thumb/v6-m\libcr_c.a(fflush.o)
                0x00003578                fflush
 .text.__check_heap_overflow
                0x000035bc       0x14 c:/nxp/mcuxpressoide_10.3.0_2200/ide/plugins/com.nxp.mcuxpresso.tools.win32_10.3.0.201811011841/tools/bin/../lib/gcc/arm-none-eabi/7.3.1/../../../../arm-none-eabi/lib/thumb/v6-m\libcr_c.a(_cr_check_heap.o)
                0x000035bc                __check_heap_overflow
 .text._do_fflush
                0x000035d0       0x44 c:/nxp/mcuxpressoide_10.3.0_2200/ide/plugins/com.nxp.mcuxpresso.tools.win32_10.3.0.201811011841/tools/bin/../lib/gcc/arm-none-eabi/7.3.1/../../../../arm-none-eabi/lib/thumb/v6-m\libcr_c.a(_do_fflush.o)
                0x000035d0                _do_fflush
 .text.__aeabi_dmul
                0x00003614      0x184 c:/nxp/mcuxpressoide_10.3.0_2200/ide/plugins/com.nxp.mcuxpresso.tools.win32_10.3.0.201811011841/tools/bin/../lib/gcc/arm-none-eabi/7.3.1/thumb/v6-m\libcr_eabihelpers.a(double.o)
                0x00003614                __aeabi_dmul
 .text.__aeabi_ddiv
                0x00003798      0x148 c:/nxp/mcuxpressoide_10.3.0_2200/ide/plugins/com.nxp.mcuxpresso.tools.win32_10.3.0.201811011841/tools/bin/../lib/gcc/arm-none-eabi/7.3.1/thumb/v6-m\libcr_eabihelpers.a(double.o)
                0x00003798                __aeabi_ddiv
 .text.__aeabi_dsub
                0x000038e0      0x1bc c:/nxp/mcuxpressoide_10.3.0_2200/ide/plugins/com.nxp.mcuxpresso.tools.win32_10.3.0.201811011841/tools/bin/../lib/gcc/arm-none-eabi/7.3.1/thumb/v6-m\libcr_eabihelpers.a(double.o)
                0x000038e0                __aeabi_dsub
 .text.__aeabi_dadd
                0x00003a9c      0x128 c:/nxp/mcuxpressoide_10.3.0_2200/ide/plugins/com.nxp.mcuxpresso.tools.win32_10.3.0.201811011841/tools/bin/../lib/gcc/arm-none-eabi/7.3.1/thumb/v6-m\libcr_eabihelpers.a(double.o)
                0x00003a9c                __aeabi_dadd
 .text.__aeabi_d2f
                0x00003bc4       0x60 c:/nxp/mcuxpressoide_10.3.0_2200/ide/plugins/com.nxp.mcuxpresso.tools.win32_10.3.0.201811011841/tools/bin/../lib/gcc/arm-none-eabi/7.3.1/thumb/v6-m\libcr_eabihelpers.a(double.o)
                0x00003bc4                __aeabi_d2f
 .text.__aeabi_d2uiz
                0x00003c24       0x34 c:/nxp/mcuxpressoide_10.3.0_2200/ide/plugins/com.nxp.mcuxpresso.tools.win32_10.3.0.201811011841/tools/bin/../lib/gcc/arm-none-eabi/7.3.1/thumb/v6-m\libcr_eabihelpers.a(double.o)
                0x00003c24                __aeabi_d2uiz
 .text.__aeabi_fmul
                0x00003c58       0xc4 c:/nxp/mcuxpressoide_10.3.0_2200/ide/plugins/com.nxp.mcuxpresso.tools.win32_10.3.0.201811011841/tools/bin/../lib/gcc/arm-none-eabi/7.3.1/thumb/v6-m\libcr_eabihelpers.a(float.o)
                0x00003c58                __aeabi_fmul
 .text.__aeabi_fdiv
                0x00003d1c       0xdc c:/nxp/mcuxpressoide_10.3.0_2200/ide/plugins/com.nxp.mcuxpresso.tools.win32_10.3.0.201811011841/tools/bin/../lib/gcc/arm-none-eabi/7.3.1/thumb/v6-m\libcr_eabihelpers.a(float.o)
                0x00003d1c                __aeabi_fdiv
 .text.__aeabi_fsub
                0x00003df8      0x130 c:/nxp/mcuxpressoide_10.3.0_2200/ide/plugins/com.nxp.mcuxpresso.tools.win32_10.3.0.201811011841/tools/bin/../lib/gcc/arm-none-eabi/7.3.1/thumb/v6-m\libcr_eabihelpers.a(float.o)
                0x00003df8                __aeabi_fsub
 .text.__aeabi_fadd
                0x00003f28       0xb0 c:/nxp/mcuxpressoide_10.3.0_2200/ide/plugins/com.nxp.mcuxpresso.tools.win32_10.3.0.201811011841/tools/bin/../lib/gcc/arm-none-eabi/7.3.1/thumb/v6-m\libcr_eabihelpers.a(float.o)
                0x00003f28                __aeabi_fadd
 .text.Get_Canonical_Payload_Lenght
                0x00003fd8       0x30 ./source/packet_manager/packet_manager.o
                0x00003fd8                Get_Canonical_Payload_Lenght
 .text.Build_Packet_Serial
                0x00004008       0x4a ./source/packet_manager/packet_manager.o
                0x00004008                Build_Packet_Serial
 .text.Init_Supervisor
                0x00004052        0x8 ./source/Supervisor/Supervisor.o
                0x00004052                Init_Supervisor
 .text.From_Serial_Frame_To_Packet
                0x0000405a       0x72 ./source/Serial_Manager/Serial_Manager.o
                0x0000405a                From_Serial_Frame_To_Packet
 .text.From_Packet_To_Serial_Frame
                0x000040cc       0x5c ./source/Serial_Manager/Serial_Manager.o
                0x000040cc                From_Packet_To_Serial_Frame
 .text.B64EncodedLength
                0x00004128       0x18 ./source/Serial_Manager/base64_codec.o
                0x00004128                B64EncodedLength
 .text.B64DecodedLength
                0x00004140       0x1a ./source/Serial_Manager/base64_codec.o
                0x00004140                B64DecodedLength
 .text.B64a3_to_a4
                0x0000415a       0x30 ./source/Serial_Manager/base64_codec.o
                0x0000415a                B64a3_to_a4
 .text.B64a4_to_a3
                0x0000418a       0x28 ./source/Serial_Manager/base64_codec.o
                0x0000418a                B64a4_to_a3
 .text.B64_lookup
                0x000041b2       0x36 ./source/Serial_Manager/base64_codec.o
                0x000041b2                B64_lookup
 .text.B64Decode
                0x000041e8       0xc4 ./source/Serial_Manager/base64_codec.o
                0x000041e8                B64Decode
 .text.Radio_Manager_Init
                0x000042ac        0x8 ./source/RadioManager/RadioManager.o
                0x000042ac                Radio_Manager_Init
 .text.Health_Manager_Get_Bat_Voltage
                0x000042b4       0x12 ./source/Health_Manager/health_manager.o
                0x000042b4                Health_Manager_Get_Bat_Voltage
 .text.Health_Manager_Set_Data
                0x000042c6       0x3e ./source/Health_Manager/health_manager.o
                0x000042c6                Health_Manager_Set_Data
 .text.FlashInterface_Init
                0x00004304        0x8 ./source/FlashManager/FlashDataRWInterface/FlashDataRWInterface.o
                0x00004304                FlashInterface_Init
 .text.FlashInterface_Load_SystemData_FromFlash
                0x0000430c       0x4a ./source/FlashManager/FlashDataRWInterface/FlashDataRWInterface.o
                0x0000430c                FlashInterface_Load_SystemData_FromFlash
 .text.s2lp_Set_Channel_Num
                0x00004356        0xc ./source/External_HW_Drivers/s2lp/s2lp.o
                0x00004356                s2lp_Set_Channel_Num
 .text.s2lp_Set_Tx_Power_Config
                0x00004362       0x10 ./source/External_HW_Drivers/s2lp/s2lp.o
                0x00004362                s2lp_Set_Tx_Power_Config
 .text.S2lp_Config_Power_Management
                0x00004372       0x60 ./source/External_HW_Drivers/s2lp/s2lp.o
                0x00004372                S2lp_Config_Power_Management
 .text.s2lp_Set_Modulation_Type
                0x000043d2       0x6a ./source/External_HW_Drivers/s2lp/s2lp.o
                0x000043d2                s2lp_Set_Modulation_Type
 .text.s2lp_Get_Modulation_Type
                0x0000443c        0xe ./source/External_HW_Drivers/s2lp/s2lp.o
                0x0000443c                s2lp_Get_Modulation_Type
 .text.s2lp_Get_Operating_State
                0x0000444a        0xe ./source/External_HW_Drivers/s2lp/s2lp.o
                0x0000444a                s2lp_Get_Operating_State
 .text.S2lp_Config_Interrupt
                0x00004458       0x3a ./source/External_HW_Drivers/s2lp/s2lp.o
                0x00004458                S2lp_Config_Interrupt
 .text.s2lp_Set_Packet_Format_StAck
                0x00004492       0x8a ./source/External_HW_Drivers/s2lp/s2lp.o
                0x00004492                s2lp_Set_Packet_Format_StAck
 .text.mx25l128_Init
                0x0000451c        0x8 ./source/External_HW_Drivers/mx25l128/mx25l128.o
                0x0000451c                mx25l128_Init
 .text.CnfManager_Init
                0x00004524        0x2 ./source/Configuration_Manager/configuration_manager.o
                0x00004524                CnfManager_Init
 .text.CnfManager_Load_Mote_Default_Config
                0x00004526       0x2a ./source/Configuration_Manager/configuration_manager.o
                0x00004526                CnfManager_Load_Mote_Default_Config
 .text.CnfManager_Update_Node_Config
                0x00004550       0x2c ./source/Configuration_Manager/configuration_manager.o
                0x00004550                CnfManager_Update_Node_Config
 .text.startup.main
                0x0000457c       0x46 ./source/MKL82Z128xxx7_Project.o
                0x0000457c                main
 .text.LPUART_GetStatusFlags
                0x000045c2        0xe ./drivers/fsl_lpuart.o
                0x000045c2                LPUART_GetStatusFlags
 .text.SystemInitHook
                0x000045d0        0x2 ./device/system_MKL82Z7.o
                0x000045d0                SystemInitHook
 .text.__main   0x000045d2        0xc c:/nxp/mcuxpressoide_10.3.0_2200/ide/plugins/com.nxp.mcuxpresso.tools.win32_10.3.0.201811011841/tools/bin/../lib/gcc/arm-none-eabi/7.3.1/../../../../arm-none-eabi/lib/thumb/v6-m\libcr_semihost_nf.a(_cr__main.o)
                0x000045d2                __CR_SEMIHOST
                0x000045d2                __main
 .text.memcpy   0x000045de        0x8 c:/nxp/mcuxpressoide_10.3.0_2200/ide/plugins/com.nxp.mcuxpresso.tools.win32_10.3.0.201811011841/tools/bin/../lib/gcc/arm-none-eabi/7.3.1/../../../../arm-none-eabi/lib/thumb/v6-m\libcr_c.a(memcpy.o)
                0x000045de                memcpy
 .text.memset   0x000045e6        0x8 c:/nxp/mcuxpressoide_10.3.0_2200/ide/plugins/com.nxp.mcuxpresso.tools.win32_10.3.0.201811011841/tools/bin/../lib/gcc/arm-none-eabi/7.3.1/../../../../arm-none-eabi/lib/thumb/v6-m\libcr_c.a(memset.o)
                0x000045e6                memset
 .text.free     0x000045ee       0x2c c:/nxp/mcuxpressoide_10.3.0_2200/ide/plugins/com.nxp.mcuxpresso.tools.win32_10.3.0.201811011841/tools/bin/../lib/gcc/arm-none-eabi/7.3.1/../../../../arm-none-eabi/lib/thumb/v6-m\libcr_c.a(alloc.o)
                0x000045ee                free
 .text.fputs    0x0000461a       0x2e c:/nxp/mcuxpressoide_10.3.0_2200/ide/plugins/com.nxp.mcuxpresso.tools.win32_10.3.0.201811011841/tools/bin/../lib/gcc/arm-none-eabi/7.3.1/../../../../arm-none-eabi/lib/thumb/v6-m\libcr_c.a(fputs.o)
                0x0000461a                fputs
 .text.remove   0x00004648       0x12 c:/nxp/mcuxpressoide_10.3.0_2200/ide/plugins/com.nxp.mcuxpresso.tools.win32_10.3.0.201811011841/tools/bin/../lib/gcc/arm-none-eabi/7.3.1/../../../../arm-none-eabi/lib/thumb/v6-m\libcr_c.a(remove.o)
                0x00004648                remove
 .text.__aeabi_division_idivmod
                0x0000465a       0x78 c:/nxp/mcuxpressoide_10.3.0_2200/ide/plugins/com.nxp.mcuxpresso.tools.win32_10.3.0.201811011841/tools/bin/../lib/gcc/arm-none-eabi/7.3.1/thumb/v6-m\libcr_eabihelpers.a(division_32.o)
                0x0000465a                __aeabi_idivmod
                0x0000465a                __aeabi_idiv
                0x00004660                __aeabi_uidivmod
                0x00004660                __aeabi_uidiv
 .text.__aeabi_division_uldivmod
                0x000046d2       0x5a c:/nxp/mcuxpressoide_10.3.0_2200/ide/plugins/com.nxp.mcuxpresso.tools.win32_10.3.0.201811011841/tools/bin/../lib/gcc/arm-none-eabi/7.3.1/thumb/v6-m\libcr_eabihelpers.a(division_64.o)
                0x000046d2                __aeabi_uldivmod
 .text.__aeabi_division_idiv0
                0x0000472c        0x2 c:/nxp/mcuxpressoide_10.3.0_2200/ide/plugins/com.nxp.mcuxpresso.tools.win32_10.3.0.201811011841/tools/bin/../lib/gcc/arm-none-eabi/7.3.1/thumb/v6-m\libcr_eabihelpers.a(division_idiv0.o)
                0x0000472c                __aeabi_idiv0
 .text.__bhs_ui2d
                0x0000472e       0x5e c:/nxp/mcuxpressoide_10.3.0_2200/ide/plugins/com.nxp.mcuxpresso.tools.win32_10.3.0.201811011841/tools/bin/../lib/gcc/arm-none-eabi/7.3.1/thumb/v6-m\libcr_eabihelpers.a(double.o)
                0x0000472e                __bhs_ui2d
 .text.__aeabi_i2d
                0x0000478c       0x18 c:/nxp/mcuxpressoide_10.3.0_2200/ide/plugins/com.nxp.mcuxpresso.tools.win32_10.3.0.201811011841/tools/bin/../lib/gcc/arm-none-eabi/7.3.1/thumb/v6-m\libcr_eabihelpers.a(double.o)
                0x0000478c                __aeabi_i2d
 .text.__aeabi_f2uiz
                0x000047a4       0x2a c:/nxp/mcuxpressoide_10.3.0_2200/ide/plugins/com.nxp.mcuxpresso.tools.win32_10.3.0.201811011841/tools/bin/../lib/gcc/arm-none-eabi/7.3.1/thumb/v6-m\libcr_eabihelpers.a(float.o)
                0x000047a4                __aeabi_f2uiz
 .text.__bhs_ui2f
                0x000047ce       0x62 c:/nxp/mcuxpressoide_10.3.0_2200/ide/plugins/com.nxp.mcuxpresso.tools.win32_10.3.0.201811011841/tools/bin/../lib/gcc/arm-none-eabi/7.3.1/thumb/v6-m\libcr_eabihelpers.a(float.o)
                0x000047ce                __bhs_ui2f
 .text.__aeabi_i2f
                0x00004830       0x18 c:/nxp/mcuxpressoide_10.3.0_2200/ide/plugins/com.nxp.mcuxpresso.tools.win32_10.3.0.201811011841/tools/bin/../lib/gcc/arm-none-eabi/7.3.1/thumb/v6-m\libcr_eabihelpers.a(float.o)
                0x00004830                __aeabi_i2f
 .text.__aeabi_ui2f
                0x00004848        0xc c:/nxp/mcuxpressoide_10.3.0_2200/ide/plugins/com.nxp.mcuxpresso.tools.win32_10.3.0.201811011841/tools/bin/../lib/gcc/arm-none-eabi/7.3.1/thumb/v6-m\libcr_eabihelpers.a(float.o)
                0x00004848                __aeabi_ui2f
 .text.__aeabi_fcmplt
                0x00004854       0x44 c:/nxp/mcuxpressoide_10.3.0_2200/ide/plugins/com.nxp.mcuxpresso.tools.win32_10.3.0.201811011841/tools/bin/../lib/gcc/arm-none-eabi/7.3.1/thumb/v6-m\libcr_eabihelpers.a(float.o)
                0x00004854                __aeabi_fcmplt
 .text.__aeabi_fcmpgt
                0x00004898       0x3e c:/nxp/mcuxpressoide_10.3.0_2200/ide/plugins/com.nxp.mcuxpresso.tools.win32_10.3.0.201811011841/tools/bin/../lib/gcc/arm-none-eabi/7.3.1/thumb/v6-m\libcr_eabihelpers.a(float.o)
                0x00004898                __aeabi_fcmpgt
 .text.__aeabi_fcmple
                0x000048d6       0x40 c:/nxp/mcuxpressoide_10.3.0_2200/ide/plugins/com.nxp.mcuxpresso.tools.win32_10.3.0.201811011841/tools/bin/../lib/gcc/arm-none-eabi/7.3.1/thumb/v6-m\libcr_eabihelpers.a(float.o)
                0x000048d6                __aeabi_fcmple
 .text.__aeabi_fcmpge
                0x00004916       0x3c c:/nxp/mcuxpressoide_10.3.0_2200/ide/plugins/com.nxp.mcuxpresso.tools.win32_10.3.0.201811011841/tools/bin/../lib/gcc/arm-none-eabi/7.3.1/thumb/v6-m\libcr_eabihelpers.a(float.o)
                0x00004916                __aeabi_fcmpge
 .text.__aeabi_llong_lmul
                0x00004952       0x2e c:/nxp/mcuxpressoide_10.3.0_2200/ide/plugins/com.nxp.mcuxpresso.tools.win32_10.3.0.201811011841/tools/bin/../lib/gcc/arm-none-eabi/7.3.1/thumb/v6-m\libcr_eabihelpers.a(llong.o)
                0x00004952                __aeabi_lmul
 .text.__aeabi_memcpy
                0x00004980       0x2c c:/nxp/mcuxpressoide_10.3.0_2200/ide/plugins/com.nxp.mcuxpresso.tools.win32_10.3.0.201811011841/tools/bin/../lib/gcc/arm-none-eabi/7.3.1/thumb/v6-m\libcr_eabihelpers.a(memcpy.o)
                0x00004980                __aeabi_memcpy4
                0x00004980                __aeabi_memcpy8
                0x00004980                __aeabi_memcpy
 .text.__aeabi_memset_lowlevel
                0x000049ac       0x2a c:/nxp/mcuxpressoide_10.3.0_2200/ide/plugins/com.nxp.mcuxpresso.tools.win32_10.3.0.201811011841/tools/bin/../lib/gcc/arm-none-eabi/7.3.1/thumb/v6-m\libcr_eabihelpers.a(memcpy.o)
                0x000049ac                __aeabi_lowlevel_memset
 .text.__gnu_thumb1_case_uqi
                0x000049d6       0x10 c:/nxp/mcuxpressoide_10.3.0_2200/ide/plugins/com.nxp.mcuxpresso.tools.win32_10.3.0.201811011841/tools/bin/../lib/gcc/arm-none-eabi/7.3.1/thumb/v6-m\libcr_eabihelpers.a(thumb1_switch_helpers.o)
                0x000049d6                __gnu_thumb1_case_uqi
 .text.__gnu_thumb1_case_uhi
                0x000049e6       0x10 c:/nxp/mcuxpressoide_10.3.0_2200/ide/plugins/com.nxp.mcuxpresso.tools.win32_10.3.0.201811011841/tools/bin/../lib/gcc/arm-none-eabi/7.3.1/thumb/v6-m\libcr_eabihelpers.a(thumb1_switch_helpers.o)
                0x000049e6                __gnu_thumb1_case_uhi
 .text.__sys_close
                0x000049f6        0xc c:/nxp/mcuxpressoide_10.3.0_2200/ide/plugins/com.nxp.mcuxpresso.tools.win32_10.3.0.201811011841/tools/bin/../lib/gcc/arm-none-eabi/7.3.1/../../../../arm-none-eabi/lib/thumb/v6-m\libcr_semihost_nf.a(__sys_close.o)
                0x000049f6                __sys_close
 .text.__sys_flen
                0x00004a02        0xc c:/nxp/mcuxpressoide_10.3.0_2200/ide/plugins/com.nxp.mcuxpresso.tools.win32_10.3.0.201811011841/tools/bin/../lib/gcc/arm-none-eabi/7.3.1/../../../../arm-none-eabi/lib/thumb/v6-m\libcr_semihost_nf.a(__sys_flen.o)
                0x00004a02                __sys_flen
 .text.__sys_istty
                0x00004a0e        0xc c:/nxp/mcuxpressoide_10.3.0_2200/ide/plugins/com.nxp.mcuxpresso.tools.win32_10.3.0.201811011841/tools/bin/../lib/gcc/arm-none-eabi/7.3.1/../../../../arm-none-eabi/lib/thumb/v6-m\libcr_semihost_nf.a(__sys_istty.o)
                0x00004a0e                __sys_istty
 .text.__sys_remove
                0x00004a1a        0xc c:/nxp/mcuxpressoide_10.3.0_2200/ide/plugins/com.nxp.mcuxpresso.tools.win32_10.3.0.201811011841/tools/bin/../lib/gcc/arm-none-eabi/7.3.1/../../../../arm-none-eabi/lib/thumb/v6-m\libcr_semihost_nf.a(__sys_remove.o)
                0x00004a1a                __sys_remove
 .text.__sys_seek
                0x00004a26        0xc c:/nxp/mcuxpressoide_10.3.0_2200/ide/plugins/com.nxp.mcuxpresso.tools.win32_10.3.0.201811011841/tools/bin/../lib/gcc/arm-none-eabi/7.3.1/../../../../arm-none-eabi/lib/thumb/v6-m\libcr_semihost_nf.a(__sys_seek.o)
                0x00004a26                __sys_seek
 .text.__sys_tmpnam
                0x00004a32        0xc c:/nxp/mcuxpressoide_10.3.0_2200/ide/plugins/com.nxp.mcuxpresso.tools.win32_10.3.0.201811011841/tools/bin/../lib/gcc/arm-none-eabi/7.3.1/../../../../arm-none-eabi/lib/thumb/v6-m\libcr_semihost_nf.a(__sys_tmpnam.o)
                0x00004a32                __sys_tmpnam
 .text.__sys_write
                0x00004a3e        0xc c:/nxp/mcuxpressoide_10.3.0_2200/ide/plugins/com.nxp.mcuxpresso.tools.win32_10.3.0.201811011841/tools/bin/../lib/gcc/arm-none-eabi/7.3.1/../../../../arm-none-eabi/lib/thumb/v6-m\libcr_semihost_nf.a(__sys_write.o)
                0x00004a3e                __sys_write
 *(SORT_BY_ALIGNMENT(.rodata) SORT_BY_ALIGNMENT(.rodata.*) SORT_BY_ALIGNMENT(.constdata) SORT_BY_ALIGNMENT(.constdata.*))
 *fill*         0x00004a4a        0x2 ff
 .rodata.s_lpuartClock
                0x00004a4c        0xc ./drivers/fsl_lpuart.o
 .rodata.oscConfig_BOARD_BootClockRUN
                0x00004a58        0x8 ./board/clock_config.o
                0x00004a58                oscConfig_BOARD_BootClockRUN
 .rodata.simConfig_BOARD_BootClockRUN
                0x00004a60        0x8 ./board/clock_config.o
                0x00004a60                simConfig_BOARD_BootClockRUN
 .rodata.__num_Ciob_streams
                0x00004a68        0x4 c:/nxp/mcuxpressoide_10.3.0_2200/ide/plugins/com.nxp.mcuxpresso.tools.win32_10.3.0.201811011841/tools/bin/../lib/gcc/arm-none-eabi/7.3.1/../../../../arm-none-eabi/lib/thumb/v6-m\libcr_semihost_nf.a(__ciob.o)
                0x00004a68                __num_Ciob_streams
 .rodata.crc16_table
                0x00004a6c      0x200 ./source/CRC_tools/crc_tools.o
                0x00004a6c                crc16_table
 .rodata.fllFactorTable.5944
                0x00004c6c       0x10 ./drivers/fsl_clock.o
 .rodata        0x00004c7c        0x2 ./source/Supervisor/Supervisor.o
 .rodata.kBase64Alphabet
                0x00004c7e       0x41 ./source/Serial_Manager/base64_codec.o
                0x00004c7e                kBase64Alphabet
 .rodata        0x00004cbf        0x2 ./source/External_HW_Drivers/s2lp/s2lp.o
 .rodata        0x00004cc1        0x2 ./source/External_HW_Drivers/mx25l128/mx25l128.o
 .rodata.CSWTCH.10
                0x00004cc3        0x8 ./source/Configuration_Manager/configuration_manager.o
 .rodata.CSWTCH.11
                0x00004ccb        0x8 ./source/Configuration_Manager/configuration_manager.o
 .rodata.CSWTCH.13
                0x00004cd3        0x8 ./source/Configuration_Manager/configuration_manager.o
 .rodata.CSWTCH.14
                0x00004cdb        0x8 ./source/Configuration_Manager/configuration_manager.o
 .rodata.CLOCK_BootToPeeMode.str1.1
                0x00004ce3       0x25 ./drivers/fsl_clock.o
 .rodata.CLOCK_EnablePll0.str1.1
                0x00004d08       0x25 ./drivers/fsl_clock.o
 .rodata.CLOCK_GetEr32kClkFreq.str1.1
                0x00004d2d       0x2a ./drivers/fsl_clock.o
 .rodata.CLOCK_GetMcgExtClkFreq.str1.1
                0x00004d57       0x53 ./drivers/fsl_clock.o
 .rodata.CLOCK_GetOsc0ErClkDivFreq.str1.1
                0x00004daa       0x29 ./drivers/fsl_clock.o
 .rodata.CLOCK_GetOsc0ErClkUndivFreq.str1.1
                0x00004dd3       0x29 ./drivers/fsl_clock.o
 .rodata.CLOCK_GetPll0Freq.str1.1
                0x00004dfc       0x28 ./drivers/fsl_clock.o
 .rodata.CLOCK_SetPbeMode.str1.1
                0x00004e24       0x25 ./drivers/fsl_clock.o
 .rodata.GPIO_PinInit.str1.1
                0x00004e49       0x23 ./drivers/fsl_gpio.o
 .rodata.LPUART_GetDefaultConfig.str1.1
                0x00004e6c       0x25 ./drivers/fsl_lpuart.o
 .rodata.LPUART_GetInstance.str1.1
                0x00004e91       0x43 ./drivers/fsl_lpuart.o
 .rodata.LPUART_Init.str1.1
                0x00004ed4      0x112 ./drivers/fsl_lpuart.o
 .rodata.PIT_GetInstance.str1.1
                0x00004fe6       0x3c ./drivers/fsl_pit.o
 .rodata.PIT_Init.str1.1
                0x00005022       0x21 ./drivers/fsl_pit.o
 .rodata.mcgConfig_BOARD_BootClockRUN
                0x00005043        0xb ./board/clock_config.o
                0x00005043                mcgConfig_BOARD_BootClockRUN
 .rodata.__assertion_failed.str1.1
                0x0000504e       0x15 c:/nxp/mcuxpressoide_10.3.0_2200/ide/plugins/com.nxp.mcuxpresso.tools.win32_10.3.0.201811011841/tools/bin/../lib/gcc/arm-none-eabi/7.3.1/../../../../arm-none-eabi/lib/thumb/v6-m\libcr_semihost_nf.a(_cr_assert.o)
 .rodata._Csys_alloc.str1.1
                0x00005063       0x18 c:/nxp/mcuxpressoide_10.3.0_2200/ide/plugins/com.nxp.mcuxpresso.tools.win32_10.3.0.201811011841/tools/bin/../lib/gcc/arm-none-eabi/7.3.1/../../../../arm-none-eabi/lib/thumb/v6-m\libcr_c.a(alloc.o)
 .rodata._initio.str1.1
                0x0000507b        0x4 c:/nxp/mcuxpressoide_10.3.0_2200/ide/plugins/com.nxp.mcuxpresso.tools.win32_10.3.0.201811011841/tools/bin/../lib/gcc/arm-none-eabi/7.3.1/../../../../arm-none-eabi/lib/thumb/v6-m\libcr_c.a(initio.o)
                0x00005080                . = ALIGN (0x4)
 *fill*         0x0000507f        0x1 ff

.glue_7         0x00005080        0x0
 .glue_7        0x00005080        0x0 linker stubs

.glue_7t        0x00005080        0x0
 .glue_7t       0x00005080        0x0 linker stubs

.vfp11_veneer   0x00005080        0x0
 .vfp11_veneer  0x00005080        0x0 linker stubs

.v4_bx          0x00005080        0x0
 .v4_bx         0x00005080        0x0 linker stubs

.iplt           0x00005080        0x0
 .iplt          0x00005080        0x0 ./startup/startup_mkl82z7.o

.rel.dyn        0x00005080        0x0
 .rel.iplt      0x00005080        0x0 ./startup/startup_mkl82z7.o

.ARM.extab
 *(SORT_BY_ALIGNMENT(.ARM.extab*) SORT_BY_ALIGNMENT(.gnu.linkonce.armextab.*))
                0x00005080                __exidx_start = .

.ARM.exidx
 *(SORT_BY_ALIGNMENT(.ARM.exidx*) SORT_BY_ALIGNMENT(.gnu.linkonce.armexidx.*))
                0x00005080                __exidx_end = .
                0x00005080                _etext = .

.m_usb_data
 *(SORT_BY_ALIGNMENT(m_usb_bdt))
 *(SORT_BY_ALIGNMENT(m_usb_global))

.mtb_buffer_RAM2
 *(SORT_BY_ALIGNMENT(.mtb.$RAM2*))
 *(SORT_BY_ALIGNMENT(.mtb.$USB_RAM*))

.data_RAM2      0x40100000        0x0 load address 0x00005080
 FILL mask 0xff
                [!provide]                PROVIDE (__start_data_RAM2 = .)
 *(SORT_BY_ALIGNMENT(.ramfunc.$RAM2))
 *(SORT_BY_ALIGNMENT(.ramfunc.$USB_RAM))
 *(SORT_BY_ALIGNMENT(.data.$RAM2*))
 *(SORT_BY_ALIGNMENT(.data.$USB_RAM*))
                0x40100000                . = ALIGN (0x4)
                [!provide]                PROVIDE (__end_data_RAM2 = .)

.mtb_buffer_default
                0x1fffa000       0x80
 *(SORT_BY_ALIGNMENT(.mtb*))
 .mtb.$RAM1     0x1fffa000       0x80 ./source/mtb.o
                0x1fffa000                __mtb_buffer__

.uninit_RESERVED
                0x1fffa080        0x0
 *(SORT_BY_ALIGNMENT(.bss.$RESERVED*))
                0x1fffa080                . = ALIGN (0x4)
                0x1fffa080                _end_uninit_RESERVED = .

.data           0x1fffa080       0x10 load address 0x00005080
 FILL mask 0xff
                0x1fffa080                _data = .
 *(SORT_BY_ALIGNMENT(vtable))
 *(SORT_BY_ALIGNMENT(.ramfunc*))
 *(SORT_BY_ALIGNMENT(.data*))
 .data.s_fastIrcFreq
                0x1fffa080        0x4 ./drivers/fsl_clock.o
 .data.s_slowIrcFreq
                0x1fffa084        0x4 ./drivers/fsl_clock.o
 .data.SystemCoreClock
                0x1fffa088        0x4 ./device/system_MKL82Z7.o
                0x1fffa088                SystemCoreClock
 .data.flag_radio_operation_finished
                0x1fffa08c        0x1 ./source/External_HW_Drivers/s2lp/s2lp.o
                0x1fffa08c                flag_radio_operation_finished
                0x1fffa090                . = ALIGN (0x4)
 *fill*         0x1fffa08d        0x3 ff
                0x1fffa090                _edata = .

.igot.plt       0x1fffa090        0x0 load address 0x00005090
 .igot.plt      0x1fffa090        0x0 ./startup/startup_mkl82z7.o

.bss_RAM2       0x40100000        0x0
                [!provide]                PROVIDE (__start_bss_RAM2 = .)
 *(SORT_BY_ALIGNMENT(.bss.$RAM2*))
 *(SORT_BY_ALIGNMENT(.bss.$USB_RAM*))
                0x40100000                . = ALIGN ((. != 0x0)?0x4:0x1)
                [!provide]                PROVIDE (__end_bss_RAM2 = .)

.bss            0x1fffa090      0xa18
                0x1fffa090                _bss = .
 *(SORT_BY_ALIGNMENT(.bss*))
 .bss.config    0x1fffa090       0x14 ./source/MCU_Drivers/uart/lpuart.o
                0x1fffa090                config
 .bss.bytes_to_Tx
                0x1fffa0a4        0x4 ./source/MCU_Drivers/spi/spi.o
                0x1fffa0a4                bytes_to_Tx
 .bss.bytes_transmitted
                0x1fffa0a8        0x4 ./source/MCU_Drivers/spi/spi.o
                0x1fffa0a8                bytes_transmitted
 .bss.txrx_Buffer_SPI0
                0x1fffa0ac        0x4 ./source/MCU_Drivers/spi/spi.o
                0x1fffa0ac                txrx_Buffer_SPI0
 .bss.txrx_Buffer_SPI1
                0x1fffa0b0        0x4 ./source/MCU_Drivers/spi/spi.o
                0x1fffa0b0                txrx_Buffer_SPI1
 .bss.g_xtal0Freq
                0x1fffa0b4        0x4 ./drivers/fsl_clock.o
                0x1fffa0b4                g_xtal0Freq
 .bss.g_xtal32Freq
                0x1fffa0b8        0x4 ./drivers/fsl_clock.o
                0x1fffa0b8                g_xtal32Freq
 .bss.s_lpuartHandle
                0x1fffa0bc        0xc ./drivers/fsl_lpuart.o
 .bss.s_lpuartIsr
                0x1fffa0c8        0x4 ./drivers/fsl_lpuart.o
 .bss.__Ciob    0x1fffa0cc       0xb4 c:/nxp/mcuxpressoide_10.3.0_2200/ide/plugins/com.nxp.mcuxpresso.tools.win32_10.3.0.201811011841/tools/bin/../lib/gcc/arm-none-eabi/7.3.1/../../../../arm-none-eabi/lib/thumb/v6-m\libcr_semihost_nf.a(__ciob.o)
                0x1fffa0cc                __Ciob
 .bss.__end_of_heap
                0x1fffa180        0x4 c:/nxp/mcuxpressoide_10.3.0_2200/ide/plugins/com.nxp.mcuxpresso.tools.win32_10.3.0.201811011841/tools/bin/../lib/gcc/arm-none-eabi/7.3.1/../../../../arm-none-eabi/lib/thumb/v6-m\libcr_c.a(__init_alloc.o)
                0x1fffa180                __end_of_heap
 .bss.__heaps   0x1fffa184        0x4 c:/nxp/mcuxpressoide_10.3.0_2200/ide/plugins/com.nxp.mcuxpresso.tools.win32_10.3.0.201811011841/tools/bin/../lib/gcc/arm-none-eabi/7.3.1/../../../../arm-none-eabi/lib/thumb/v6-m\libcr_c.a(__init_alloc.o)
                0x1fffa184                __heaps
 .bss.errno     0x1fffa188        0x4 c:/nxp/mcuxpressoide_10.3.0_2200/ide/plugins/com.nxp.mcuxpresso.tools.win32_10.3.0.201811011841/tools/bin/../lib/gcc/arm-none-eabi/7.3.1/../../../../arm-none-eabi/lib/thumb/v6-m\libcr_c.a(errno.o)
                0x1fffa188                errno
 .bss.serial_crc_frame
                0x1fffa18c        0x2 ./source/Serial_Manager/Serial_Manager.o
                0x1fffa18c                serial_crc_frame
 .bss.serial_tx_crc
                0x1fffa18e        0x2 ./source/Serial_Manager/Serial_Manager.o
                0x1fffa18e                serial_tx_crc
 .bss.packet_Rx_FIFO
                0x1fffa190      0x1f8 ./source/Serial_Manager/Serial_Packet_FIFOs.o
                0x1fffa190                packet_Rx_FIFO
 .bss.packet_Tx_FIFO
                0x1fffa388      0x1f8 ./source/Serial_Manager/Serial_Packet_FIFOs.o
                0x1fffa388                packet_Tx_FIFO
 .bss.packet_aux
                0x1fffa580       0x7e ./source/Health_Manager/health_manager.o
                0x1fffa580                packet_aux
 .bss.packet_Manager_Motor_State
                0x1fffa5fe        0x1 ./source/packet_manager/packet_manager.o
                0x1fffa5fe                packet_Manager_Motor_State
 .bss.receiving_Serial_Frame_Flag
                0x1fffa5ff        0x1 ./source/Serial_Manager/Serial_Manager.o
                0x1fffa5ff                receiving_Serial_Frame_Flag
 .bss.serial_Frame_Rx_Index
                0x1fffa600        0x1 ./source/Serial_Manager/Serial_Manager.o
                0x1fffa600                serial_Frame_Rx_Index
 .bss.serial_Frame_Tx_decoded_Index
                0x1fffa601        0x1 ./source/Serial_Manager/Serial_Manager.o
                0x1fffa601                serial_Frame_Tx_decoded_Index
 .bss.serial_Frame_Tx_encoded_Index
                0x1fffa602        0x1 ./source/Serial_Manager/Serial_Manager.o
                0x1fffa602                serial_Frame_Tx_encoded_Index
 .bss.serial_Manager_Motor_State
                0x1fffa603        0x1 ./source/Serial_Manager/Serial_Manager.o
                0x1fffa603                serial_Manager_Motor_State
 .bss.serial_Manager_Tx_State
                0x1fffa604        0x1 ./source/Serial_Manager/Serial_Manager.o
                0x1fffa604                serial_Manager_Tx_State
 .bss.serial_Tx_decoded_Frame
                0x1fffa605       0x80 ./source/Serial_Manager/Serial_Manager.o
                0x1fffa605                serial_Tx_decoded_Frame
 .bss.serial_Tx_encoded_Frame
                0x1fffa685       0xb4 ./source/Serial_Manager/Serial_Manager.o
                0x1fffa685                serial_Tx_encoded_Frame
 .bss.serial_decodedFrame_RX_Buffer
                0x1fffa739       0x80 ./source/Serial_Manager/Serial_Manager.o
                0x1fffa739                serial_decodedFrame_RX_Buffer
 .bss.serial_encoded_Frame_RX_Buffer
                0x1fffa7b9       0xb4 ./source/Serial_Manager/Serial_Manager.o
                0x1fffa7b9                serial_encoded_Frame_RX_Buffer
 .bss.serial_frame_RX_decoded_length
                0x1fffa86d        0x1 ./source/Serial_Manager/Serial_Manager.o
                0x1fffa86d                serial_frame_RX_decoded_length
 .bss.index_Rx_FIFO_Head
                0x1fffa86e        0x1 ./source/Serial_Manager/Serial_Packet_FIFOs.o
                0x1fffa86e                index_Rx_FIFO_Head
 .bss.index_Rx_FIFO_Tail
                0x1fffa86f        0x1 ./source/Serial_Manager/Serial_Packet_FIFOs.o
                0x1fffa86f                index_Rx_FIFO_Tail
 .bss.index_Tx_FIFO_Head
                0x1fffa870        0x1 ./source/Serial_Manager/Serial_Packet_FIFOs.o
                0x1fffa870                index_Tx_FIFO_Head
 .bss.index_Tx_FIFO_Tail
                0x1fffa871        0x1 ./source/Serial_Manager/Serial_Packet_FIFOs.o
                0x1fffa871                index_Tx_FIFO_Tail
 .bss.stored_serial_Rx_packets_index
                0x1fffa872        0x1 ./source/Serial_Manager/Serial_Packet_FIFOs.o
                0x1fffa872                stored_serial_Rx_packets_index
 .bss.stored_serial_Tx_packets_index
                0x1fffa873        0x1 ./source/Serial_Manager/Serial_Packet_FIFOs.o
                0x1fffa873                stored_serial_Tx_packets_index
 .bss.byte_received
                0x1fffa874        0x1 ./source/MCU_Drivers/uart/lpuart.o
                0x1fffa874                byte_received
 .bss.byte_received_flag
                0x1fffa875        0x1 ./source/MCU_Drivers/uart/lpuart.o
                0x1fffa875                byte_received_flag
 .bss.bytes_Sent
                0x1fffa876        0x1 ./source/MCU_Drivers/uart/lpuart.o
                0x1fffa876                bytes_Sent
 .bss.bytes_to_Send
                0x1fffa877        0x1 ./source/MCU_Drivers/uart/lpuart.o
                0x1fffa877                bytes_to_Send
 .bss.serial_Tx_Data_Buffer
                0x1fffa878       0x80 ./source/MCU_Drivers/uart/lpuart.o
                0x1fffa878                serial_Tx_Data_Buffer
 .bss.serial_frame_sending_flag
                0x1fffa8f8        0x1 ./source/MCU_Drivers/uart/lpuart.o
                0x1fffa8f8                serial_frame_sending_flag
 .bss.device_enabled
                0x1fffa8f9        0x1 ./source/MCU_Drivers/spi/spi.o
                0x1fffa8f9                device_enabled
 .bss.header    0x1fffa8fa        0x1 ./source/MCU_Drivers/spi/spi.o
                0x1fffa8fa                header
 .bss.serial_comm_timeout_flag
                0x1fffa8fb        0x1 ./source/MCU_Drivers/pit_timer/pit.o
                0x1fffa8fb                serial_comm_timeout_flag
 .bss.flag_Need_Tx_Health
                0x1fffa8fc        0x1 ./source/MCU_Drivers/lptmr1_timer/lptmr1.o
                0x1fffa8fc                flag_Need_Tx_Health
 .bss.adcInitialized
                0x1fffa8fd        0x1 ./source/MCU_Drivers/adc/adc.o
                0x1fffa8fd                adcInitialized
 .bss.Health_Manager_State
                0x1fffa8fe        0x1 ./source/Health_Manager/health_manager.o
                0x1fffa8fe                Health_Manager_State
 .bss.radioBufferDataTxRx
                0x1fffa8ff       0x82 ./source/External_HW_Drivers/s2lp/s2lp.o
                0x1fffa8ff                radioBufferDataTxRx
 .bss.radioPArams
                0x1fffa981        0x2 ./source/External_HW_Drivers/s2lp/s2lp.o
                0x1fffa981                radioPArams
 .bss.s2lp_spi_header
                0x1fffa983        0x1 ./source/External_HW_Drivers/s2lp/s2lp.o
                0x1fffa983                s2lp_spi_header
 .bss.dataToTxRx
                0x1fffa984      0x104 ./source/External_HW_Drivers/mx25l128/mx25l128.o
                0x1fffa984                dataToTxRx
 .bss.flag_flash_operation_finished
                0x1fffaa88        0x1 ./source/External_HW_Drivers/mx25l128/mx25l128.o
                0x1fffaa88                flag_flash_operation_finished
 .bss.mx25l128_spi_header
                0x1fffaa89        0x1 ./source/External_HW_Drivers/mx25l128/mx25l128.o
                0x1fffaa89                mx25l128_spi_header
 .bss.security_register
                0x1fffaa8a        0x1 ./source/External_HW_Drivers/mx25l128/mx25l128.o
                0x1fffaa8a                security_register
 .bss.status_register
                0x1fffaa8b        0x1 ./source/External_HW_Drivers/mx25l128/mx25l128.o
                0x1fffaa8b                status_register
 .bss.current_ADC_Cal_Data
                0x1fffaa8c        0x6 ./source/Configuration_Manager/configuration_manager.o
                0x1fffaa8c                current_ADC_Cal_Data
 .bss.current_Health_Config
                0x1fffaa92        0x2 ./source/Configuration_Manager/configuration_manager.o
                0x1fffaa92                current_Health_Config
 .bss.current_Identity_Config
                0x1fffaa94        0xc ./source/Configuration_Manager/configuration_manager.o
                0x1fffaa94                current_Identity_Config
 .bss.current_Radio_Conf_Data
                0x1fffaaa0        0x5 ./source/Configuration_Manager/configuration_manager.o
                0x1fffaaa0                current_Radio_Conf_Data
 *(SORT_BY_ALIGNMENT(COMMON))
                0x1fffaaa8                . = ALIGN (0x4)
 *fill*         0x1fffaaa5        0x3 
                0x1fffaaa8                _ebss = .
                [!provide]                PROVIDE (end = .)

.noinit_RAM2    0x40100000        0x0
 *(SORT_BY_ALIGNMENT(.noinit.$RAM2*))
 *(SORT_BY_ALIGNMENT(.noinit.$USB_RAM*))
                0x40100000                . = ALIGN (0x4)

.noinit         0x1fffaaa8        0x0
                0x1fffaaa8                _noinit = .
 *(SORT_BY_ALIGNMENT(.noinit*))
                0x1fffaaa8                . = ALIGN (0x4)
                0x1fffaaa8                _end_noinit = .
                0x00001000                _HeapSize = 0x1000

.heap           0x1fffaaa8     0x1000
                0x1fffaaa8                _pvHeapStart = .
                0x1fffbaa8                . = (. + _HeapSize)
 *fill*         0x1fffaaa8     0x1000 
                0x1fffbaa8                . = ALIGN (0x4)
                0x1fffbaa8                _pvHeapLimit = .
                0x00001000                _StackSize = 0x1000

.heap2stackfill
                0x1fffbaa8     0x1000
                0x1fffcaa8                . = (. + _StackSize)
 *fill*         0x1fffbaa8     0x1000 

.stack          0x20011000        0x0
                0x20011000                _vStackBase = .
                0x20011000                . = ALIGN (0x4)
                0x20012000                _vStackTop = (. + _StackSize)
                0x00000000                _image_start = LOADADDR (.text)
                0x00005090                _image_end = (LOADADDR (.data) + SIZEOF (.data))
                0x00005090                _image_size = (_image_end - _image_start)
OUTPUT(MKL82Z128xxx7_Project.axf elf32-littlearm)

.debug_info     0x00000000    0x140ac
 .debug_info    0x00000000      0x94d ./startup/startup_mkl82z7.o
 .debug_info    0x0000094d      0x6cd ./source/packet_manager/packet_manager.o
 .debug_info    0x0000101a      0x6ca ./source/Supervisor/Supervisor.o
 .debug_info    0x000016e4      0xcbf ./source/Serial_Manager/Serial_Manager.o
 .debug_info    0x000023a3      0x445 ./source/Serial_Manager/Serial_Packet_FIFOs.o
 .debug_info    0x000027e8      0x3b9 ./source/Serial_Manager/base64_codec.o
 .debug_info    0x00002ba1      0x155 ./source/RadioManager/RadioManager.o
 .debug_info    0x00002cf6     0x1997 ./source/MCU_Drivers/uart/lpuart.o
 .debug_info    0x0000468d     0x181f ./source/MCU_Drivers/spi/spi.o
 .debug_info    0x00005eac      0xb76 ./source/MCU_Drivers/pit_timer/pit.o
 .debug_info    0x00006a22      0xf71 ./source/MCU_Drivers/lptmr1_timer/lptmr1.o
 .debug_info    0x00007993      0x992 ./source/MCU_Drivers/adc/adc.o
 .debug_info    0x00008325      0x4b4 ./source/Health_Manager/health_manager.o
 .debug_info    0x000087d9      0x446 ./source/FlashManager/FlashDataRWInterface/FlashDataRWInterface.o
 .debug_info    0x00008c1f     0x2cb7 ./source/External_HW_Drivers/s2lp/s2lp.o
 .debug_info    0x0000b8d6     0x128f ./source/External_HW_Drivers/mx25l128/mx25l128.o
 .debug_info    0x0000cb65      0x64e ./source/Configuration_Manager/configuration_manager.o
 .debug_info    0x0000d1b3       0xf4 ./source/CRC_tools/crc_tools.o
 .debug_info    0x0000d2a7      0x69c ./source/MKL82Z128xxx7_Project.o
 .debug_info    0x0000d943       0x52 ./source/mtb.o
 .debug_info    0x0000d995       0x3b ./source/semihost_hardfault.o
 .debug_info    0x0000d9d0     0x2658 ./drivers/fsl_clock.o
 .debug_info    0x00010028      0x8ea ./drivers/fsl_gpio.o
 .debug_info    0x00010912     0x1e61 ./drivers/fsl_lpuart.o
 .debug_info    0x00012773      0x5cc ./drivers/fsl_pit.o
 .debug_info    0x00012d3f      0x4ee ./device/system_MKL82Z7.o
 .debug_info    0x0001322d      0xe7f ./board/clock_config.o

.debug_abbrev   0x00000000     0x3be0
 .debug_abbrev  0x00000000      0x13b ./startup/startup_mkl82z7.o
 .debug_abbrev  0x0000013b      0x1aa ./source/packet_manager/packet_manager.o
 .debug_abbrev  0x000002e5      0x27c ./source/Supervisor/Supervisor.o
 .debug_abbrev  0x00000561      0x267 ./source/Serial_Manager/Serial_Manager.o
 .debug_abbrev  0x000007c8      0x1da ./source/Serial_Manager/Serial_Packet_FIFOs.o
 .debug_abbrev  0x000009a2      0x1a8 ./source/Serial_Manager/base64_codec.o
 .debug_abbrev  0x00000b4a       0xc2 ./source/RadioManager/RadioManager.o
 .debug_abbrev  0x00000c0c      0x328 ./source/MCU_Drivers/uart/lpuart.o
 .debug_abbrev  0x00000f34      0x3f3 ./source/MCU_Drivers/spi/spi.o
 .debug_abbrev  0x00001327      0x2dd ./source/MCU_Drivers/pit_timer/pit.o
 .debug_abbrev  0x00001604      0x2bb ./source/MCU_Drivers/lptmr1_timer/lptmr1.o
 .debug_abbrev  0x000018bf      0x277 ./source/MCU_Drivers/adc/adc.o
 .debug_abbrev  0x00001b36      0x172 ./source/Health_Manager/health_manager.o
 .debug_abbrev  0x00001ca8      0x186 ./source/FlashManager/FlashDataRWInterface/FlashDataRWInterface.o
 .debug_abbrev  0x00001e2e      0x42f ./source/External_HW_Drivers/s2lp/s2lp.o
 .debug_abbrev  0x0000225d      0x39c ./source/External_HW_Drivers/mx25l128/mx25l128.o
 .debug_abbrev  0x000025f9      0x1c5 ./source/Configuration_Manager/configuration_manager.o
 .debug_abbrev  0x000027be       0xb4 ./source/CRC_tools/crc_tools.o
 .debug_abbrev  0x00002872      0x14c ./source/MKL82Z128xxx7_Project.o
 .debug_abbrev  0x000029be       0x44 ./source/mtb.o
 .debug_abbrev  0x00002a02       0x2f ./source/semihost_hardfault.o
 .debug_abbrev  0x00002a31      0x4a3 ./drivers/fsl_clock.o
 .debug_abbrev  0x00002ed4      0x2a0 ./drivers/fsl_gpio.o
 .debug_abbrev  0x00003174      0x431 ./drivers/fsl_lpuart.o
 .debug_abbrev  0x000035a5      0x26e ./drivers/fsl_pit.o
 .debug_abbrev  0x00003813      0x15f ./device/system_MKL82Z7.o
 .debug_abbrev  0x00003972      0x26e ./board/clock_config.o

.debug_loc      0x00000000     0x65f3
 .debug_loc     0x00000000      0x1cc ./startup/startup_mkl82z7.o
 .debug_loc     0x000001cc      0x16a ./source/packet_manager/packet_manager.o
 .debug_loc     0x00000336       0xe0 ./source/Supervisor/Supervisor.o
 .debug_loc     0x00000416      0x2f5 ./source/Serial_Manager/Serial_Manager.o
 .debug_loc     0x0000070b      0x172 ./source/Serial_Manager/Serial_Packet_FIFOs.o
 .debug_loc     0x0000087d      0x52d ./source/Serial_Manager/base64_codec.o
 .debug_loc     0x00000daa      0x1e3 ./source/MCU_Drivers/uart/lpuart.o
 .debug_loc     0x00000f8d      0x5ab ./source/MCU_Drivers/spi/spi.o
 .debug_loc     0x00001538      0x177 ./source/MCU_Drivers/pit_timer/pit.o
 .debug_loc     0x000016af      0x131 ./source/MCU_Drivers/lptmr1_timer/lptmr1.o
 .debug_loc     0x000017e0      0x113 ./source/MCU_Drivers/adc/adc.o
 .debug_loc     0x000018f3      0x1cd ./source/Health_Manager/health_manager.o
 .debug_loc     0x00001ac0      0x321 ./source/FlashManager/FlashDataRWInterface/FlashDataRWInterface.o
 .debug_loc     0x00001de1      0xf40 ./source/External_HW_Drivers/s2lp/s2lp.o
 .debug_loc     0x00002d21      0x293 ./source/External_HW_Drivers/mx25l128/mx25l128.o
 .debug_loc     0x00002fb4      0x2a2 ./source/Configuration_Manager/configuration_manager.o
 .debug_loc     0x00003256       0xd5 ./source/CRC_tools/crc_tools.o
 .debug_loc     0x0000332b     0x132a ./drivers/fsl_clock.o
 .debug_loc     0x00004655      0x64e ./drivers/fsl_gpio.o
 .debug_loc     0x00004ca3     0x15bf ./drivers/fsl_lpuart.o
 .debug_loc     0x00006262      0x23c ./drivers/fsl_pit.o
 .debug_loc     0x0000649e       0xa3 ./device/system_MKL82Z7.o
 .debug_loc     0x00006541       0xb2 ./board/clock_config.o

.debug_aranges  0x00000000      0xd28
 .debug_aranges
                0x00000000      0x240 ./startup/startup_mkl82z7.o
 .debug_aranges
                0x00000240       0x40 ./source/packet_manager/packet_manager.o
 .debug_aranges
                0x00000280       0x40 ./source/Supervisor/Supervisor.o
 .debug_aranges
                0x000002c0       0x48 ./source/Serial_Manager/Serial_Manager.o
 .debug_aranges
                0x00000308       0x58 ./source/Serial_Manager/Serial_Packet_FIFOs.o
 .debug_aranges
                0x00000360       0x50 ./source/Serial_Manager/base64_codec.o
 .debug_aranges
                0x000003b0       0x30 ./source/RadioManager/RadioManager.o
 .debug_aranges
                0x000003e0       0x58 ./source/MCU_Drivers/uart/lpuart.o
 .debug_aranges
                0x00000438       0x90 ./source/MCU_Drivers/spi/spi.o
 .debug_aranges
                0x000004c8       0x48 ./source/MCU_Drivers/pit_timer/pit.o
 .debug_aranges
                0x00000510       0x60 ./source/MCU_Drivers/lptmr1_timer/lptmr1.o
 .debug_aranges
                0x00000570       0x70 ./source/MCU_Drivers/adc/adc.o
 .debug_aranges
                0x000005e0       0x50 ./source/Health_Manager/health_manager.o
 .debug_aranges
                0x00000630       0x40 ./source/FlashManager/FlashDataRWInterface/FlashDataRWInterface.o
 .debug_aranges
                0x00000670      0x188 ./source/External_HW_Drivers/s2lp/s2lp.o
 .debug_aranges
                0x000007f8       0xb8 ./source/External_HW_Drivers/mx25l128/mx25l128.o
 .debug_aranges
                0x000008b0       0x70 ./source/Configuration_Manager/configuration_manager.o
 .debug_aranges
                0x00000920       0x28 ./source/CRC_tools/crc_tools.o
 .debug_aranges
                0x00000948       0x20 ./source/MKL82Z128xxx7_Project.o
 .debug_aranges
                0x00000968       0x18 ./source/mtb.o
 .debug_aranges
                0x00000980       0x20 ./source/semihost_hardfault.o
 .debug_aranges
                0x000009a0      0x1a0 ./drivers/fsl_clock.o
 .debug_aranges
                0x00000b40       0x58 ./drivers/fsl_gpio.o
 .debug_aranges
                0x00000b98       0xf8 ./drivers/fsl_lpuart.o
 .debug_aranges
                0x00000c90       0x38 ./drivers/fsl_pit.o
 .debug_aranges
                0x00000cc8       0x30 ./device/system_MKL82Z7.o
 .debug_aranges
                0x00000cf8       0x30 ./board/clock_config.o

.debug_ranges   0x00000000     0x12a8
 .debug_ranges  0x00000000      0x230 ./startup/startup_mkl82z7.o
 .debug_ranges  0x00000230       0x30 ./source/packet_manager/packet_manager.o
 .debug_ranges  0x00000260       0xa0 ./source/Supervisor/Supervisor.o
 .debug_ranges  0x00000300       0x50 ./source/Serial_Manager/Serial_Manager.o
 .debug_ranges  0x00000350       0x48 ./source/Serial_Manager/Serial_Packet_FIFOs.o
 .debug_ranges  0x00000398       0x40 ./source/Serial_Manager/base64_codec.o
 .debug_ranges  0x000003d8       0x20 ./source/RadioManager/RadioManager.o
 .debug_ranges  0x000003f8      0x108 ./source/MCU_Drivers/uart/lpuart.o
 .debug_ranges  0x00000500      0x1e8 ./source/MCU_Drivers/spi/spi.o
 .debug_ranges  0x000006e8       0xc8 ./source/MCU_Drivers/pit_timer/pit.o
 .debug_ranges  0x000007b0       0xc0 ./source/MCU_Drivers/lptmr1_timer/lptmr1.o
 .debug_ranges  0x00000870       0x90 ./source/MCU_Drivers/adc/adc.o
 .debug_ranges  0x00000900       0x40 ./source/Health_Manager/health_manager.o
 .debug_ranges  0x00000940       0x30 ./source/FlashManager/FlashDataRWInterface/FlashDataRWInterface.o
 .debug_ranges  0x00000970      0x208 ./source/External_HW_Drivers/s2lp/s2lp.o
 .debug_ranges  0x00000b78       0xe8 ./source/External_HW_Drivers/mx25l128/mx25l128.o
 .debug_ranges  0x00000c60       0x60 ./source/Configuration_Manager/configuration_manager.o
 .debug_ranges  0x00000cc0       0x18 ./source/CRC_tools/crc_tools.o
 .debug_ranges  0x00000cd8       0x10 ./source/MKL82Z128xxx7_Project.o
 .debug_ranges  0x00000ce8       0x10 ./source/semihost_hardfault.o
 .debug_ranges  0x00000cf8      0x268 ./drivers/fsl_clock.o
 .debug_ranges  0x00000f60       0x78 ./drivers/fsl_gpio.o
 .debug_ranges  0x00000fd8      0x178 ./drivers/fsl_lpuart.o
 .debug_ranges  0x00001150       0x40 ./drivers/fsl_pit.o
 .debug_ranges  0x00001190       0x20 ./device/system_MKL82Z7.o
 .debug_ranges  0x000011b0       0xf8 ./board/clock_config.o

.debug_macro    0x00000000     0x2890
 .debug_macro   0x00000000       0x29 ./startup/startup_mkl82z7.o
 .debug_macro   0x00000029       0xb0 ./source/packet_manager/packet_manager.o
 .debug_macro   0x000000d9       0x2e ./source/packet_manager/packet_manager.o
 .debug_macro   0x00000107       0x40 ./source/packet_manager/packet_manager.o
 .debug_macro   0x00000147       0x1c ./source/packet_manager/packet_manager.o
 .debug_macro   0x00000163       0x10 ./source/packet_manager/packet_manager.o
 .debug_macro   0x00000173       0x16 ./source/packet_manager/packet_manager.o
 .debug_macro   0x00000189       0x16 ./source/packet_manager/packet_manager.o
 .debug_macro   0x0000019f       0x16 ./source/packet_manager/packet_manager.o
 .debug_macro   0x000001b5       0x16 ./source/packet_manager/packet_manager.o
 .debug_macro   0x000001cb       0x16 ./source/packet_manager/packet_manager.o
 .debug_macro   0x000001e1       0x76 ./source/packet_manager/packet_manager.o
 .debug_macro   0x00000257       0x40 ./source/packet_manager/packet_manager.o
 .debug_macro   0x00000297       0x28 ./source/packet_manager/packet_manager.o
 .debug_macro   0x000002bf       0x10 ./source/packet_manager/packet_manager.o
 .debug_macro   0x000002cf      0x12c ./source/Supervisor/Supervisor.o
 .debug_macro   0x000003fb       0x1c ./source/Supervisor/Supervisor.o
 .debug_macro   0x00000417       0x22 ./source/Supervisor/Supervisor.o
 .debug_macro   0x00000439       0x10 ./source/Supervisor/Supervisor.o
 .debug_macro   0x00000449       0x10 ./source/Supervisor/Supervisor.o
 .debug_macro   0x00000459      0x1b8 ./source/Serial_Manager/Serial_Manager.o
 .debug_macro   0x00000611       0x22 ./source/Serial_Manager/Serial_Manager.o
 .debug_macro   0x00000633       0x46 ./source/Serial_Manager/Serial_Manager.o
 .debug_macro   0x00000679       0x1c ./source/Serial_Manager/Serial_Manager.o
 .debug_macro   0x00000695       0x1c ./source/Serial_Manager/Serial_Manager.o
 .debug_macro   0x000006b1       0x16 ./source/Serial_Manager/Serial_Manager.o
 .debug_macro   0x000006c7      0x213 ./source/Serial_Manager/Serial_Manager.o
 .debug_macro   0x000008da       0x64 ./source/Serial_Manager/Serial_Packet_FIFOs.o
 .debug_macro   0x0000093e       0x16 ./source/Serial_Manager/Serial_Packet_FIFOs.o
 .debug_macro   0x00000954       0x38 ./source/Serial_Manager/base64_codec.o
 .debug_macro   0x0000098c       0x45 ./source/RadioManager/RadioManager.o
 .debug_macro   0x000009d1      0x3dc ./source/RadioManager/RadioManager.o
 .debug_macro   0x00000dad      0x165 ./source/MCU_Drivers/uart/lpuart.o
 .debug_macro   0x00000f12      0x158 ./source/MCU_Drivers/spi/spi.o
 .debug_macro   0x0000106a       0x8e ./source/MCU_Drivers/spi/spi.o
 .debug_macro   0x000010f8       0x22 ./source/MCU_Drivers/spi/spi.o
 .debug_macro   0x0000111a       0x34 ./source/MCU_Drivers/spi/spi.o
 .debug_macro   0x0000114e      0x128 ./source/MCU_Drivers/pit_timer/pit.o
 .debug_macro   0x00001276      0x136 ./source/MCU_Drivers/lptmr1_timer/lptmr1.o
 .debug_macro   0x000013ac       0x10 ./source/MCU_Drivers/lptmr1_timer/lptmr1.o
 .debug_macro   0x000013bc      0x123 ./source/MCU_Drivers/adc/adc.o
 .debug_macro   0x000014df       0x22 ./source/MCU_Drivers/adc/adc.o
 .debug_macro   0x00001501       0xac ./source/Health_Manager/health_manager.o
 .debug_macro   0x000015ad      0x14c ./source/FlashManager/FlashDataRWInterface/FlashDataRWInterface.o
 .debug_macro   0x000016f9       0x22 ./source/FlashManager/FlashDataRWInterface/FlashDataRWInterface.o
 .debug_macro   0x0000171b      0x14b ./source/External_HW_Drivers/s2lp/s2lp.o
 .debug_macro   0x00001866      0x3d6 ./source/External_HW_Drivers/s2lp/s2lp.o
 .debug_macro   0x00001c3c      0x14f ./source/External_HW_Drivers/mx25l128/mx25l128.o
 .debug_macro   0x00001d8b       0xbb ./source/Configuration_Manager/configuration_manager.o
 .debug_macro   0x00001e46       0x1c ./source/Configuration_Manager/configuration_manager.o
 .debug_macro   0x00001e62       0x33 ./source/CRC_tools/crc_tools.o
 .debug_macro   0x00001e95      0x250 ./source/MKL82Z128xxx7_Project.o
 .debug_macro   0x000020e5       0x2f ./source/mtb.o
 .debug_macro   0x00002114       0x82 ./source/mtb.o
 .debug_macro   0x00002196       0x10 ./source/mtb.o
 .debug_macro   0x000021a6       0x11 ./source/semihost_hardfault.o
 .debug_macro   0x000021b7      0x1dc ./drivers/fsl_clock.o
 .debug_macro   0x00002393      0x108 ./drivers/fsl_gpio.o
 .debug_macro   0x0000249b      0x107 ./drivers/fsl_lpuart.o
 .debug_macro   0x000025a2       0x16 ./drivers/fsl_lpuart.o
 .debug_macro   0x000025b8      0x108 ./drivers/fsl_pit.o
 .debug_macro   0x000026c0       0x97 ./device/system_MKL82Z7.o
 .debug_macro   0x00002757      0x139 ./board/clock_config.o

.debug_line     0x00000000     0x6f80
 .debug_line    0x00000000      0x17d ./startup/startup_mkl82z7.o
 .debug_line    0x0000017d      0x414 ./source/packet_manager/packet_manager.o
 .debug_line    0x00000591      0x399 ./source/Supervisor/Supervisor.o
 .debug_line    0x0000092a      0x515 ./source/Serial_Manager/Serial_Manager.o
 .debug_line    0x00000e3f      0x319 ./source/Serial_Manager/Serial_Packet_FIFOs.o
 .debug_line    0x00001158      0x1bb ./source/Serial_Manager/base64_codec.o
 .debug_line    0x00001313      0x13b ./source/RadioManager/RadioManager.o
 .debug_line    0x0000144e      0x47d ./source/MCU_Drivers/uart/lpuart.o
 .debug_line    0x000018cb      0x644 ./source/MCU_Drivers/spi/spi.o
 .debug_line    0x00001f0f      0x3bf ./source/MCU_Drivers/pit_timer/pit.o
 .debug_line    0x000022ce      0x3f7 ./source/MCU_Drivers/lptmr1_timer/lptmr1.o
 .debug_line    0x000026c5      0x3ef ./source/MCU_Drivers/adc/adc.o
 .debug_line    0x00002ab4      0x3f8 ./source/Health_Manager/health_manager.o
 .debug_line    0x00002eac      0x43a ./source/FlashManager/FlashDataRWInterface/FlashDataRWInterface.o
 .debug_line    0x000032e6      0x95e ./source/External_HW_Drivers/s2lp/s2lp.o
 .debug_line    0x00003c44      0x5e8 ./source/External_HW_Drivers/mx25l128/mx25l128.o
 .debug_line    0x0000422c      0x4ba ./source/Configuration_Manager/configuration_manager.o
 .debug_line    0x000046e6       0x9a ./source/CRC_tools/crc_tools.o
 .debug_line    0x00004780      0x6f9 ./source/MKL82Z128xxx7_Project.o
 .debug_line    0x00004e79       0xd1 ./source/mtb.o
 .debug_line    0x00004f4a       0x50 ./source/semihost_hardfault.o
 .debug_line    0x00004f9a      0xa6c ./drivers/fsl_clock.o
 .debug_line    0x00005a06      0x364 ./drivers/fsl_gpio.o
 .debug_line    0x00005d6a      0x8bb ./drivers/fsl_lpuart.o
 .debug_line    0x00006625      0x302 ./drivers/fsl_pit.o
 .debug_line    0x00006927      0x2a9 ./device/system_MKL82Z7.o
 .debug_line    0x00006bd0      0x3b0 ./board/clock_config.o

.debug_str      0x00000000    0x72597
 .debug_str     0x00000000     0x32ef ./startup/startup_mkl82z7.o
                               0x339c (size before relaxing)
 .debug_str     0x000032ef      0xdce ./source/packet_manager/packet_manager.o
                               0x3b42 (size before relaxing)
 .debug_str     0x000040bd    0x65ff9 ./source/Supervisor/Supervisor.o
                              0x69116 (size before relaxing)
 .debug_str     0x0006a0b6     0x217a ./source/Serial_Manager/Serial_Manager.o
                              0x6ae4e (size before relaxing)
 .debug_str     0x0006c230      0x10f ./source/Serial_Manager/Serial_Packet_FIFOs.o
                               0x3723 (size before relaxing)